<html>
<body>
<pre>
<h1>µVision Build Log</h1>
<h2>Tool Versions:</h2>
IDE-Version: ¦ÌVision V5.43.1.0
Copyright (C) 2025 ARM Ltd and ARM Germany GmbH. All rights reserved.
License Information: firefly luo, 11111, LIC=X96CK-ZQZVI-TG07T-RX7GG-M33TV-10M1B
 
Tool Versions:
Toolchain:       MDK-ARM Plus  Version: 5.43.0.0
Toolchain Path:  D:\APP\Keil_v5\ARM\ARMCLANG\Bin
C Compiler:      ArmClang.exe V6.24
Assembler:       Armasm.exe V6.24
Linker/Locator:  ArmLink.exe V6.24
Library Manager: ArmAr.exe V6.24
Hex Converter:   FromElf.exe V6.24
CPU DLL:         SARMCM3.DLL V5.43.0.0
Dialog DLL:      DCM.DLL V1.17.5.0
Target DLL:      CMSIS_AGDI.dll V1.33.24.0
Dialog DLL:      TCM.DLL V1.56.6.0
 
<h2>Project:</h2>
D:\Desktop\Ad Hoc Network\PY32f403_dome\mavlink_osal project\Project\MDK-ARM\PY32F403_Project.uvprojx
Project File Date:  12/18/2025

<h2>Output:</h2>
*** Using Compiler 'V6.24', folder: 'D:\APP\Keil_v5\ARM\ARMCLANG\Bin'
Build target 'Target 1'
compiling board.c...
linking...
Program Size: Code=23030 RO-data=2430 RW-data=20 ZI-data=18652  
FromELF: creating hex file...
".\Objects\PY32F403_Project.axf" - 0 Error(s), 0 Warning(s).

<h2>Software Packages used:</h2>

Package Vendor: Puya
                https://www.puyasemi.com/uploadfiles/Puya.PY32F4xx_DFP.1.0.1.pack
                Puya::PY32F4xx_DFP@1.0.1
                Puya PY32F4 Series Device Support

<h2>Collection of Component include folders:</h2>
  D:/APP/Keil_v5/ARM/PACK/Puya/PY32F4xx_DFP/1.0.1/Drivers/CMSIS/Device/PUYA/PY32F4xx/Include

<h2>Collection of Component Files used:</h2>
Build Time Elapsed:  00:00:01
</pre>
</body>
</html>
