Component: Arm Compiler for Embedded 6.24 Tool: armlink [5f371500]

==============================================================================

Section Cross References

    main.o(.text.main) refers to py32f403_hal.o(.text.HAL_Init) for HAL_Init
    main.o(.text.main) refers to main.o(.text.SystemClockConfig) for SystemClockConfig
    main.o(.text.main) refers to osal_main.o(.text.osal_main) for osal_main
    main.o(.ARM.exidx.text.main) refers to main.o(.text.main) for [Anonymous Symbol]
    main.o(.text.SystemClockConfig) refers to memseta.o(.text) for __aeabi_memclr4
    main.o(.text.SystemClockConfig) refers to py32f403_hal_rcc.o(.text.HAL_RCC_OscConfig) for HAL_RCC_OscConfig
    main.o(.text.SystemClockConfig) refers to main.o(.text.APP_ErrorHandler) for APP_ErrorHandler
    main.o(.text.SystemClockConfig) refers to py32f403_hal_rcc.o(.text.HAL_RCC_ClockConfig) for HAL_RCC_ClockConfig
    main.o(.ARM.exidx.text.SystemClockConfig) refers to main.o(.text.SystemClockConfig) for [Anonymous Symbol]
    main.o(.ARM.exidx.text.APP_ErrorHandler) refers to main.o(.text.APP_ErrorHandler) for [Anonymous Symbol]
    osal_main.o(.text.osal_main) refers to board.o(.text.board_init) for board_init
    osal_main.o(.text.osal_main) refers to drv_i2c.o(.text.I2C2_ScanDevices) for I2C2_ScanDevices
    osal_main.o(.text.osal_main) refers to osal.o(.text.osal_init_system) for osal_init_system
    osal_main.o(.text.osal_main) refers to led_task.o(.text.led_task_init) for led_task_init
    osal_main.o(.text.osal_main) refers to led_task.o(.text.led_task_event_process) for led_task_event_process
    osal_main.o(.text.osal_main) refers to osal_event.o(.text.osal_add_Task) for osal_add_Task
    osal_main.o(.text.osal_main) refers to print_task.o(.text.print_task_init) for print_task_init
    osal_main.o(.text.osal_main) refers to print_task.o(.text.print_task_event_process) for print_task_event_process
    osal_main.o(.text.osal_main) refers to sensor_task.o(.text.sensor_task_init) for sensor_task_init
    osal_main.o(.text.osal_main) refers to sensor_task.o(.text.sensor_task_event_process) for sensor_task_event_process
    osal_main.o(.text.osal_main) refers to osal_event.o(.text.osal_Task_init) for osal_Task_init
    osal_main.o(.text.osal_main) refers to osal_memory.o(.text.osal_mem_kick) for osal_mem_kick
    osal_main.o(.text.osal_main) refers to osal.o(.text.osal_start_system) for osal_start_system
    osal_main.o(.ARM.exidx.text.osal_main) refers to osal_main.o(.text.osal_main) for [Anonymous Symbol]
    board.o(.text.board_init) refers to drv_gpio.o(.text.gpio_init) for gpio_init
    board.o(.text.board_init) refers to drv_gpio.o(.text.gpio_mode) for gpio_mode
    board.o(.text.board_init) refers to board.o(.data.log_uart_instance) for log_uart_instance
    board.o(.text.board_init) refers to drv_uart.o(.text.uart_init) for uart_init
    board.o(.text.board_init) refers to drv_uart.o(.text.uart_dma_start_rx) for uart_dma_start_rx
    board.o(.text.board_init) refers to drv_i2c.o(.text.MX_I2C2_Init) for MX_I2C2_Init
    board.o(.ARM.exidx.text.board_init) refers to board.o(.text.board_init) for [Anonymous Symbol]
    board.o(.text.fputc) refers to board.o(.data.log_uart_instance) for log_uart_instance
    board.o(.text.fputc) refers to drv_uart.o(.text.uart_send) for uart_send
    board.o(.ARM.exidx.text.fputc) refers to board.o(.text.fputc) for [Anonymous Symbol]
    board.o(.text.fgetc) refers to board.o(.data.log_uart_instance) for log_uart_instance
    board.o(.text.fgetc) refers to drv_uart.o(.text.uart_receive) for uart_receive
    board.o(.ARM.exidx.text.fgetc) refers to board.o(.text.fgetc) for [Anonymous Symbol]
    py32f403_hal_msp.o(.ARM.exidx.text.HAL_MspInit) refers to py32f403_hal_msp.o(.text.HAL_MspInit) for [Anonymous Symbol]
    py32f403_hal_msp.o(.text.HAL_UART_MspInit) refers to py32f403_hal_gpio.o(.text.HAL_GPIO_Init) for HAL_GPIO_Init
    py32f403_hal_msp.o(.ARM.exidx.text.HAL_UART_MspInit) refers to py32f403_hal_msp.o(.text.HAL_UART_MspInit) for [Anonymous Symbol]
    py32f403_hal_msp.o(.text.HAL_I2C_MspInit) refers to py32f403_hal_gpio.o(.text.HAL_GPIO_Init) for HAL_GPIO_Init
    py32f403_hal_msp.o(.ARM.exidx.text.HAL_I2C_MspInit) refers to py32f403_hal_msp.o(.text.HAL_I2C_MspInit) for [Anonymous Symbol]
    py32f403_hal_msp.o(.text.HAL_I2C_MspDeInit) refers to py32f403_hal_gpio.o(.text.HAL_GPIO_DeInit) for HAL_GPIO_DeInit
    py32f403_hal_msp.o(.ARM.exidx.text.HAL_I2C_MspDeInit) refers to py32f403_hal_msp.o(.text.HAL_I2C_MspDeInit) for [Anonymous Symbol]
    py32f403_it.o(.ARM.exidx.text.NMI_Handler) refers to py32f403_it.o(.text.NMI_Handler) for [Anonymous Symbol]
    py32f403_it.o(.ARM.exidx.text.HardFault_Handler) refers to py32f403_it.o(.text.HardFault_Handler) for [Anonymous Symbol]
    py32f403_it.o(.ARM.exidx.text.MemManage_Handler) refers to py32f403_it.o(.text.MemManage_Handler) for [Anonymous Symbol]
[...]
    [Anonymous Symbol]                       0x0800a9f4   Section        0  data_protocol.o(.rodata.get_base64_table.table)
    gpio_pins                                0x0800aa38   Data        1280  drv_gpio.o(.rodata.gpio_pins)
    [Anonymous Symbol]                       0x0800aa38   Section        0  drv_gpio.o(.rodata.gpio_pins)
    .L.str                                   0x0800af50   Data          43  print_task.o(.rodata.str1.1)
    [Anonymous Symbol]                       0x0800af50   Section        0  print_task.o(.rodata.str1.1)
    .L.str.1                                 0x0800af7b   Data           3  print_task.o(.rodata.str1.1)
    .L.str.3                                 0x0800af7e   Data          16  print_task.o(.rodata.str1.1)
    .L.str.4                                 0x0800af8e   Data          18  print_task.o(.rodata.str1.1)
    .L.str                                   0x0800afa0   Data          52  sensor_task.o(.rodata.str1.1)
    [Anonymous Symbol]                       0x0800afa0   Section        0  sensor_task.o(.rodata.str1.1)
    .L.str.2                                 0x0800afd2   Data           2  sensor_task.o(.rodata.str1.1)
    .L.str.4                                 0x0800afd2   Data           2  sensor_task.o(.rodata.str1.1)
    .L.str                                   0x0800afd4   Data           8  drv_gpio.o(.rodata.str1.1)
    [Anonymous Symbol]                       0x0800afd4   Section        0  drv_gpio.o(.rodata.str1.1)
    .L.str                                   0x0800b13a   Data          15  drv_i2c.o(.rodata.str1.1)
    [Anonymous Symbol]                       0x0800b13a   Section        0  drv_i2c.o(.rodata.str1.1)
    .L.str.3                                 0x0800b149   Data           8  drv_i2c.o(.rodata.str1.1)
    .L.str.2                                 0x0800b151   Data          22  drv_i2c.o(.rodata.str1.1)
    .L.str.1                                 0x0800b167   Data           8  drv_i2c.o(.rodata.str1.1)
    uart_bases                               0x0800b170   Data          20  drv_uart.o(.rodata.uart_bases)
    [Anonymous Symbol]                       0x0800b170   Section        0  drv_uart.o(.rodata.uart_bases)
    uart_dma_rx_channel_map                  0x0800b184   Data          20  drv_uart.o(.rodata.uart_dma_rx_channel_map)
    [Anonymous Symbol]                       0x0800b184   Section        0  drv_uart.o(.rodata.uart_dma_rx_channel_map)
    uart_dma_rx_channels                     0x0800b198   Data          20  drv_uart.o(.rodata.uart_dma_rx_channels)
    [Anonymous Symbol]                       0x0800b198   Section        0  drv_uart.o(.rodata.uart_dma_rx_channels)
    uart_dma_tx_channel_map                  0x0800b1ac   Data          20  drv_uart.o(.rodata.uart_dma_tx_channel_map)
    [Anonymous Symbol]                       0x0800b1ac   Section        0  drv_uart.o(.rodata.uart_dma_tx_channel_map)
    uart_dma_tx_channels                     0x0800b1c0   Data          20  drv_uart.o(.rodata.uart_dma_tx_channels)
    [Anonymous Symbol]                       0x0800b1c0   Section        0  drv_uart.o(.rodata.uart_dma_tx_channels)
    uart_irqs                                0x0800b1d4   Data           5  drv_uart.o(.rodata.uart_irqs)
    [Anonymous Symbol]                       0x0800b1d4   Section        0  drv_uart.o(.rodata.uart_irqs)
    .data                                    0x20000000   Section        4  stdout.o(.data)
    .data                                    0x20000004   Section        4  mvars.o(.data)
    .data                                    0x20000008   Section        4  mvars.o(.data)
    _errno                                   0x2000000c   Data           4  errno.o(.data)
    .data                                    0x2000000c   Section        4  errno.o(.data)
    theHeap                                  0x20000018   Data           4  osal_memory.o(.data.theHeap)
    [Anonymous Symbol]                       0x20000018   Section        0  osal_memory.o(.data.theHeap)
    _theHeap                                 0x20000034   Data        8192  osal_memory.o(.bss._theHeap)
    [Anonymous Symbol]                       0x20000034   Section        0  osal_memory.o(.bss._theHeap)
    base64_decode.decode_table               0x2000212c   Data         256  data_protocol.o(.bss.base64_decode.decode_table)
    [Anonymous Symbol]                       0x2000212c   Section        0  data_protocol.o(.bss.base64_decode.decode_table)
    base64_decode.initialized                0x2000222c   Data           1  data_protocol.o(.bss.base64_decode.initialized)
    [Anonymous Symbol]                       0x2000222c   Section        0  data_protocol.o(.bss.base64_decode.initialized)
    blkCnt                                   0x2000222e   Data           2  osal_memory.o(.bss.blkCnt)
    [Anonymous Symbol]                       0x2000222e   Section        0  osal_memory.o(.bss.blkCnt)
    blkFree                                  0x20002230   Data           2  osal_memory.o(.bss.blkFree)
    [Anonymous Symbol]                       0x20002230   Section        0  osal_memory.o(.bss.blkFree)
    blkMax                                   0x20002232   Data           2  osal_memory.o(.bss.blkMax)
    [Anonymous Symbol]                       0x20002232   Section        0  osal_memory.o(.bss.blkMax)
    ctx                                      0x20002234   Data          20  qmi8658a_driver.o(.bss.ctx)
    [Anonymous Symbol]                       0x20002234   Section        0  qmi8658a_driver.o(.bss.ctx)
    data_sequence                            0x20002248   Data           1  sensor_task.o(.bss.data_sequence)
    [Anonymous Symbol]                       0x20002248   Section        0  sensor_task.o(.bss.data_sequence)
    ff1                                      0x2000224c   Data           4  osal_memory.o(.bss.ff1)
    [Anonymous Symbol]                       0x2000224c   Section        0  osal_memory.o(.bss.ff1)
    ff2                                      0x20002250   Data           4  osal_memory.o(.bss.ff2)
    [Anonymous Symbol]                       0x20002250   Section        0  osal_memory.o(.bss.ff2)
    gpio_irq_handlers                        0x20002254   Data         256  drv_gpio.o(.bss.gpio_irq_handlers)
    [Anonymous Symbol]                       0x20002254   Section        0  drv_gpio.o(.bss.gpio_irq_handlers)
    i2c_devices                              0x2000241c   Data         256  drv_i2c.o(.bss.i2c_devices)
    [Anonymous Symbol]                       0x2000241c   Section        0  drv_i2c.o(.bss.i2c_devices)
    memAlo                                   0x2000352a   Data           2  osal_memory.o(.bss.memAlo)
    [Anonymous Symbol]                       0x2000352a   Section        0  osal_memory.o(.bss.memAlo)
    memMax                                   0x2000352c   Data           2  osal_memory.o(.bss.memMax)
    [Anonymous Symbol]                       0x2000352c   Section        0  osal_memory.o(.bss.memMax)
    osal_systemClock                         0x20003534   Data           4  osal_timer.o(.bss.osal_systemClock)
    [Anonymous Symbol]                       0x20003534   Section        0  osal_timer.o(.bss.osal_systemClock)
    parse_frame.decode_table                 0x20003538   Data         256  data_protocol.o(.bss.parse_frame.decode_table)
    [Anonymous Symbol]                       0x20003538   Section        0  data_protocol.o(.bss.parse_frame.decode_table)
    parse_frame.initialized                  0x20003638   Data           1  data_protocol.o(.bss.parse_frame.initialized)
    [Anonymous Symbol]                       0x20003638   Section        0  data_protocol.o(.bss.parse_frame.initialized)
    ready                                    0x2000363a   Data           1  osal_memory.o(.bss.ready)
    [Anonymous Symbol]                       0x2000363a   Section        0  osal_memory.o(.bss.ready)
    uart_cmd_buffer                          0x20003645   Data         512  print_task.o(.bss.uart_cmd_buffer)
    [Anonymous Symbol]                       0x20003645   Section        0  print_task.o(.bss.uart_cmd_buffer)
    uart_cmd_index                           0x20003846   Data           2  print_task.o(.bss.uart_cmd_index)
    [Anonymous Symbol]                       0x20003846   Section        0  print_task.o(.bss.uart_cmd_index)
    uart_devices                             0x20003848   Data        6660  drv_uart.o(.bss.uart_devices)
    [Anonymous Symbol]                       0x20003848   Section        0  drv_uart.o(.bss.uart_devices)
    HEAP                                     0x20005250   Section     4096  startup_py32f403xx.o(HEAP)
    STACK                                    0x20006250   Section     4096  startup_py32f403xx.o(STACK)

    Global Symbols

    Symbol Name                              Value     Ov Type        Size  Object(Section)

    BuildAttributes$$THM_ISAv4$E$P$D$K$B$S$7EM$VFPi3$EXTD16$VFPS$VFMA$PE$A:L22UL41UL21$X:L11$S22US41US21$IEEE1$IW$~IW$USESV6$~STKCKD$USESV7$~SHL$OTIME$ROPI$IEEEJ$EBA8$MICROLIB$REQ8$PRES8$EABIv2 0x00000000   Number         0  anon$$obj.o ABSOLUTE
    __cpp_initialize__aeabi_                  - Undefined Weak Reference
    __cxa_finalize                            - Undefined Weak Reference
    __decompress                              - Undefined Weak Reference
    _clock_init                               - Undefined Weak Reference
    _microlib_exit                            - Undefined Weak Reference
    __Vectors_Size                           0x00000130   Number         0  startup_py32f403xx.o ABSOLUTE
    __Vectors                                0x08000000   Data           4  startup_py32f403xx.o(RESET)
    __Vectors_End                            0x08000130   Data           0  startup_py32f403xx.o(RESET)
    __main                                   0x08000131   Thumb Code     0  entry.o(.ARM.Collect$$$$00000000)
    _main_stk                                0x08000131   Thumb Code     0  entry2.o(.ARM.Collect$$$$00000001)
    _main_scatterload                        0x08000135   Thumb Code     0  entry5.o(.ARM.Collect$$$$00000004)
    __main_after_scatterload                 0x08000139   Thumb Code     0  entry5.o(.ARM.Collect$$$$00000004)
    _main_clock                              0x08000139   Thumb Code     0  entry7b.o(.ARM.Collect$$$$00000008)
    _main_cpp_init                           0x08000139   Thumb Code     0  entry8b.o(.ARM.Collect$$$$0000000A)
    _main_init                               0x08000139   Thumb Code     0  entry9a.o(.ARM.Collect$$$$0000000B)
    __rt_final_cpp                           0x08000141   Thumb Code     0  entry10a.o(.ARM.Collect$$$$0000000D)
    __rt_final_exit                          0x08000141   Thumb Code     0  entry11a.o(.ARM.Collect$$$$0000000F)
    Reset_Handler                            0x08000145   Thumb Code    26  startup_py32f403xx.o(.text)
    ADC1_2_IRQHandler                        0x08000171   Thumb Code     0  startup_py32f403xx.o(.text)
    ADC3_IRQHandler                          0x08000171   Thumb Code     0  startup_py32f403xx.o(.text)
    CAN1_RX1_IRQHandler                      0x08000171   Thumb Code     0  startup_py32f403xx.o(.text)
    CAN1_SCE_IRQHandler                      0x08000171   Thumb Code     0  startup_py32f403xx.o(.text)
    DMA1_Channel3_IRQHandler                 0x08000171   Thumb Code     0  startup_py32f403xx.o(.text)
    DMA1_Channel4_IRQHandler                 0x08000171   Thumb Code     0  startup_py32f403xx.o(.text)
    DMA1_Channel5_IRQHandler                 0x08000171   Thumb Code     0  startup_py32f403xx.o(.text)
    DMA1_Channel6_IRQHandler                 0x08000171   Thumb Code     0  startup_py32f403xx.o(.text)
    DMA1_Channel7_IRQHandler                 0x08000171   Thumb Code     0  startup_py32f403xx.o(.text)
    DMA2_Channel2_IRQHandler                 0x08000171   Thumb Code     0  startup_py32f403xx.o(.text)
    DMA2_Channel3_IRQHandler                 0x08000171   Thumb Code     0  startup_py32f403xx.o(.text)
    DMA2_Channel4_5_IRQHandler               0x08000171   Thumb Code     0  startup_py32f403xx.o(.text)
    ESMC_IRQHandler                          0x08000171   Thumb Code     0  startup_py32f403xx.o(.text)
    FLASH_IRQHandler                         0x08000171   Thumb Code     0  startup_py32f403xx.o(.text)
    PVD_IRQHandler                           0x08000171   Thumb Code     0  startup_py32f403xx.o(.text)
    RCC_CTC_IRQHandler                       0x08000171   Thumb Code     0  startup_py32f403xx.o(.text)
    RTC_Alarm_IRQHandler                     0x08000171   Thumb Code     0  startup_py32f403xx.o(.text)
    RTC_IRQHandler                           0x08000171   Thumb Code     0  startup_py32f403xx.o(.text)
    SDIO_IRQHandler                          0x08000171   Thumb Code     0  startup_py32f403xx.o(.text)
    SPI1_IRQHandler                          0x08000171   Thumb Code     0  startup_py32f403xx.o(.text)
    SPI2_IRQHandler                          0x08000171   Thumb Code     0  startup_py32f403xx.o(.text)
    SPI3_IRQHandler                          0x08000171   Thumb Code     0  startup_py32f403xx.o(.text)
    TAMPER_IRQHandler                        0x08000171   Thumb Code     0  startup_py32f403xx.o(.text)
    TIM1_BRK_TIM9_IRQHandler                 0x08000171   Thumb Code     0  startup_py32f403xx.o(.text)
    TIM1_CC_IRQHandler                       0x08000171   Thumb Code     0  startup_py32f403xx.o(.text)
    TIM1_TRG_COM_TIM11_IRQHandler            0x08000171   Thumb Code     0  startup_py32f403xx.o(.text)
    TIM1_UP_TIM10_IRQHandler                 0x08000171   Thumb Code     0  startup_py32f403xx.o(.text)
    TIM3_IRQHandler                          0x08000171   Thumb Code     0  startup_py32f403xx.o(.text)
    TIM4_IRQHandler                          0x08000171   Thumb Code     0  startup_py32f403xx.o(.text)
    TIM5_IRQHandler                          0x08000171   Thumb Code     0  startup_py32f403xx.o(.text)
    TIM6_IRQHandler                          0x08000171   Thumb Code     0  startup_py32f403xx.o(.text)
    TIM7_IRQHandler                          0x08000171   Thumb Code     0  startup_py32f403xx.o(.text)
    TIM8_BRK_TIM12_IRQHandler                0x08000171   Thumb Code     0  startup_py32f403xx.o(.text)
    TIM8_CC_IRQHandler                       0x08000171   Thumb Code     0  startup_py32f403xx.o(.text)
    TIM8_TRG_COM_TIM14_IRQHandler            0x08000171   Thumb Code     0  startup_py32f403xx.o(.text)
    TIM8_UP_TIM13_IRQHandler                 0x08000171   Thumb Code     0  startup_py32f403xx.o(.text)
    UART4_IRQHandler                         0x08000171   Thumb Code     0  startup_py32f403xx.o(.text)
    UART5_IRQHandler                         0x08000171   Thumb Code     0  startup_py32f403xx.o(.text)
    USART1_IRQHandler                        0x08000171   Thumb Code     0  startup_py32f403xx.o(.text)
    USART3_IRQHandler                        0x08000171   Thumb Code     0  startup_py32f403xx.o(.text)
    USBWakeUp_IRQHandler                     0x08000171   Thumb Code     0  startup_py32f403xx.o(.text)
    USB_HP_CAN1_TX_IRQHandler                0x08000171   Thumb Code     0  startup_py32f403xx.o(.text)
    USB_LP_CAN1_RX0_IRQHandler               0x08000171   Thumb Code     0  startup_py32f403xx.o(.text)
    WWDG_IRQHandler                          0x08000171   Thumb Code     0  startup_py32f403xx.o(.text)
    ___aeabi_memcpy4$move                    0x08000181   Thumb Code     0  memmovea.o(.text)
    ___aeabi_memcpy8$move                    0x08000181   Thumb Code     0  memmovea.o(.text)
    __aeabi_memcpy                           0x08000181   Thumb Code    64  memmovea.o(.text)
    __aeabi_memmove                          0x08000181   Thumb Code     0  memmovea.o(.text)
    __aeabi_memmove4                         0x08000181   Thumb Code     0  memmovea.o(.text)
    __aeabi_memmove8                         0x08000181   Thumb Code     0  memmovea.o(.text)
    __aeabi_memset                           0x080001c1   Thumb Code    14  memseta.o(.text)
    __aeabi_memset4                          0x080001c1   Thumb Code     0  memseta.o(.text)
    __aeabi_memset8                          0x080001c1   Thumb Code     0  memseta.o(.text)
    __aeabi_memclr                           0x080001cf   Thumb Code     4  memseta.o(.text)
    __aeabi_memclr4                          0x080001cf   Thumb Code     0  memseta.o(.text)
    __aeabi_memclr8                          0x080001cf   Thumb Code     0  memseta.o(.text)
    _memset$wrapper                          0x080001d3   Thumb Code    18  memseta.o(.text)
    strlen                                   0x080001e5   Thumb Code    14  strlen.o(.text)
    __aeabi_f2d                              0x080001f3   Thumb Code    38  f2d.o(.text)
    __aeabi_d2f                              0x08000219   Thumb Code    56  d2f.o(.text)
    __aeabi_uidiv                            0x08000251   Thumb Code     0  uidiv.o(.text)
    __aeabi_uidivmod                         0x08000251   Thumb Code    44  uidiv.o(.text)
    __aeabi_uldivmod                         0x0800027d   Thumb Code    98  uldiv.o(.text)
    __I$use$fp                               0x080002df   Thumb Code     0  iusefp.o(.text)
    _float_round                             0x080002df   Thumb Code    18  fepilogue.o(.text)
    _float_epilogue                          0x080002f1   Thumb Code    92  fepilogue.o(.text)
    __aeabi_dadd                             0x0800034d   Thumb Code   322  dadd.o(.text)
    __aeabi_dsub                             0x0800048f   Thumb Code     6  dadd.o(.text)
    __aeabi_drsub                            0x08000495   Thumb Code     6  dadd.o(.text)
    __aeabi_dmul                             0x0800049b   Thumb Code   228  dmul.o(.text)
    __aeabi_ddiv                             0x0800057f   Thumb Code   222  ddiv.o(.text)
    _dsqrt                                   0x0800065d   Thumb Code   162  dsqrt.o(.text)
    __aeabi_d2ulz                            0x080006ff   Thumb Code    48  dfixul.o(.text)
    __aeabi_cdrcmple                         0x08000731   Thumb Code    48  cdrcmple.o(.text)
    __scatterload                            0x08000761   Thumb Code    38  init.o(.text)
    __scatterload_rt2                        0x08000761   Thumb Code     0  init.o(.text)
    __aeabi_llsl                             0x08000791   Thumb Code    30  llshl.o(.text)
    _ll_shift_l                              0x08000791   Thumb Code     0  llshl.o(.text)
    __aeabi_llsr                             0x080007af   Thumb Code    32  llushr.o(.text)
    _ll_ushift_r                             0x080007af   Thumb Code     0  llushr.o(.text)
    __aeabi_lasr                             0x080007cf   Thumb Code    36  llsshr.o(.text)
    _ll_sshift_r                             0x080007cf   Thumb Code     0  llsshr.o(.text)
    _double_round                            0x080007f3   Thumb Code    30  depilogue.o(.text)
    _double_epilogue                         0x08000811   Thumb Code   156  depilogue.o(.text)
    APP_ErrorHandler                         0x080008ad   Thumb Code     4  main.o(.text.APP_ErrorHandler)
    BusFault_Handler                         0x080008b1   Thumb Code     4  py32f403_it.o(.text.BusFault_Handler)
    DMA1_Channel1_IRQHandler                 0x080008b5   Thumb Code    20  drv_uart.o(.text.DMA1_Channel1_IRQHandler)
    DMA1_Channel2_IRQHandler                 0x080008c9   Thumb Code    20  drv_uart.o(.text.DMA1_Channel2_IRQHandler)
    DMA2_Channel1_IRQHandler                 0x080008dd   Thumb Code     2  py32f403_it.o(.text.DMA2_Channel1_IRQHandler)
    DebugMon_Handler                         0x08000931   Thumb Code     2  py32f403_it.o(.text.DebugMon_Handler)
    EXTI0_IRQHandler                         0x08000935   Thumb Code    40  drv_gpio.o(.text.EXTI0_IRQHandler)
    EXTI15_10_IRQHandler                     0x0800095d   Thumb Code   244  drv_gpio.o(.text.EXTI15_10_IRQHandler)
    EXTI1_IRQHandler                         0x08000a51   Thumb Code    42  drv_gpio.o(.text.EXTI1_IRQHandler)
    EXTI2_IRQHandler                         0x08000a7d   Thumb Code    42  drv_gpio.o(.text.EXTI2_IRQHandler)
    EXTI3_IRQHandler                         0x08000aa9   Thumb Code    42  drv_gpio.o(.text.EXTI3_IRQHandler)
    EXTI4_IRQHandler                         0x08000ad5   Thumb Code    42  drv_gpio.o(.text.EXTI4_IRQHandler)
    EXTI9_5_IRQHandler                       0x08000b01   Thumb Code   198  drv_gpio.o(.text.EXTI9_5_IRQHandler)
    HAL_DMA_Abort                            0x08000bc9   Thumb Code   124  py32f403_hal_dma.o(.text.HAL_DMA_Abort)
    HAL_DMA_Abort_IT                         0x08000c45   Thumb Code   792  py32f403_hal_dma.o(.text.HAL_DMA_Abort_IT)
    HAL_DMA_ChannelMap                       0x08000f5d   Thumb Code   172  py32f403_hal_dma.o(.text.HAL_DMA_ChannelMap)
    HAL_DMA_DeInit                           0x08001009   Thumb Code   240  py32f403_hal_dma.o(.text.HAL_DMA_DeInit)
    HAL_DMA_GetState                         0x080010f9   Thumb Code    14  py32f403_hal_dma.o(.text.HAL_DMA_GetState)
    HAL_DMA_IRQHandler                       0x08001109   Thumb Code  1668  py32f403_hal_dma.o(.text.HAL_DMA_IRQHandler)
    HAL_DMA_Init                             0x0800178d   Thumb Code   244  py32f403_hal_dma.o(.text.HAL_DMA_Init)
    HAL_DMA_Start_IT                         0x08001881   Thumb Code   202  py32f403_hal_dma.o(.text.HAL_DMA_Start_IT)
    HAL_Delay                                0x0800194d   Thumb Code    66  py32f403_hal.o(.text.HAL_Delay)
    HAL_GPIO_Init                            0x08001991   Thumb Code   846  py32f403_hal_gpio.o(.text.HAL_GPIO_Init)
    HAL_GPIO_TogglePin                       0x08001ce1   Thumb Code    46  py32f403_hal_gpio.o(.text.HAL_GPIO_TogglePin)
    HAL_GetTick                              0x08001d11   Thumb Code    12  py32f403_hal.o(.text.HAL_GetTick)
    HAL_I2C_AbortCpltCallback                0x08001d1d   Thumb Code     8  py32f403_hal_i2c.o(.text.HAL_I2C_AbortCpltCallback)
    HAL_I2C_AddrCallback                     0x08001d25   Thumb Code    16  py32f403_hal_i2c.o(.text.HAL_I2C_AddrCallback)
    HAL_I2C_ER_IRQHandler                    0x08001d35   Thumb Code   374  py32f403_hal_i2c.o(.text.HAL_I2C_ER_IRQHandler)
    HAL_I2C_EV_IRQHandler                    0x08001ead   Thumb Code   938  py32f403_hal_i2c.o(.text.HAL_I2C_EV_IRQHandler)
    HAL_I2C_ErrorCallback                    0x08002259   Thumb Code     8  py32f403_hal_i2c.o(.text.HAL_I2C_ErrorCallback)
    HAL_I2C_Init                             0x08002261   Thumb Code   652  py32f403_hal_i2c.o(.text.HAL_I2C_Init)
    HAL_I2C_ListenCpltCallback               0x080024ed   Thumb Code     8  py32f403_hal_i2c.o(.text.HAL_I2C_ListenCpltCallback)
    HAL_I2C_MasterRxCpltCallback             0x080024f5   Thumb Code     8  py32f403_hal_i2c.o(.text.HAL_I2C_MasterRxCpltCallback)
    HAL_I2C_MasterTxCpltCallback             0x080024fd   Thumb Code     8  py32f403_hal_i2c.o(.text.HAL_I2C_MasterTxCpltCallback)
    HAL_I2C_Master_Transmit                  0x08002505   Thumb Code   524  py32f403_hal_i2c.o(.text.HAL_I2C_Master_Transmit)
    HAL_I2C_MemRxCpltCallback                0x08002711   Thumb Code     8  py32f403_hal_i2c.o(.text.HAL_I2C_MemRxCpltCallback)
    HAL_I2C_MemTxCpltCallback                0x08002719   Thumb Code     8  py32f403_hal_i2c.o(.text.HAL_I2C_MemTxCpltCallback)
    HAL_I2C_Mem_Read                         0x08002721   Thumb Code  1124  py32f403_hal_i2c.o(.text.HAL_I2C_Mem_Read)
    HAL_I2C_Mem_Write                        0x08002b85   Thumb Code   532  py32f403_hal_i2c.o(.text.HAL_I2C_Mem_Write)
    HAL_I2C_MspInit                          0x08002d99   Thumb Code   136  py32f403_hal_msp.o(.text.HAL_I2C_MspInit)
    HAL_I2C_SlaveRxCpltCallback              0x08002e21   Thumb Code     8  py32f403_hal_i2c.o(.text.HAL_I2C_SlaveRxCpltCallback)
    HAL_I2C_SlaveTxCpltCallback              0x08002e29   Thumb Code     8  py32f403_hal_i2c.o(.text.HAL_I2C_SlaveTxCpltCallback)
    HAL_IncTick                              0x08002e31   Thumb Code    26  py32f403_hal.o(.text.HAL_IncTick)
    HAL_Init                                 0x08002e4d   Thumb Code    22  py32f403_hal.o(.text.HAL_Init)
    HAL_InitTick                             0x08002e65   Thumb Code   112  py32f403_hal.o(.text.HAL_InitTick)
    HAL_MspInit                              0x08002ed5   Thumb Code   126  py32f403_hal_msp.o(.text.HAL_MspInit)
    HAL_NVIC_EnableIRQ                       0x08002f55   Thumb Code    20  py32f403_hal_cortex.o(.text.HAL_NVIC_EnableIRQ)
    HAL_NVIC_SetPriority                     0x08002f69   Thumb Code    50  py32f403_hal_cortex.o(.text.HAL_NVIC_SetPriority)
    HAL_NVIC_SetPriorityGrouping             0x08002f9d   Thumb Code    16  py32f403_hal_cortex.o(.text.HAL_NVIC_SetPriorityGrouping)
    HAL_RCC_ClockConfig                      0x08002fad   Thumb Code   610  py32f403_hal_rcc.o(.text.HAL_RCC_ClockConfig)
    HAL_RCC_GetHCLKFreq                      0x08003211   Thumb Code    12  py32f403_hal_rcc.o(.text.HAL_RCC_GetHCLKFreq)
    HAL_RCC_GetPCLK1Freq                     0x0800321d   Thumb Code    34  py32f403_hal_rcc.o(.text.HAL_RCC_GetPCLK1Freq)
    HAL_RCC_GetPCLK2Freq                     0x08003241   Thumb Code    34  py32f403_hal_rcc.o(.text.HAL_RCC_GetPCLK2Freq)
    HAL_RCC_GetSysClockFreq                  0x08003265   Thumb Code   236  py32f403_hal_rcc.o(.text.HAL_RCC_GetSysClockFreq)
    HAL_RCC_OscConfig                        0x08003351   Thumb Code  1990  py32f403_hal_rcc.o(.text.HAL_RCC_OscConfig)
    HAL_SYSTICK_Callback                     0x08003b19   Thumb Code     2  py32f403_hal_cortex.o(.text.HAL_SYSTICK_Callback)
    HAL_SYSTICK_Config                       0x08003b1d   Thumb Code    16  py32f403_hal_cortex.o(.text.HAL_SYSTICK_Config)
    HAL_SYSTICK_IRQHandler                   0x08003b2d   Thumb Code     8  py32f403_hal_cortex.o(.text.HAL_SYSTICK_IRQHandler)
    HAL_UART_DMAStop                         0x08003b35   Thumb Code   152  py32f403_hal_uart.o(.text.HAL_UART_DMAStop)
    HAL_UART_DeInit                          0x08003bcd   Thumb Code    92  py32f403_hal_uart.o(.text.HAL_UART_DeInit)
    HAL_UART_ErrorCallback                   0x08003c29   Thumb Code   142  drv_uart.o(.text.HAL_UART_ErrorCallback)
    HAL_UART_IRQHandler                      0x08003cb9   Thumb Code   566  py32f403_hal_uart.o(.text.HAL_UART_IRQHandler)
    HAL_UART_IdleFrameDetectCpltCallback     0x08003ef1   Thumb Code   130  drv_uart.o(.text.HAL_UART_IdleFrameDetectCpltCallback)
    HAL_UART_Init                            0x08003f75   Thumb Code   170  py32f403_hal_uart.o(.text.HAL_UART_Init)
    HAL_UART_MspDeInit                       0x08004021   Thumb Code     8  py32f403_hal_uart.o(.text.HAL_UART_MspDeInit)
    HAL_UART_MspInit                         0x08004029   Thumb Code   150  py32f403_hal_msp.o(.text.HAL_UART_MspInit)
    HAL_UART_Receive_DMA                     0x080040c1   Thumb Code   314  py32f403_hal_uart.o(.text.HAL_UART_Receive_DMA)
    HAL_UART_RxCpltCallback                  0x080041fd   Thumb Code   126  drv_uart.o(.text.HAL_UART_RxCpltCallback)
    HAL_UART_RxHalfCpltCallback              0x0800427d   Thumb Code   112  drv_uart.o(.text.HAL_UART_RxHalfCpltCallback)
    HAL_UART_Transmit                        0x080042ed   Thumb Code   374  py32f403_hal_uart.o(.text.HAL_UART_Transmit)
    HAL_UART_Transmit_DMA                    0x08004465   Thumb Code   246  py32f403_hal_uart.o(.text.HAL_UART_Transmit_DMA)
    HAL_UART_Transmit_IT                     0x0800455d   Thumb Code   162  py32f403_hal_uart.o(.text.HAL_UART_Transmit_IT)
    HAL_UART_TxCpltCallback                  0x08004601   Thumb Code   166  drv_uart.o(.text.HAL_UART_TxCpltCallback)
    HAL_UART_TxHalfCpltCallback              0x080046a9   Thumb Code     8  py32f403_hal_uart.o(.text.HAL_UART_TxHalfCpltCallback)
    HardFault_Handler                        0x080046b1   Thumb Code     4  py32f403_it.o(.text.HardFault_Handler)
    I2C1_ER_IRQHandler                       0x080046b5   Thumb Code    16  drv_i2c.o(.text.I2C1_ER_IRQHandler)
    I2C1_EV_IRQHandler                       0x080046c5   Thumb Code    16  drv_i2c.o(.text.I2C1_EV_IRQHandler)
    I2C2_ER_IRQHandler                       0x080046d5   Thumb Code    18  drv_i2c.o(.text.I2C2_ER_IRQHandler)
    I2C2_EV_IRQHandler                       0x080046e9   Thumb Code    18  drv_i2c.o(.text.I2C2_EV_IRQHandler)
    I2C2_ScanDevices                         0x080046fd   Thumb Code   268  drv_i2c.o(.text.I2C2_ScanDevices)
    MX_I2C2_Init                             0x0800624d   Thumb Code    68  drv_i2c.o(.text.MX_I2C2_Init)
    MemManage_Handler                        0x08006291   Thumb Code     4  py32f403_it.o(.text.MemManage_Handler)
    NMI_Handler                              0x08006295   Thumb Code     2  py32f403_it.o(.text.NMI_Handler)
    OSAL_TIMER_TICKINIT                      0x08006305   Thumb Code     2  timer.o(.text.OSAL_TIMER_TICKINIT)
    OSAL_TIMER_TICKSTART                     0x08006309   Thumb Code     2  timer.o(.text.OSAL_TIMER_TICKSTART)
    OSAL_TIMER_TICKSTOP                      0x0800630d   Thumb Code     2  timer.o(.text.OSAL_TIMER_TICKSTOP)
    PendSV_Handler                           0x08006311   Thumb Code     2  py32f403_it.o(.text.PendSV_Handler)
    SVC_Handler                              0x08006351   Thumb Code     2  py32f403_it.o(.text.SVC_Handler)
    SysTick_Handler                          0x080063a9   Thumb Code    18  py32f403_it.o(.text.SysTick_Handler)
    SystemInit                               0x08006439   Thumb Code    16  system_py32f403.o(.text.SystemInit)
    TIM2_IRQHandler                          0x08006449   Thumb Code     2  py32f403_it.o(.text.TIM2_IRQHandler)
    USART2_IRQHandler                        0x08006a35   Thumb Code    20  drv_uart.o(.text.USART2_IRQHandler)
    UsageFault_Handler                       0x08006a49   Thumb Code     4  py32f403_it.o(.text.UsageFault_Handler)
    acceleration_to_12bit                    0x08006b0d   Thumb Code    92  data_protocol.o(.text.acceleration_to_12bit)
    base64_decode                            0x08006b6d   Thumb Code   566  data_protocol.o(.text.base64_decode)
    base64_encode                            0x08006da5   Thumb Code   364  data_protocol.o(.text.base64_encode)
    board_init                               0x08006f11   Thumb Code    58  board.o(.text.board_init)
    build_frame                              0x08006f4d   Thumb Code   284  data_protocol.o(.text.build_frame)
    build_report_msg                         0x08007069   Thumb Code   326  data_protocol.o(.text.build_report_msg)
    crc24q_calculate                         0x080072b9   Thumb Code   136  data_protocol.o(.text.crc24q_calculate)
    crc_from_base64                          0x08007341   Thumb Code    90  data_protocol.o(.text.crc_from_base64)
    crc_to_base64                            0x0800739d   Thumb Code    46  data_protocol.o(.text.crc_to_base64)
    fputc                                    0x080073cd   Thumb Code    36  board.o(.text.fputc)
    get_base64_table                         0x080073f1   Thumb Code    10  data_protocol.o(.text.get_base64_table)
    gpio_init                                0x08007471   Thumb Code   158  drv_gpio.o(.text.gpio_init)
    gpio_mode                                0x08007555   Thumb Code   160  drv_gpio.o(.text.gpio_mode)
    gpio_toggle                              0x080075f5   Thumb Code    54  drv_gpio.o(.text.gpio_toggle)
    humidity_to_12bit                        0x08007649   Thumb Code    62  data_protocol.o(.text.humidity_to_12bit)
    is_frame_complete                        0x08007689   Thumb Code   194  data_protocol.o(.text.is_frame_complete)
    led_task_event_process                   0x08007781   Thumb Code   120  led_task.o(.text.led_task_event_process)
    led_task_init                            0x080077f9   Thumb Code    46  led_task.o(.text.led_task_init)
    main                                     0x08007829   Thumb Code    18  main.o(.text.main)
    osalAddTimer                             0x0800783d   Thumb Code   182  osal_timer.o(.text.osalAddTimer)
    osalFindTask                             0x080078f5   Thumb Code    66  osal_event.o(.text.osalFindTask)
    osalFindTimer                            0x08007939   Thumb Code    74  osal_timer.o(.text.osalFindTimer)
    osalNextActiveTask                       0x08007985   Thumb Code    56  osal_event.o(.text.osalNextActiveTask)
    osalTimerInit                            0x080079bd   Thumb Code    54  osal_timer.o(.text.osalTimerInit)
    osalTimerUpdate                          0x080079f5   Thumb Code   284  osal_timer.o(.text.osalTimerUpdate)
    osal_GetSystemClock                      0x08007b11   Thumb Code    12  osal_timer.o(.text.osal_GetSystemClock)
    osal_Task_init                           0x08007b1d   Thumb Code   102  osal_event.o(.text.osal_Task_init)
    osal_add_Task                            0x08007b85   Thumb Code   166  osal_event.o(.text.osal_add_Task)
    osal_clear_event                         0x08007c2d   Thumb Code    76  osal_event.o(.text.osal_clear_event)
    osal_init_TaskHead                       0x08007c79   Thumb Code    34  osal_event.o(.text.osal_init_TaskHead)
    osal_init_system                         0x08007c9d   Thumb Code    30  osal.o(.text.osal_init_system)
    osal_main                                0x08007cbd   Thumb Code   110  osal_main.o(.text.osal_main)
    osal_mem_alloc                           0x08007d2d   Thumb Code   566  osal_memory.o(.text.osal_mem_alloc)
    osal_mem_free                            0x08007f65   Thumb Code   122  osal_memory.o(.text.osal_mem_free)
    osal_mem_init                            0x08007fe1   Thumb Code   146  osal_memory.o(.text.osal_mem_init)
    osal_mem_kick                            0x08008075   Thumb Code    36  osal_memory.o(.text.osal_mem_kick)
    osal_msg_deallocate                      0x08008099   Thumb Code    68  osal_msg.o(.text.osal_msg_deallocate)
    osal_msg_extract                         0x080080dd   Thumb Code    76  osal_msg.o(.text.osal_msg_extract)
    osal_msg_receive                         0x08008129   Thumb Code   162  osal_msg.o(.text.osal_msg_receive)
    osal_set_event                           0x080081cd   Thumb Code    76  osal_event.o(.text.osal_set_event)
    osal_start_reload_timer                  0x08008219   Thumb Code   104  osal_timer.o(.text.osal_start_reload_timer)
    osal_start_system                        0x08008281   Thumb Code   146  osal.o(.text.osal_start_system)
    osal_timer_activate                      0x08008315   Thumb Code    34  osal_timer.o(.text.osal_timer_activate)
    osal_timer_hw_setup                      0x08008339   Thumb Code    32  osal_timer.o(.text.osal_timer_hw_setup)
    parse_frame                              0x08008359   Thumb Code   380  data_protocol.o(.text.parse_frame)
    print_task_event_process                 0x080084d5   Thumb Code   592  print_task.o(.text.print_task_event_process)
    print_task_init                          0x08008729   Thumb Code    38  print_task.o(.text.print_task_init)
    process_uart_command                     0x08008751   Thumb Code   138  print_task.o(.text.process_uart_command)
    qmi8658a_device_id_get                   0x08008939   Thumb Code    24  qmi8658a_reg.o(.text.qmi8658a_device_id_get)
    qmi8658a_gyro_data_rate_set              0x08008951   Thumb Code    84  qmi8658a_reg.o(.text.qmi8658a_gyro_data_rate_set)
    qmi8658a_gyro_full_scale_set             0x080089a5   Thumb Code    86  qmi8658a_reg.o(.text.qmi8658a_gyro_full_scale_set)
    qmi8658a_i2c_read                        0x080089fd   Thumb Code    76  qmi8658a_reg.o(.text.qmi8658a_i2c_read)
    qmi8658a_i2c_write                       0x08008a49   Thumb Code    76  qmi8658a_reg.o(.text.qmi8658a_i2c_write)
    qmi8658a_init                            0x08008a95   Thumb Code   220  qmi8658a_driver.o(.text.qmi8658a_init)
    qmi8658a_read_reg                        0x08008cad   Thumb Code    68  qmi8658a_reg.o(.text.qmi8658a_read_reg)
    qmi8658a_write_reg                       0x08008e25   Thumb Code    68  qmi8658a_reg.o(.text.qmi8658a_write_reg)
    ring_buffer_available                    0x08008e69   Thumb Code    32  drv_tool.o(.text.ring_buffer_available)
    ring_buffer_free_space                   0x08008e89   Thumb Code    36  drv_tool.o(.text.ring_buffer_free_space)
    ring_buffer_get_multiple                 0x08008ead   Thumb Code   188  drv_tool.o(.text.ring_buffer_get_multiple)
    ring_buffer_init                         0x08008f69   Thumb Code    82  drv_tool.o(.text.ring_buffer_init)
    ring_buffer_peek_multiple                0x08008fbd   Thumb Code   228  drv_tool.o(.text.ring_buffer_peek_multiple)
    ring_buffer_put_multiple                 0x080090a1   Thumb Code   188  drv_tool.o(.text.ring_buffer_put_multiple)
    ring_buffer_skip                         0x0800915d   Thumb Code   114  drv_tool.o(.text.ring_buffer_skip)
    sensor_task_event_process                0x08009201   Thumb Code   290  sensor_task.o(.text.sensor_task_event_process)
    sensor_task_init                         0x08009325   Thumb Code   104  sensor_task.o(.text.sensor_task_init)
    temperature_to_12bit                     0x0800938d   Thumb Code    92  data_protocol.o(.text.temperature_to_12bit)
    uart_dma_start_rx                        0x08009939   Thumb Code   248  drv_uart.o(.text.uart_dma_start_rx)
    uart_init                                0x08009a31   Thumb Code   260  drv_uart.o(.text.uart_init)
    uart_read_from_ring_buffer               0x08009b35   Thumb Code   122  drv_uart.o(.text.uart_read_from_ring_buffer)
    uart_send                                0x08009bb1   Thumb Code   468  drv_uart.o(.text.uart_send)
    uart_send_async                          0x08009d85   Thumb Code    86  drv_uart.o(.text.uart_send_async)
    uart_write_to_ring_buffer                0x08009ec5   Thumb Code   162  drv_uart.o(.text.uart_write_to_ring_buffer)
    __0printf                                0x08009f69   Thumb Code    22  printfa.o(i.__0printf)
    __1printf                                0x08009f69   Thumb Code     0  printfa.o(i.__0printf)
    __2printf                                0x08009f69   Thumb Code     0  printfa.o(i.__0printf)
    __c89printf                              0x08009f69   Thumb Code     0  printfa.o(i.__0printf)
    printf                                   0x08009f69   Thumb Code     0  printfa.o(i.__0printf)
    __hardfp_sqrt                            0x08009f89   Thumb Code   122  sqrt.o(i.__hardfp_sqrt)
    __scatterload_copy                       0x0800a003   Thumb Code    14  handlers.o(i.__scatterload_copy)
    __scatterload_null                       0x0800a011   Thumb Code     2  handlers.o(i.__scatterload_null)
    __scatterload_zeroinit                   0x0800a013   Thumb Code    14  handlers.o(i.__scatterload_zeroinit)
    __set_errno                              0x0800a021   Thumb Code     6  errno.o(i.__set_errno)
    free                                     0x0800a8e1   Thumb Code    76  malloc.o(i.free)
    malloc                                   0x0800a931   Thumb Code    92  malloc.o(i.malloc)
    AHBPrescTable                            0x0800a9dc   Data          16  system_py32f403.o(.rodata.AHBPrescTable)
    APBPrescTable                            0x0800a9ec   Data           8  system_py32f403.o(.rodata.APBPrescTable)
    qmi8658a_device                          0x0800af38   Data          24  qmi8658a_driver.o(.rodata.qmi8658a_device)
    Region$$Table$$Base                      0x0800b1dc   Number         0  anon$$obj.o(Region$$Table)
    Region$$Table$$Limit                     0x0800b1fc   Number         0  anon$$obj.o(Region$$Table)
    __stdout                                 0x20000000   Data           4  stdout.o(.data)
    __microlib_freelist                      0x20000004   Data           4  mvars.o(.data)
    __microlib_freelist_initialised          0x20000008   Data           4  mvars.o(.data)
    SystemCoreClock                          0x20000010   Data           4  system_py32f403.o(.data.SystemCoreClock)
    log_uart_instance                        0x20000014   Data           1  board.o(.data.log_uart_instance)
    uwTickFreq                               0x2000001c   Data           1  py32f403_hal.o(.data.uwTickFreq)
    uwTickPrio                               0x20000020   Data           4  py32f403_hal.o(.data.uwTickPrio)
    TaskActive                               0x20000028   Data           4  osal_event.o(.bss.TaskActive)
    TaskHead                                 0x2000002c   Data           4  osal_event.o(.bss.TaskHead)
    Task_id                                  0x20000030   Data           1  osal_event.o(.bss.Task_id)
    accel_data                               0x20002034   Data         248  print_task.o(.bss.accel_data)
    hi2c2                                    0x20002354   Data          84  drv_i2c.o(.bss.hi2c2)
    i2c2_device_count                        0x200023a8   Data           1  drv_i2c.o(.bss.i2c2_device_count)
    i2c2_device_list                         0x200023a9   Data         112  drv_i2c.o(.bss.i2c2_device_list)
    imu_buffer                               0x2000251c   Data        4096  sensor_task.o(.bss.imu_buffer)
    imu_ring_buffer                          0x2000351c   Data          12  sensor_task.o(.bss.imu_ring_buffer)
    led_task_id                              0x20003528   Data           1  led_task.o(.bss.led_task_id)
    osal_qHead                               0x20003530   Data           4  osal.o(.bss.osal_qHead)
    print_task_id                            0x20003639   Data           1  print_task.o(.bss.print_task_id)
    sensor_task_id                           0x2000363b   Data           1  sensor_task.o(.bss.sensor_task_id)
    tasksCnt                                 0x2000363c   Data           1  osal_event.o(.bss.tasksCnt)
    timerActive                              0x2000363d   Data           1  osal_timer.o(.bss.timerActive)
    timerHead                                0x20003640   Data           4  osal_timer.o(.bss.timerHead)
    tmr_decr_time                            0x20003644   Data           1  osal_timer.o(.bss.tmr_decr_time)
    uwTick                                   0x2000524c   Data           4  py32f403_hal.o(.bss.uwTick)
    __heap_base                              0x20005250   Data           0  startup_py32f403xx.o(HEAP)
    __heap_limit                             0x20006250   Data           0  startup_py32f403xx.o(HEAP)
    __initial_sp                             0x20007250   Data           0  startup_py32f403xx.o(STACK)



==============================================================================

Memory Map of the image

  Image Entry point : 0x08000131

  Load Region LR_IROM1 (Base: 0x08000000, Size: 0x0000b228, Max: 0x00060000, ABSOLUTE)

    Execution Region ER_IROM1 (Exec base: 0x08000000, Load base: 0x08000000, Size: 0x0000b1fc, Max: 0x00060000, ABSOLUTE)

    Exec Addr    Load Addr    Size         Type   Attr      Idx    E Section Name        Object

    0x08000000   0x08000000   0x00000130   Data   RO         1809    RESET               startup_py32f403xx.o
    0x08000130   0x08000130   0x00000000   Code   RO         1838  * .ARM.Collect$$$$00000000  mc_w.l(entry.o)
    0x08000130   0x08000130   0x00000004   Code   RO         1913    .ARM.Collect$$$$00000001  mc_w.l(entry2.o)
    0x08000134   0x08000134   0x00000004   Code   RO         1916    .ARM.Collect$$$$00000004  mc_w.l(entry5.o)
    0x08000138   0x08000138   0x00000000   Code   RO         1918    .ARM.Collect$$$$00000008  mc_w.l(entry7b.o)
    0x08000138   0x08000138   0x00000000   Code   RO         1920    .ARM.Collect$$$$0000000A  mc_w.l(entry8b.o)
    0x08000138   0x08000138   0x00000008   Code   RO         1921    .ARM.Collect$$$$0000000B  mc_w.l(entry9a.o)
    0x08000140   0x08000140   0x00000000   Code   RO         1923    .ARM.Collect$$$$0000000D  mc_w.l(entry10a.o)
    0x08000140   0x08000140   0x00000000   Code   RO         1925    .ARM.Collect$$$$0000000F  mc_w.l(entry11a.o)
    0x08000140   0x08000140   0x00000004   Code   RO         1914    .ARM.Collect$$$$00002712  mc_w.l(entry2.o)
    0x08000144   0x08000144   0x0000003c   Code   RO         1810    .text               startup_py32f403xx.o
    0x08000180   0x08000180   0x00000040   Code   RO         1843    .text               mc_w.l(memmovea.o)
    0x080001c0   0x080001c0   0x00000024   Code   RO         1845    .text               mc_w.l(memseta.o)
    0x080001e4   0x080001e4   0x0000000e   Code   RO         1847    .text               mc_w.l(strlen.o)
    0x080001f2   0x080001f2   0x00000026   Code   RO         1909    .text               mf_w.l(f2d.o)
    0x08000218   0x08000218   0x00000038   Code   RO         1911    .text               mf_w.l(d2f.o)
    0x08000250   0x08000250   0x0000002c   Code   RO         1937    .text               mc_w.l(uidiv.o)
    0x0800027c   0x0800027c   0x00000062   Code   RO         1939    .text               mc_w.l(uldiv.o)
    0x080002de   0x080002de   0x00000000   Code   RO         1950    .text               mc_w.l(iusefp.o)
    0x080002de   0x080002de   0x0000006e   Code   RO         1951    .text               mf_w.l(fepilogue.o)
    0x0800034c   0x0800034c   0x0000014e   Code   RO         1953    .text               mf_w.l(dadd.o)
    0x0800049a   0x0800049a   0x000000e4   Code   RO         1955    .text               mf_w.l(dmul.o)
    0x0800057e   0x0800057e   0x000000de   Code   RO         1957    .text               mf_w.l(ddiv.o)
    0x0800065c   0x0800065c   0x000000a2   Code   RO         1959    .text               mf_w.l(dsqrt.o)
    0x080006fe   0x080006fe   0x00000030   Code   RO         1961    .text               mf_w.l(dfixul.o)
    0x0800072e   0x0800072e   0x00000002   PAD
    0x08000730   0x08000730   0x00000030   Code   RO         1963    .text               mf_w.l(cdrcmple.o)
    0x08000760   0x08000760   0x00000030   Code   RO         1965    .text               mc_w.l(init.o)
    0x08000790   0x08000790   0x0000001e   Code   RO         1967    .text               mc_w.l(llshl.o)
    0x080007ae   0x080007ae   0x00000020   Code   RO         1969    .text               mc_w.l(llushr.o)
    0x080007ce   0x080007ce   0x00000024   Code   RO         1971    .text               mc_w.l(llsshr.o)
    0x080007f2   0x080007f2   0x000000ba   Code   RO         1973    .text               mf_w.l(depilogue.o)
    0x080008ac   0x080008ac   0x00000004   Code   RO            6    .text.APP_ErrorHandler  main.o
    0x080008b0   0x080008b0   0x00000004   Code   RO           59    .text.BusFault_Handler  py32f403_it.o
    0x080008b4   0x080008b4   0x00000014   Code   RO          471    .text.DMA1_Channel1_IRQHandler  drv_uart.o
    0x080008c8   0x080008c8   0x00000014   Code   RO          473    .text.DMA1_Channel2_IRQHandler  drv_uart.o
    0x080008dc   0x080008dc   0x00000002   Code   RO           73    .text.DMA2_Channel1_IRQHandler  py32f403_it.o
    0x080008de   0x080008de   0x00000002   PAD
    0x080008e0   0x080008e0   0x00000050   Code   RO          669    .text.DMA_SetConfig  py32f403_hal_dma.o
    0x08000930   0x08000930   0x00000002   Code   RO           65    .text.DebugMon_Handler  py32f403_it.o
    0x08000932   0x08000932   0x00000002   PAD
    0x08000934   0x08000934   0x00000028   Code   RO          308    .text.EXTI0_IRQHandler  drv_gpio.o
    0x0800095c   0x0800095c   0x000000f4   Code   RO          322    .text.EXTI15_10_IRQHandler  drv_gpio.o
    0x08000a50   0x08000a50   0x0000002a   Code   RO          312    .text.EXTI1_IRQHandler  drv_gpio.o
    0x08000a7a   0x08000a7a   0x00000002   PAD
    0x08000a7c   0x08000a7c   0x0000002a   Code   RO          314    .text.EXTI2_IRQHandler  drv_gpio.o
    0x08000aa6   0x08000aa6   0x00000002   PAD
    0x08000aa8   0x08000aa8   0x0000002a   Code   RO          316    .text.EXTI3_IRQHandler  drv_gpio.o
    0x08000ad2   0x08000ad2   0x00000002   PAD
    0x08000ad4   0x08000ad4   0x0000002a   Code   RO          318    .text.EXTI4_IRQHandler  drv_gpio.o
    0x08000afe   0x08000afe   0x00000002   PAD
    0x08000b00   0x08000b00   0x000000c6   Code   RO          320    .text.EXTI9_5_IRQHandler  drv_gpio.o
    0x08000bc6   0x08000bc6   0x00000002   PAD
    0x08000bc8   0x08000bc8   0x0000007c   Code   RO          673    .text.HAL_DMA_Abort  py32f403_hal_dma.o
    0x08000c44   0x08000c44   0x00000318   Code   RO          675    .text.HAL_DMA_Abort_IT  py32f403_hal_dma.o
    0x08000f5c   0x08000f5c   0x000000ac   Code   RO          685    .text.HAL_DMA_ChannelMap  py32f403_hal_dma.o
    0x08001008   0x08001008   0x000000f0   Code   RO          665    .text.HAL_DMA_DeInit  py32f403_hal_dma.o
    0x080010f8   0x080010f8   0x0000000e   Code   RO          687    .text.HAL_DMA_GetState  py32f403_hal_dma.o
    0x08001106   0x08001106   0x00000002   PAD
    0x08001108   0x08001108   0x00000684   Code   RO          679    .text.HAL_DMA_IRQHandler  py32f403_hal_dma.o
    0x0800178c   0x0800178c   0x000000f4   Code   RO          663    .text.HAL_DMA_Init  py32f403_hal_dma.o
    0x08001880   0x08001880   0x000000ca   Code   RO          671    .text.HAL_DMA_Start_IT  py32f403_hal_dma.o
    0x0800194a   0x0800194a   0x00000002   PAD
    0x0800194c   0x0800194c   0x00000042   Code   RO          529    .text.HAL_Delay     py32f403_hal.o
    0x0800198e   0x0800198e   0x00000002   PAD
    0x08001990   0x08001990   0x0000034e   Code   RO          786    .text.HAL_GPIO_Init  py32f403_hal_gpio.o
    0x08001cde   0x08001cde   0x00000002   PAD
    0x08001ce0   0x08001ce0   0x0000002e   Code   RO          794    .text.HAL_GPIO_TogglePin  py32f403_hal_gpio.o
    0x08001d0e   0x08001d0e   0x00000002   PAD
    0x08001d10   0x08001d10   0x0000000c   Code   RO          521    .text.HAL_GetTick   py32f403_hal.o
    0x08001d1c   0x08001d1c   0x00000008   Code   RO          959    .text.HAL_I2C_AbortCpltCallback  py32f403_hal_i2c.o
    0x08001d24   0x08001d24   0x00000010   Code   RO          949    .text.HAL_I2C_AddrCallback  py32f403_hal_i2c.o
    0x08001d34   0x08001d34   0x00000176   Code   RO          937    .text.HAL_I2C_ER_IRQHandler  py32f403_hal_i2c.o
    0x08001eaa   0x08001eaa   0x00000002   PAD
    0x08001eac   0x08001eac   0x000003aa   Code   RO          907    .text.HAL_I2C_EV_IRQHandler  py32f403_hal_i2c.o
    0x08002256   0x08002256   0x00000002   PAD
    0x08002258   0x08002258   0x00000008   Code   RO          957    .text.HAL_I2C_ErrorCallback  py32f403_hal_i2c.o
    0x08002260   0x08002260   0x0000028c   Code   RO          813    .text.HAL_I2C_Init  py32f403_hal_i2c.o
    0x080024ec   0x080024ec   0x00000008   Code   RO          951    .text.HAL_I2C_ListenCpltCallback  py32f403_hal_i2c.o
    0x080024f4   0x080024f4   0x00000008   Code   RO          943    .text.HAL_I2C_MasterRxCpltCallback  py32f403_hal_i2c.o
    0x080024fc   0x080024fc   0x00000008   Code   RO          941    .text.HAL_I2C_MasterTxCpltCallback  py32f403_hal_i2c.o
    0x08002504   0x08002504   0x0000020c   Code   RO          821    .text.HAL_I2C_Master_Transmit  py32f403_hal_i2c.o
    0x08002710   0x08002710   0x00000008   Code   RO          955    .text.HAL_I2C_MemRxCpltCallback  py32f403_hal_i2c.o
    0x08002718   0x08002718   0x00000008   Code   RO          953    .text.HAL_I2C_MemTxCpltCallback  py32f403_hal_i2c.o
    0x08002720   0x08002720   0x00000464   Code   RO          867    .text.HAL_I2C_Mem_Read  py32f403_hal_i2c.o
    0x08002b84   0x08002b84   0x00000214   Code   RO          863    .text.HAL_I2C_Mem_Write  py32f403_hal_i2c.o
    0x08002d98   0x08002d98   0x00000088   Code   RO           42    .text.HAL_I2C_MspInit  py32f403_hal_msp.o
    0x08002e20   0x08002e20   0x00000008   Code   RO          947    .text.HAL_I2C_SlaveRxCpltCallback  py32f403_hal_i2c.o
    0x08002e28   0x08002e28   0x00000008   Code   RO          945    .text.HAL_I2C_SlaveTxCpltCallback  py32f403_hal_i2c.o
    0x08002e30   0x08002e30   0x0000001a   Code   RO          519    .text.HAL_IncTick   py32f403_hal.o
    0x08002e4a   0x08002e4a   0x00000002   PAD
    0x08002e4c   0x08002e4c   0x00000016   Code   RO          509    .text.HAL_Init      py32f403_hal.o
    0x08002e62   0x08002e62   0x00000002   PAD
    0x08002e64   0x08002e64   0x00000070   Code   RO          511    .text.HAL_InitTick  py32f403_hal.o
    0x08002ed4   0x08002ed4   0x0000007e   Code   RO           38    .text.HAL_MspInit   py32f403_hal_msp.o
    0x08002f52   0x08002f52   0x00000002   PAD
    0x08002f54   0x08002f54   0x00000014   Code   RO          608    .text.HAL_NVIC_EnableIRQ  py32f403_hal_cortex.o
    0x08002f68   0x08002f68   0x00000032   Code   RO          600    .text.HAL_NVIC_SetPriority  py32f403_hal_cortex.o
    0x08002f9a   0x08002f9a   0x00000002   PAD
    0x08002f9c   0x08002f9c   0x00000010   Code   RO          596    .text.HAL_NVIC_SetPriorityGrouping  py32f403_hal_cortex.o
    0x08002fac   0x08002fac   0x00000262   Code   RO         1067    .text.HAL_RCC_ClockConfig  py32f403_hal_rcc.o
    0x0800320e   0x0800320e   0x00000002   PAD
    0x08003210   0x08003210   0x0000000c   Code   RO         1077    .text.HAL_RCC_GetHCLKFreq  py32f403_hal_rcc.o
    0x0800321c   0x0800321c   0x00000022   Code   RO         1079    .text.HAL_RCC_GetPCLK1Freq  py32f403_hal_rcc.o
    0x0800323e   0x0800323e   0x00000002   PAD
    0x08003240   0x08003240   0x00000022   Code   RO         1081    .text.HAL_RCC_GetPCLK2Freq  py32f403_hal_rcc.o
    0x08003262   0x08003262   0x00000002   PAD
    0x08003264   0x08003264   0x000000ec   Code   RO         1069    .text.HAL_RCC_GetSysClockFreq  py32f403_hal_rcc.o
    0x08003350   0x08003350   0x000007c6   Code   RO         1063    .text.HAL_RCC_OscConfig  py32f403_hal_rcc.o
    0x08003b16   0x08003b16   0x00000002   PAD
    0x08003b18   0x08003b18   0x00000002   Code   RO          652    .text.HAL_SYSTICK_Callback  py32f403_hal_cortex.o
    0x08003b1a   0x08003b1a   0x00000002   PAD
    0x08003b1c   0x08003b1c   0x00000010   Code   RO          620    .text.HAL_SYSTICK_Config  py32f403_hal_cortex.o
    0x08003b2c   0x08003b2c   0x00000008   Code   RO          650    .text.HAL_SYSTICK_IRQHandler  py32f403_hal_cortex.o
    0x08003b34   0x08003b34   0x00000098   Code   RO         1491    .text.HAL_UART_DMAStop  py32f403_hal_uart.o
    0x08003bcc   0x08003bcc   0x0000005c   Code   RO         1459    .text.HAL_UART_DeInit  py32f403_hal_uart.o
    0x08003c28   0x08003c28   0x0000008e   Code   RO          485    .text.HAL_UART_ErrorCallback  drv_uart.o
    0x08003cb6   0x08003cb6   0x00000002   PAD
    0x08003cb8   0x08003cb8   0x00000236   Code   RO         1523    .text.HAL_UART_IRQHandler  py32f403_hal_uart.o
    0x08003eee   0x08003eee   0x00000002   PAD
    0x08003ef0   0x08003ef0   0x00000082   Code   RO          487    .text.HAL_UART_IdleFrameDetectCpltCallback  drv_uart.o
    0x08003f72   0x08003f72   0x00000002   PAD
    0x08003f74   0x08003f74   0x000000aa   Code   RO         1445    .text.HAL_UART_Init  py32f403_hal_uart.o
    0x0800401e   0x0800401e   0x00000002   PAD
    0x08004020   0x08004020   0x00000008   Code   RO         1461    .text.HAL_UART_MspDeInit  py32f403_hal_uart.o
    0x08004028   0x08004028   0x00000096   Code   RO           40    .text.HAL_UART_MspInit  py32f403_hal_msp.o
    0x080040be   0x080040be   0x00000002   PAD
    0x080040c0   0x080040c0   0x0000013a   Code   RO         1481    .text.HAL_UART_Receive_DMA  py32f403_hal_uart.o
    0x080041fa   0x080041fa   0x00000002   PAD
    0x080041fc   0x080041fc   0x0000007e   Code   RO          477    .text.HAL_UART_RxCpltCallback  drv_uart.o
    0x0800427a   0x0800427a   0x00000002   PAD
    0x0800427c   0x0800427c   0x00000070   Code   RO          481    .text.HAL_UART_RxHalfCpltCallback  drv_uart.o
    0x080042ec   0x080042ec   0x00000176   Code   RO         1463    .text.HAL_UART_Transmit  py32f403_hal_uart.o
    0x08004462   0x08004462   0x00000002   PAD
    0x08004464   0x08004464   0x000000f6   Code   RO         1473    .text.HAL_UART_Transmit_DMA  py32f403_hal_uart.o
    0x0800455a   0x0800455a   0x00000002   PAD
    0x0800455c   0x0800455c   0x000000a2   Code   RO         1469    .text.HAL_UART_Transmit_IT  py32f403_hal_uart.o
    0x080045fe   0x080045fe   0x00000002   PAD
    0x08004600   0x08004600   0x000000a6   Code   RO          475    .text.HAL_UART_TxCpltCallback  drv_uart.o
    0x080046a6   0x080046a6   0x00000002   PAD
    0x080046a8   0x080046a8   0x00000008   Code   RO         1539    .text.HAL_UART_TxHalfCpltCallback  py32f403_hal_uart.o
    0x080046b0   0x080046b0   0x00000004   Code   RO           55    .text.HardFault_Handler  py32f403_it.o
    0x080046b4   0x080046b4   0x00000010   Code   RO          341    .text.I2C1_ER_IRQHandler  drv_i2c.o
    0x080046c4   0x080046c4   0x00000010   Code   RO          339    .text.I2C1_EV_IRQHandler  drv_i2c.o
    0x080046d4   0x080046d4   0x00000012   Code   RO          345    .text.I2C2_ER_IRQHandler  drv_i2c.o
    0x080046e6   0x080046e6   0x00000002   PAD
    0x080046e8   0x080046e8   0x00000012   Code   RO          343    .text.I2C2_EV_IRQHandler  drv_i2c.o
    0x080046fa   0x080046fa   0x00000002   PAD
    0x080046fc   0x080046fc   0x0000010c   Code   RO          349    .text.I2C2_ScanDevices  drv_i2c.o
    0x08004808   0x08004808   0x00000034   Code   RO          909    .text.I2C_ConvertOtherXferOptions  py32f403_hal_i2c.o
    0x0800483c   0x0800483c   0x000000c8   Code   RO          893    .text.I2C_DMAAbort  py32f403_hal_i2c.o
    0x08004904   0x08004904   0x00000230   Code   RO          905    .text.I2C_ITError   py32f403_hal_i2c.o
    0x08004b34   0x08004b34   0x00000064   Code   RO          969    .text.I2C_IsAcknowledgeFailed  py32f403_hal_i2c.o
    0x08004b98   0x08004b98   0x0000019e   Code   RO          923    .text.I2C_MasterReceive_BTF  py32f403_hal_i2c.o
    0x08004d36   0x08004d36   0x00000002   PAD
    0x08004d38   0x08004d38   0x000000ec   Code   RO          921    .text.I2C_MasterReceive_RXNE  py32f403_hal_i2c.o
    0x08004e24   0x08004e24   0x000000fa   Code   RO          825    .text.I2C_MasterRequestWrite  py32f403_hal_i2c.o
    0x08004f1e   0x08004f1e   0x00000002   PAD
    0x08004f20   0x08004f20   0x000000dc   Code   RO          919    .text.I2C_MasterTransmit_BTF  py32f403_hal_i2c.o
    0x08004ffc   0x08004ffc   0x000001f6   Code   RO          917    .text.I2C_MasterTransmit_TXE  py32f403_hal_i2c.o
    0x080051f2   0x080051f2   0x00000002   PAD
    0x080051f4   0x080051f4   0x00000048   Code   RO          913    .text.I2C_Master_ADD10  py32f403_hal_i2c.o
    0x0800523c   0x0800523c   0x00000358   Code   RO          915    .text.I2C_Master_ADDR  py32f403_hal_i2c.o
    0x08005594   0x08005594   0x000000f2   Code   RO          911    .text.I2C_Master_SB  py32f403_hal_i2c.o
    0x08005686   0x08005686   0x00000002   PAD
    0x08005688   0x08005688   0x000001b2   Code   RO          869    .text.I2C_RequestMemoryRead  py32f403_hal_i2c.o
    0x0800583a   0x0800583a   0x00000002   PAD
    0x0800583c   0x0800583c   0x00000122   Code   RO          865    .text.I2C_RequestMemoryWrite  py32f403_hal_i2c.o
    0x0800595e   0x0800595e   0x00000002   PAD
    0x08005960   0x08005960   0x0000002e   Code   RO          935    .text.I2C_SlaveReceive_BTF  py32f403_hal_i2c.o
    0x0800598e   0x0800598e   0x00000002   PAD
    0x08005990   0x08005990   0x0000006e   Code   RO          933    .text.I2C_SlaveReceive_RXNE  py32f403_hal_i2c.o
    0x080059fe   0x080059fe   0x00000002   PAD
    0x08005a00   0x08005a00   0x0000002c   Code   RO          931    .text.I2C_SlaveTransmit_BTF  py32f403_hal_i2c.o
    0x08005a2c   0x08005a2c   0x0000006c   Code   RO          929    .text.I2C_SlaveTransmit_TXE  py32f403_hal_i2c.o
    0x08005a98   0x08005a98   0x000000ae   Code   RO          925    .text.I2C_Slave_ADDR  py32f403_hal_i2c.o
    0x08005b46   0x08005b46   0x00000002   PAD
    0x08005b48   0x08005b48   0x000000de   Code   RO          939    .text.I2C_Slave_AF  py32f403_hal_i2c.o
    0x08005c26   0x08005c26   0x00000002   PAD
    0x08005c28   0x08005c28   0x0000024a   Code   RO          927    .text.I2C_Slave_STOPF  py32f403_hal_i2c.o
    0x08005e72   0x08005e72   0x00000002   PAD
    0x08005e74   0x08005e74   0x00000096   Code   RO          829    .text.I2C_WaitOnBTFFlagUntilTimeout  py32f403_hal_i2c.o
    0x08005f0a   0x08005f0a   0x00000002   PAD
    0x08005f0c   0x08005f0c   0x000000be   Code   RO          823    .text.I2C_WaitOnFlagUntilTimeout  py32f403_hal_i2c.o
    0x08005fca   0x08005fca   0x00000002   PAD
    0x08005fcc   0x08005fcc   0x00000110   Code   RO          967    .text.I2C_WaitOnMasterAddressFlagUntilTimeout  py32f403_hal_i2c.o
    0x080060dc   0x080060dc   0x000000da   Code   RO          835    .text.I2C_WaitOnRXNEFlagUntilTimeout  py32f403_hal_i2c.o
    0x080061b6   0x080061b6   0x00000002   PAD
    0x080061b8   0x080061b8   0x00000094   Code   RO          827    .text.I2C_WaitOnTXEFlagUntilTimeout  py32f403_hal_i2c.o
    0x0800624c   0x0800624c   0x00000044   Code   RO          347    .text.MX_I2C2_Init  drv_i2c.o
    0x08006290   0x08006290   0x00000004   Code   RO           57    .text.MemManage_Handler  py32f403_it.o
    0x08006294   0x08006294   0x00000002   Code   RO           53    .text.NMI_Handler   py32f403_it.o
    0x08006296   0x08006296   0x00000002   PAD
    0x08006298   0x08006298   0x0000006c   Code   RO          606    .text.NVIC_EncodePriority  py32f403_hal_cortex.o
    0x08006304   0x08006304   0x00000002   Code   RO         1795    .text.OSAL_TIMER_TICKINIT  timer.o
    0x08006306   0x08006306   0x00000002   PAD
    0x08006308   0x08006308   0x00000002   Code   RO         1797    .text.OSAL_TIMER_TICKSTART  timer.o
    0x0800630a   0x0800630a   0x00000002   PAD
    0x0800630c   0x0800630c   0x00000002   Code   RO         1799    .text.OSAL_TIMER_TICKSTOP  timer.o
    0x0800630e   0x0800630e   0x00000002   PAD
    0x08006310   0x08006310   0x00000002   Code   RO           67    .text.PendSV_Handler  py32f403_it.o
    0x08006312   0x08006312   0x00000002   PAD
    0x08006314   0x08006314   0x0000003a   Code   RO         1065    .text.RCC_Delay     py32f403_hal_rcc.o
    0x0800634e   0x0800634e   0x00000002   PAD
    0x08006350   0x08006350   0x00000002   Code   RO           63    .text.SVC_Handler   py32f403_it.o
    0x08006352   0x08006352   0x00000002   PAD
    0x08006354   0x08006354   0x00000054   Code   RO          622    .text.SysTick_Config  py32f403_hal_cortex.o
    0x080063a8   0x080063a8   0x00000012   Code   RO           69    .text.SysTick_Handler  py32f403_it.o
    0x080063ba   0x080063ba   0x00000002   PAD
    0x080063bc   0x080063bc   0x0000007c   Code   RO            4    .text.SystemClockConfig  main.o
    0x08006438   0x08006438   0x00000010   Code   RO         1817    .text.SystemInit    system_py32f403.o
    0x08006448   0x08006448   0x00000002   Code   RO           71    .text.TIM2_IRQHandler  py32f403_it.o
    0x0800644a   0x0800644a   0x00000002   PAD
    0x0800644c   0x0800644c   0x0000004e   Code   RO         1451    .text.UART_AdvFeatureConfig  py32f403_hal_uart.o
    0x0800649a   0x0800649a   0x00000002   PAD
    0x0800649c   0x0800649c   0x00000020   Code   RO         1527    .text.UART_DMAAbortOnError  py32f403_hal_uart.o
    0x080064bc   0x080064bc   0x0000007c   Code   RO         1479    .text.UART_DMAError  py32f403_hal_uart.o
    0x08006538   0x08006538   0x00000058   Code   RO         1483    .text.UART_DMAReceiveCplt  py32f403_hal_uart.o
    0x08006590   0x08006590   0x00000016   Code   RO         1485    .text.UART_DMARxHalfCplt  py32f403_hal_uart.o
    0x080065a6   0x080065a6   0x00000002   PAD
    0x080065a8   0x080065a8   0x00000046   Code   RO         1475    .text.UART_DMATransmitCplt  py32f403_hal_uart.o
    0x080065ee   0x080065ee   0x00000002   PAD
    0x080065f0   0x080065f0   0x00000016   Code   RO         1477    .text.UART_DMATxHalfCplt  py32f403_hal_uart.o
    0x08006606   0x08006606   0x00000002   PAD
    0x08006608   0x08006608   0x00000028   Code   RO         1495    .text.UART_EndRxTransfer  py32f403_hal_uart.o
    0x08006630   0x08006630   0x00000026   Code   RO         1535    .text.UART_EndTransmit_IT  py32f403_hal_uart.o
    0x08006656   0x08006656   0x00000002   PAD
    0x08006658   0x08006658   0x0000001c   Code   RO         1493    .text.UART_EndTxTransfer  py32f403_hal_uart.o
    0x08006674   0x08006674   0x000000b6   Code   RO         1525    .text.UART_Receive_IT  py32f403_hal_uart.o
    0x0800672a   0x0800672a   0x00000002   PAD
    0x0800672c   0x0800672c   0x000001ce   Code   RO         1449    .text.UART_SetConfig  py32f403_hal_uart.o
    0x080068fa   0x080068fa   0x00000002   PAD
    0x080068fc   0x080068fc   0x0000009c   Code   RO         1533    .text.UART_Transmit_IT  py32f403_hal_uart.o
    0x08006998   0x08006998   0x0000009c   Code   RO         1465    .text.UART_WaitOnFlagUntilTimeout  py32f403_hal_uart.o
    0x08006a34   0x08006a34   0x00000014   Code   RO          469    .text.USART2_IRQHandler  drv_uart.o
    0x08006a48   0x08006a48   0x00000004   Code   RO           61    .text.UsageFault_Handler  py32f403_it.o
    0x08006a4c   0x08006a4c   0x00000030   Code   RO          610    .text.__NVIC_EnableIRQ  py32f403_hal_cortex.o
    0x08006a7c   0x08006a7c   0x00000010   Code   RO          602    .text.__NVIC_GetPriorityGrouping  py32f403_hal_cortex.o
    0x08006a8c   0x08006a8c   0x00000042   Code   RO          604    .text.__NVIC_SetPriority  py32f403_hal_cortex.o
    0x08006ace   0x08006ace   0x00000002   PAD
    0x08006ad0   0x08006ad0   0x0000003c   Code   RO          598    .text.__NVIC_SetPriorityGrouping  py32f403_hal_cortex.o
    0x08006b0c   0x08006b0c   0x00000060   Code   RO          176    .text.acceleration_to_12bit  data_protocol.o
    0x08006b6c   0x08006b6c   0x00000236   Code   RO          140    .text.base64_decode  data_protocol.o
    0x08006da2   0x08006da2   0x00000002   PAD
    0x08006da4   0x08006da4   0x0000016c   Code   RO          138    .text.base64_encode  data_protocol.o
    0x08006f10   0x08006f10   0x0000003a   Code   RO           24    .text.board_init    board.o
    0x08006f4a   0x08006f4a   0x00000002   PAD
    0x08006f4c   0x08006f4c   0x0000011c   Code   RO          148    .text.build_frame   data_protocol.o
    0x08007068   0x08007068   0x00000146   Code   RO          160    .text.build_report_msg  data_protocol.o
    0x080071ae   0x080071ae   0x00000002   PAD
    0x080071b0   0x080071b0   0x00000084   Code   RO          213    .text.convert_accel  qmi8658a_driver.o
    0x08007234   0x08007234   0x00000084   Code   RO          215    .text.convert_gyro  qmi8658a_driver.o
    0x080072b8   0x080072b8   0x00000088   Code   RO          142    .text.crc24q_calculate  data_protocol.o
    0x08007340   0x08007340   0x0000005a   Code   RO          146    .text.crc_from_base64  data_protocol.o
    0x0800739a   0x0800739a   0x00000002   PAD
    0x0800739c   0x0800739c   0x0000002e   Code   RO          144    .text.crc_to_base64  data_protocol.o
    0x080073ca   0x080073ca   0x00000002   PAD
    0x080073cc   0x080073cc   0x00000024   Code   RO           26    .text.fputc         board.o
    0x080073f0   0x080073f0   0x0000000a   Code   RO          136    .text.get_base64_table  data_protocol.o
    0x080073fa   0x080073fa   0x00000002   PAD
    0x080073fc   0x080073fc   0x00000034   Code   RO          491    .text.get_uart_device  drv_uart.o
    0x08007430   0x08007430   0x0000003e   Code   RO          288    .text.gpio_get_pin  drv_gpio.o
    0x0800746e   0x0800746e   0x00000002   PAD
    0x08007470   0x08007470   0x0000009e   Code   RO          290    .text.gpio_init     drv_gpio.o
    0x0800750e   0x0800750e   0x00000002   PAD
    0x08007510   0x08007510   0x00000044   Code   RO          310    .text.gpio_irq_handler  drv_gpio.o
    0x08007554   0x08007554   0x000000a0   Code   RO          292    .text.gpio_mode     drv_gpio.o
    0x080075f4   0x080075f4   0x00000036   Code   RO          298    .text.gpio_toggle   drv_gpio.o
    0x0800762a   0x0800762a   0x00000002   PAD
    0x0800762c   0x0800762c   0x0000001c   Code   RO          104    .text.handle_query_command  print_task.o
    0x08007648   0x08007648   0x0000003e   Code   RO          172    .text.humidity_to_12bit  data_protocol.o
    0x08007686   0x08007686   0x00000002   PAD
    0x08007688   0x08007688   0x000000c2   Code   RO          152    .text.is_frame_complete  data_protocol.o
    0x0800774a   0x0800774a   0x00000002   PAD
    0x0800774c   0x0800774c   0x00000034   Code   RO          415    .text.is_uart_initialized  drv_uart.o
    0x08007780   0x08007780   0x00000078   Code   RO           86    .text.led_task_event_process  led_task.o
    0x080077f8   0x080077f8   0x0000002e   Code   RO           84    .text.led_task_init  led_task.o
    0x08007826   0x08007826   0x00000002   PAD
    0x08007828   0x08007828   0x00000012   Code   RO            2    .text.main          main.o
    0x0800783a   0x0800783a   0x00000002   PAD
    0x0800783c   0x0800783c   0x000000b6   Code   RO         1760    .text.osalAddTimer  osal_timer.o
    0x080078f2   0x080078f2   0x00000002   PAD
    0x080078f4   0x080078f4   0x00000042   Code   RO         1669    .text.osalFindTask  osal_event.o
    0x08007936   0x08007936   0x00000002   PAD
    0x08007938   0x08007938   0x0000004a   Code   RO         1762    .text.osalFindTimer  osal_timer.o
    0x08007982   0x08007982   0x00000002   PAD
    0x08007984   0x08007984   0x00000038   Code   RO         1679    .text.osalNextActiveTask  osal_event.o
    0x080079bc   0x080079bc   0x00000036   Code   RO         1756    .text.osalTimerInit  osal_timer.o
    0x080079f2   0x080079f2   0x00000002   PAD
    0x080079f4   0x080079f4   0x0000011c   Code   RO         1778    .text.osalTimerUpdate  osal_timer.o
    0x08007b10   0x08007b10   0x0000000c   Code   RO         1780    .text.osal_GetSystemClock  osal_timer.o
    0x08007b1c   0x08007b1c   0x00000066   Code   RO         1675    .text.osal_Task_init  osal_event.o
    0x08007b82   0x08007b82   0x00000002   PAD
    0x08007b84   0x08007b84   0x000000a6   Code   RO         1677    .text.osal_add_Task  osal_event.o
    0x08007c2a   0x08007c2a   0x00000002   PAD
    0x08007c2c   0x08007c2c   0x0000004c   Code   RO         1671    .text.osal_clear_event  osal_event.o
    0x08007c78   0x08007c78   0x00000022   Code   RO         1673    .text.osal_init_TaskHead  osal_event.o
    0x08007c9a   0x08007c9a   0x00000002   PAD
    0x08007c9c   0x08007c9c   0x0000001e   Code   RO         1643    .text.osal_init_system  osal.o
    0x08007cba   0x08007cba   0x00000002   PAD
    0x08007cbc   0x08007cbc   0x0000006e   Code   RO           16    .text.osal_main     osal_main.o
    0x08007d2a   0x08007d2a   0x00000002   PAD
    0x08007d2c   0x08007d2c   0x00000236   Code   RO         1694    .text.osal_mem_alloc  osal_memory.o
    0x08007f62   0x08007f62   0x00000002   PAD
    0x08007f64   0x08007f64   0x0000007a   Code   RO         1698    .text.osal_mem_free  osal_memory.o
    0x08007fde   0x08007fde   0x00000002   PAD
    0x08007fe0   0x08007fe0   0x00000092   Code   RO         1692    .text.osal_mem_init  osal_memory.o
    0x08008072   0x08008072   0x00000002   PAD
    0x08008074   0x08008074   0x00000024   Code   RO         1696    .text.osal_mem_kick  osal_memory.o
    0x08008098   0x08008098   0x00000044   Code   RO         1731    .text.osal_msg_deallocate  osal_msg.o
    0x080080dc   0x080080dc   0x0000004c   Code   RO         1739    .text.osal_msg_extract  osal_msg.o
    0x08008128   0x08008128   0x000000a2   Code   RO         1737    .text.osal_msg_receive  osal_msg.o
    0x080081ca   0x080081ca   0x00000002   PAD
    0x080081cc   0x080081cc   0x0000004c   Code   RO         1667    .text.osal_set_event  osal_event.o
    0x08008218   0x08008218   0x00000068   Code   RO         1770    .text.osal_start_reload_timer  osal_timer.o
    0x08008280   0x08008280   0x00000092   Code   RO         1645    .text.osal_start_system  osal.o
    0x08008312   0x08008312   0x00000002   PAD
    0x08008314   0x08008314   0x00000022   Code   RO         1758    .text.osal_timer_activate  osal_timer.o
    0x08008336   0x08008336   0x00000002   PAD
    0x08008338   0x08008338   0x00000020   Code   RO         1766    .text.osal_timer_hw_setup  osal_timer.o
    0x08008358   0x08008358   0x0000017c   Code   RO          150    .text.parse_frame   data_protocol.o
    0x080084d4   0x080084d4   0x00000254   Code   RO           98    .text.print_task_event_process  print_task.o
    0x08008728   0x08008728   0x00000026   Code   RO           96    .text.print_task_init  print_task.o
    0x0800874e   0x0800874e   0x00000002   PAD
    0x08008750   0x08008750   0x0000008a   Code   RO          102    .text.process_uart_command  print_task.o
    0x080087da   0x080087da   0x00000002   PAD
    0x080087dc   0x080087dc   0x0000015c   Code   RO          100    .text.process_uart_commands  print_task.o
    0x08008938   0x08008938   0x00000018   Code   RO          237    .text.qmi8658a_device_id_get  qmi8658a_reg.o
    0x08008950   0x08008950   0x00000054   Code   RO          247    .text.qmi8658a_gyro_data_rate_set  qmi8658a_reg.o
    0x080089a4   0x080089a4   0x00000056   Code   RO          251    .text.qmi8658a_gyro_full_scale_set  qmi8658a_reg.o
    0x080089fa   0x080089fa   0x00000002   PAD
    0x080089fc   0x080089fc   0x0000004c   Code   RO          227    .text.qmi8658a_i2c_read  qmi8658a_reg.o
    0x08008a48   0x08008a48   0x0000004c   Code   RO          229    .text.qmi8658a_i2c_write  qmi8658a_reg.o
    0x08008a94   0x08008a94   0x000000dc   Code   RO          201    .text.qmi8658a_init  qmi8658a_driver.o
    0x08008b70   0x08008b70   0x0000013c   Code   RO          203    .text.qmi8658a_read_data  qmi8658a_driver.o
    0x08008cac   0x08008cac   0x00000044   Code   RO          231    .text.qmi8658a_read_reg  qmi8658a_reg.o
    0x08008cf0   0x08008cf0   0x0000006e   Code   RO          207    .text.qmi8658a_set_odr  qmi8658a_driver.o
    0x08008d5e   0x08008d5e   0x00000002   PAD
    0x08008d60   0x08008d60   0x0000007c   Code   RO          205    .text.qmi8658a_set_range  qmi8658a_driver.o
    0x08008ddc   0x08008ddc   0x00000022   Code   RO          209    .text.qmi8658a_sleep  qmi8658a_driver.o
    0x08008dfe   0x08008dfe   0x00000002   PAD
    0x08008e00   0x08008e00   0x00000022   Code   RO          211    .text.qmi8658a_wakeup  qmi8658a_driver.o
    0x08008e22   0x08008e22   0x00000002   PAD
    0x08008e24   0x08008e24   0x00000044   Code   RO          233    .text.qmi8658a_write_reg  qmi8658a_reg.o
    0x08008e68   0x08008e68   0x00000020   Code   RO          392    .text.ring_buffer_available  drv_tool.o
    0x08008e88   0x08008e88   0x00000024   Code   RO          388    .text.ring_buffer_free_space  drv_tool.o
    0x08008eac   0x08008eac   0x000000bc   Code   RO          390    .text.ring_buffer_get_multiple  drv_tool.o
    0x08008f68   0x08008f68   0x00000052   Code   RO          376    .text.ring_buffer_init  drv_tool.o
    0x08008fba   0x08008fba   0x00000002   PAD
    0x08008fbc   0x08008fbc   0x000000e4   Code   RO          394    .text.ring_buffer_peek_multiple  drv_tool.o
    0x080090a0   0x080090a0   0x000000bc   Code   RO          386    .text.ring_buffer_put_multiple  drv_tool.o
    0x0800915c   0x0800915c   0x00000072   Code   RO          396    .text.ring_buffer_skip  drv_tool.o
    0x080091ce   0x080091ce   0x00000002   PAD
    0x080091d0   0x080091d0   0x0000002e   Code   RO          106    .text.send_error_response  print_task.o
    0x080091fe   0x080091fe   0x00000002   PAD
    0x08009200   0x08009200   0x00000122   Code   RO          122    .text.sensor_task_event_process  sensor_task.o
    0x08009322   0x08009322   0x00000002   PAD
    0x08009324   0x08009324   0x00000068   Code   RO          120    .text.sensor_task_init  sensor_task.o
    0x0800938c   0x0800938c   0x00000060   Code   RO          168    .text.temperature_to_12bit  data_protocol.o
    0x080093ec   0x080093ec   0x000000a8   Code   RO          411    .text.uart_configure_irq_priority  drv_uart.o
    0x08009494   0x08009494   0x000001ee   Code   RO          409    .text.uart_dma_init  drv_uart.o
    0x08009682   0x08009682   0x00000002   PAD
    0x08009684   0x08009684   0x00000070   Code   RO          479    .text.uart_dma_process_full_data  drv_uart.o
    0x080096f4   0x080096f4   0x0000006e   Code   RO          483    .text.uart_dma_process_half_data  drv_uart.o
    0x08009762   0x08009762   0x00000002   PAD
    0x08009764   0x08009764   0x000001d4   Code   RO          489    .text.uart_dma_process_idle_data  drv_uart.o
    0x08009938   0x08009938   0x000000f8   Code   RO          419    .text.uart_dma_start_rx  drv_uart.o
    0x08009a30   0x08009a30   0x00000104   Code   RO          407    .text.uart_init     drv_uart.o
    0x08009b34   0x08009b34   0x0000007a   Code   RO          423    .text.uart_read_from_ring_buffer  drv_uart.o
    0x08009bae   0x08009bae   0x00000002   PAD
    0x08009bb0   0x08009bb0   0x000001d4   Code   RO          447    .text.uart_send     drv_uart.o
    0x08009d84   0x08009d84   0x00000056   Code   RO          451    .text.uart_send_async  drv_uart.o
    0x08009dda   0x08009dda   0x00000002   PAD
    0x08009ddc   0x08009ddc   0x000000e6   Code   RO          427    .text.uart_start_tx_from_ring_buffer  drv_uart.o
    0x08009ec2   0x08009ec2   0x00000002   PAD
    0x08009ec4   0x08009ec4   0x000000a2   Code   RO          425    .text.uart_write_to_ring_buffer  drv_uart.o
    0x08009f66   0x08009f66   0x00000002   PAD
    0x08009f68   0x08009f68   0x00000020   Code   RO         1854    i.__0printf         mc_w.l(printfa.o)
    0x08009f88   0x08009f88   0x0000007a   Code   RO         1832    i.__hardfp_sqrt     m_wm.l(sqrt.o)
    0x0800a002   0x0800a002   0x0000000e   Code   RO         1977    i.__scatterload_copy  mc_w.l(handlers.o)
    0x0800a010   0x0800a010   0x00000002   Code   RO         1978    i.__scatterload_null  mc_w.l(handlers.o)
    0x0800a012   0x0800a012   0x0000000e   Code   RO         1979    i.__scatterload_zeroinit  mc_w.l(handlers.o)
    0x0800a020   0x0800a020   0x0000000c   Code   RO         1945    i.__set_errno       mc_w.l(errno.o)
    0x0800a02c   0x0800a02c   0x00000184   Code   RO         1861    i._fp_digits        mc_w.l(printfa.o)
    0x0800a1b0   0x0800a1b0   0x000006dc   Code   RO         1862    i._printf_core      mc_w.l(printfa.o)
    0x0800a88c   0x0800a88c   0x00000024   Code   RO         1863    i._printf_post_padding  mc_w.l(printfa.o)
    0x0800a8b0   0x0800a8b0   0x0000002e   Code   RO         1864    i._printf_pre_padding  mc_w.l(printfa.o)
    0x0800a8de   0x0800a8de   0x00000002   PAD
    0x0800a8e0   0x0800a8e0   0x00000050   Code   RO         1881    i.free              mc_w.l(malloc.o)
    0x0800a930   0x0800a930   0x0000006c   Code   RO         1882    i.malloc            mc_w.l(malloc.o)
    0x0800a99c   0x0800a99c   0x00000040   Data   RO         1091    .rodata..L__const.HAL_RCC_GetSysClockFreq.aPLLMULFactorTable  py32f403_hal_rcc.o
    0x0800a9dc   0x0800a9dc   0x00000010   Data   RO         1822    .rodata.AHBPrescTable  system_py32f403.o
    0x0800a9ec   0x0800a9ec   0x00000008   Data   RO         1823    .rodata.APBPrescTable  system_py32f403.o
    0x0800a9f4   0x0800a9f4   0x00000041   Data   RO          188    .rodata.get_base64_table.table  data_protocol.o
    0x0800aa35   0x0800aa35   0x00000003   PAD
    0x0800aa38   0x0800aa38   0x00000500   Data   RO          327    .rodata.gpio_pins   drv_gpio.o
    0x0800af38   0x0800af38   0x00000018   Data   RO          218    .rodata.qmi8658a_device  qmi8658a_driver.o
    0x0800af50   0x0800af50   0x00000050   Data   RO          110    .rodata.str1.1      print_task.o
    0x0800afa0   0x0800afa0   0x00000034   Data   RO          128    .rodata.str1.1      sensor_task.o
    0x0800afd4   0x0800afd4   0x00000166   Data   RO          324    .rodata.str1.1      drv_gpio.o
    0x0800b13a   0x0800b13a   0x00000035   Data   RO          356    .rodata.str1.1      drv_i2c.o
    0x0800b16f   0x0800b16f   0x00000001   PAD
    0x0800b170   0x0800b170   0x00000014   Data   RO          494    .rodata.uart_bases  drv_uart.o
    0x0800b184   0x0800b184   0x00000014   Data   RO          501    .rodata.uart_dma_rx_channel_map  drv_uart.o
    0x0800b198   0x0800b198   0x00000014   Data   RO          499    .rodata.uart_dma_rx_channels  drv_uart.o
    0x0800b1ac   0x0800b1ac   0x00000014   Data   RO          500    .rodata.uart_dma_tx_channel_map  drv_uart.o
    0x0800b1c0   0x0800b1c0   0x00000014   Data   RO          498    .rodata.uart_dma_tx_channels  drv_uart.o
    0x0800b1d4   0x0800b1d4   0x00000005   Data   RO          495    .rodata.uart_irqs   drv_uart.o
    0x0800b1d9   0x0800b1d9   0x00000003   PAD
    0x0800b1dc   0x0800b1dc   0x00000020   Data   RO         1976    Region$$Table       anon$$obj.o


    Execution Region RW_IRAM1 (Exec base: 0x20000000, Load base: 0x0800b200, Size: 0x00007250, Max: 0x00010000, ABSOLUTE)

    Exec Addr    Load Addr    Size         Type   Attr      Idx    E Section Name        Object

    0x20000000   0x0800b200   0x00000004   Data   RW         1927    .data               mc_w.l(stdout.o)
    0x20000004   0x0800b204   0x00000004   Data   RW         1941    .data               mc_w.l(mvars.o)
    0x20000008   0x0800b208   0x00000004   Data   RW         1942    .data               mc_w.l(mvars.o)
    0x2000000c   0x0800b20c   0x00000004   Data   RW         1946    .data               mc_w.l(errno.o)
    0x20000010   0x0800b210   0x00000004   Data   RW         1821    .data.SystemCoreClock  system_py32f403.o
    0x20000014   0x0800b214   0x00000001   Data   RW           30    .data.log_uart_instance  board.o
    0x20000015   0x0800b215   0x00000003   PAD
    0x20000018   0x0800b218   0x00000004   Data   RW         1712    .data.theHeap       osal_memory.o
    0x2000001c   0x0800b21c   0x00000001   Data   RW          584    .data.uwTickFreq    py32f403_hal.o
    0x2000001d   0x0800b21d   0x00000003   PAD
    0x20000020   0x0800b220   0x00000004   Data   RW          583    .data.uwTickPrio    py32f403_hal.o
    0x20000024   0x0800b224   0x00000004   PAD
    0x20000028        -       0x00000004   Zero   RW         1682    .bss.TaskActive     osal_event.o
    0x2000002c        -       0x00000004   Zero   RW         1681    .bss.TaskHead       osal_event.o
    0x20000030        -       0x00000001   Zero   RW         1683    .bss.Task_id        osal_event.o
    0x20000031   0x0800b224   0x00000003   PAD
    0x20000034        -       0x00002000   Zero   RW         1721    .bss._theHeap       osal_memory.o
    0x20002034        -       0x000000f8   Zero   RW          108    .bss.accel_data     print_task.o
    0x2000212c        -       0x00000100   Zero   RW          189    .bss.base64_decode.decode_table  data_protocol.o
    0x2000222c        -       0x00000001   Zero   RW          190    .bss.base64_decode.initialized  data_protocol.o
    0x2000222d   0x0800b224   0x00000001   PAD
    0x2000222e        -       0x00000002   Zero   RW         1717    .bss.blkCnt         osal_memory.o
    0x20002230        -       0x00000002   Zero   RW         1716    .bss.blkFree        osal_memory.o
    0x20002232        -       0x00000002   Zero   RW         1719    .bss.blkMax         osal_memory.o
    0x20002234        -       0x00000014   Zero   RW          217    .bss.ctx            qmi8658a_driver.o
    0x20002248        -       0x00000001   Zero   RW          127    .bss.data_sequence  sensor_task.o
    0x20002249   0x0800b224   0x00000003   PAD
    0x2000224c        -       0x00000004   Zero   RW         1714    .bss.ff1            osal_memory.o
    0x20002250        -       0x00000004   Zero   RW         1715    .bss.ff2            osal_memory.o
    0x20002254        -       0x00000100   Zero   RW          325    .bss.gpio_irq_handlers  drv_gpio.o
    0x20002354        -       0x00000054   Zero   RW          353    .bss.hi2c2          drv_i2c.o
    0x200023a8        -       0x00000001   Zero   RW          354    .bss.i2c2_device_count  drv_i2c.o
    0x200023a9        -       0x00000070   Zero   RW          355    .bss.i2c2_device_list  drv_i2c.o
    0x20002419   0x0800b224   0x00000003   PAD
    0x2000241c        -       0x00000100   Zero   RW          351    .bss.i2c_devices    drv_i2c.o
    0x2000251c        -       0x00001000   Zero   RW          126    .bss.imu_buffer     sensor_task.o
    0x2000351c        -       0x0000000c   Zero   RW          125    .bss.imu_ring_buffer  sensor_task.o
    0x20003528        -       0x00000001   Zero   RW           88    .bss.led_task_id    led_task.o
    0x20003529   0x0800b224   0x00000001   PAD
    0x2000352a        -       0x00000002   Zero   RW         1718    .bss.memAlo         osal_memory.o
    0x2000352c        -       0x00000002   Zero   RW         1720    .bss.memMax         osal_memory.o
    0x2000352e   0x0800b224   0x00000002   PAD
    0x20003530        -       0x00000004   Zero   RW         1659    .bss.osal_qHead     osal.o
    0x20003534        -       0x00000004   Zero   RW         1786    .bss.osal_systemClock  osal_timer.o
    0x20003538        -       0x00000100   Zero   RW          191    .bss.parse_frame.decode_table  data_protocol.o
    0x20003638        -       0x00000001   Zero   RW          192    .bss.parse_frame.initialized  data_protocol.o
    0x20003639        -       0x00000001   Zero   RW          109    .bss.print_task_id  print_task.o
    0x2000363a        -       0x00000001   Zero   RW         1713    .bss.ready          osal_memory.o
    0x2000363b        -       0x00000001   Zero   RW          124    .bss.sensor_task_id  sensor_task.o
    0x2000363c        -       0x00000001   Zero   RW         1684    .bss.tasksCnt       osal_event.o
    0x2000363d        -       0x00000001   Zero   RW         1785    .bss.timerActive    osal_timer.o
    0x2000363e   0x0800b224   0x00000002   PAD
    0x20003640        -       0x00000004   Zero   RW         1787    .bss.timerHead      osal_timer.o
    0x20003644        -       0x00000001   Zero   RW         1784    .bss.tmr_decr_time  osal_timer.o
    0x20003645        -       0x00000200   Zero   RW          112    .bss.uart_cmd_buffer  print_task.o
    0x20003845   0x0800b224   0x00000001   PAD
    0x20003846        -       0x00000002   Zero   RW          111    .bss.uart_cmd_index  print_task.o
    0x20003848        -       0x00001a04   Zero   RW          493    .bss.uart_devices   drv_uart.o
    0x2000524c        -       0x00000004   Zero   RW          585    .bss.uwTick         py32f403_hal.o
    0x20005250        -       0x00001000   Zero   RW         1808    HEAP                startup_py32f403xx.o
    0x20006250        -       0x00001000   Zero   RW         1807    STACK               startup_py32f403xx.o


==============================================================================

Image component sizes


      Code (inc. data)   RO Data    RW Data    ZI Data      Debug   Object Name

        94          0          0          1          0       1658   board.o
      2650          8         65          0        514      11244   data_protocol.o
      1152          6       1638          0        256       9368   drv_gpio.o
       404          0         53          0        453       7587   drv_i2c.o
       868          0          0          0          0       3617   drv_tool.o
      3768          0        105          0       6660      19155   drv_uart.o
       166          0          0          0          1       1229   led_task.o
       146          0          0          0          0       1657   main.o
       176          0          0          0          4       2174   osal.o
       576          0          0          0         10       2419   osal_event.o
       110          0          0          0          0        432   osal_main.o
       870          0          0          4       8211       2750   osal_memory.o
       306          0          0          0          0       3031   osal_msg.o
       776          0          0          0         10       3819   osal_timer.o
      1194          4         80          0        763       4339   print_task.o
       238          0          0          5          4       8137   py32f403_hal.o
       494          0          0          0          0       7960   py32f403_hal_cortex.o
      3536          0          0          0          0       8411   py32f403_hal_dma.o
       892          0          0          0          0       5054   py32f403_hal_gpio.o
     10928          0          0          0          0      35677   py32f403_hal_i2c.o
       412          0          0          0          0       5954   py32f403_hal_msp.o
      2974          0         64          0          0       7995   py32f403_hal_rcc.o
      3590          0          0          0          0      16016   py32f403_hal_uart.o
        46          0          0          0          0       2830   py32f403_it.o
      1102         36         24          0         20       5191   qmi8658a_driver.o
       482          0          0          0          0      12230   qmi8658a_reg.o
       394          0         52          0       4110       2414   sensor_task.o
        60         14        304          0       8192        908   startup_py32f403xx.o
        16          0         24          4          0       2351   system_py32f403.o
         6          0          0          0          0        579   timer.o

    ----------------------------------------------------------------------
     38648         68       2448         20      29228     196186   Object Totals
         0          0         32          0          0          0   (incl. Generated)
       222          0          7          6         20          0   (incl. Padding)

    ----------------------------------------------------------------------

      Code (inc. data)   RO Data    RW Data    ZI Data      Debug   Library Member Name

       122          0          0          0          0        148   sqrt.o
         0          0          0          0          0          0   entry.o
         0          0          0          0          0          0   entry10a.o
         0          0          0          0          0          0   entry11a.o
         8          4          0          0          0          0   entry2.o
         4          0          0          0          0          0   entry5.o
         0          0          0          0          0          0   entry7b.o
         0          0          0          0          0          0   entry8b.o
         8          4          0          0          0          0   entry9a.o
        12          6          0          4          0         68   errno.o
        30          0          0          0          0          0   handlers.o
        48         10          0          0          0         68   init.o
         0          0          0          0          0          0   iusefp.o
        30          0          0          0          0         68   llshl.o
        36          0          0          0          0         68   llsshr.o
        32          0          0          0          0         68   llushr.o
       188         20          0          0          0        160   malloc.o
        64          0          0          0          0         76   memmovea.o
        36          0          0          0          0        108   memseta.o
         0          0          0          8          0          0   mvars.o
      2258         90          0          0          0        452   printfa.o
         0          0          0          4          0          0   stdout.o
        14          0          0          0          0         68   strlen.o
        44          0          0          0          0         80   uidiv.o
        98          0          0          0          0         92   uldiv.o
        48          0          0          0          0         68   cdrcmple.o
        56          0          0          0          0         88   d2f.o
       334          0          0          0          0        148   dadd.o
       222          0          0          0          0        100   ddiv.o
       186          0          0          0          0        176   depilogue.o
        48          0          0          0          0         68   dfixul.o
       228          0          0          0          0         96   dmul.o
       162          0          0          0          0        100   dsqrt.o
        38          0          0          0          0         68   f2d.o
       110          0          0          0          0        168   fepilogue.o

    ----------------------------------------------------------------------
      4468        134          0         16          0       2604   Library Totals
         4          0          0          0          0          0   (incl. Padding)

    ----------------------------------------------------------------------

      Code (inc. data)   RO Data    RW Data    ZI Data      Debug   Library Name

       122          0          0          0          0        148   m_wm.l
      2910        134          0         16          0       1376   mc_w.l
      1432          0          0          0          0       1080   mf_w.l

    ----------------------------------------------------------------------
      4468        134          0         16          0       2604   Library Totals

    ----------------------------------------------------------------------

==============================================================================


      Code (inc. data)   RO Data    RW Data    ZI Data      Debug   

     43116        202       2448         36      29228     197186   Grand Totals
     43116        202       2448         36      29228     197186   ELF Image Totals
     43116        202       2448         36          0          0   ROM Totals

==============================================================================

    Total RO  Size (Code + RO Data)                45564 (  44.50kB)
    Total RW  Size (RW Data + ZI Data)             29264 (  28.58kB)
    Total ROM Size (Code + RO Data + RW Data)      45600 (  44.53kB)

==============================================================================

