Component: Arm Compiler for Embedded 6.19 Tool: armlink [5e73cb00]

==============================================================================

Section Cross References

    main.o(.text.main) refers to py32f403_hal.o(.text.HAL_Init) for HAL_Init
    main.o(.text.main) refers to main.o(.text.SystemClockConfig) for SystemClockConfig
    main.o(.text.main) refers to osal_examplie.o(.text.osal_main) for osal_main
    main.o(.ARM.exidx.text.main) refers to main.o(.text.main) for [Anonymous Symbol]
    main.o(.text.SystemClockConfig) refers to memseta.o(.text) for __aeabi_memclr4
    main.o(.text.SystemClockConfig) refers to py32f403_hal_rcc.o(.text.HAL_RCC_OscConfig) for HAL_RCC_OscConfig
    main.o(.text.SystemClockConfig) refers to main.o(.text.APP_ErrorHandler) for APP_ErrorHandler
    main.o(.text.SystemClockConfig) refers to py32f403_hal_rcc.o(.text.HAL_RCC_ClockConfig) for HAL_RCC_ClockConfig
    main.o(.ARM.exidx.text.SystemClockConfig) refers to main.o(.text.SystemClockConfig) for [Anonymous Symbol]
    main.o(.ARM.exidx.text.APP_ErrorHandler) refers to main.o(.text.APP_ErrorHandler) for [Anonymous Symbol]
    py32f403_hal_msp.o(.ARM.exidx.text.HAL_MspInit) refers to py32f403_hal_msp.o(.text.HAL_MspInit) for [Anonymous Symbol]
    py32f403_hal_msp.o(.text.HAL_UART_MspInit) refers to py32f403_hal_gpio.o(.text.HAL_GPIO_Init) for HAL_GPIO_Init
    py32f403_hal_msp.o(.ARM.exidx.text.HAL_UART_MspInit) refers to py32f403_hal_msp.o(.text.HAL_UART_MspInit) for [Anonymous Symbol]
    py32f403_it.o(.ARM.exidx.text.NMI_Handler) refers to py32f403_it.o(.text.NMI_Handler) for [Anonymous Symbol]
    py32f403_it.o(.ARM.exidx.text.HardFault_Handler) refers to py32f403_it.o(.text.HardFault_Handler) for [Anonymous Symbol]
    py32f403_it.o(.ARM.exidx.text.MemManage_Handler) refers to py32f403_it.o(.text.MemManage_Handler) for [Anonymous Symbol]
    py32f403_it.o(.ARM.exidx.text.BusFault_Handler) refers to py32f403_it.o(.text.BusFault_Handler) for [Anonymous Symbol]
    py32f403_it.o(.ARM.exidx.text.UsageFault_Handler) refers to py32f403_it.o(.text.UsageFault_Handler) for [Anonymous Symbol]
    py32f403_it.o(.ARM.exidx.text.SVC_Handler) refers to py32f403_it.o(.text.SVC_Handler) for [Anonymous Symbol]
    py32f403_it.o(.ARM.exidx.text.DebugMon_Handler) refers to py32f403_it.o(.text.DebugMon_Handler) for [Anonymous Symbol]
    py32f403_it.o(.ARM.exidx.text.PendSV_Handler) refers to py32f403_it.o(.text.PendSV_Handler) for [Anonymous Symbol]
    py32f403_it.o(.text.SysTick_Handler) refers to py32f403_hal.o(.text.HAL_IncTick) for HAL_IncTick
    py32f403_it.o(.text.SysTick_Handler) refers to py32f403_hal_cortex.o(.text.HAL_SYSTICK_IRQHandler) for HAL_SYSTICK_IRQHandler
    py32f403_it.o(.text.SysTick_Handler) refers to osal_timer.o(.text.osalTimerUpdate) for osalTimerUpdate
    py32f403_it.o(.ARM.exidx.text.SysTick_Handler) refers to py32f403_it.o(.text.SysTick_Handler) for [Anonymous Symbol]
    py32f403_it.o(.ARM.exidx.text.TIM2_IRQHandler) refers to py32f403_it.o(.text.TIM2_IRQHandler) for [Anonymous Symbol]
    py32f403_it.o(.ARM.exidx.text.DMA2_Channel1_IRQHandler) refers to py32f403_it.o(.text.DMA2_Channel1_IRQHandler) for [Anonymous Symbol]
    py32f403_it.o(.ARM.exidx.text.HAL_DMA_XferCpltCallback) refers to py32f403_it.o(.text.HAL_DMA_XferCpltCallback) for [Anonymous Symbol]
    uart_polling_example.o(.text.uart_polling_init) refers to uart_polling_example.o(.data.g_uart_instance) for g_uart_instance
    uart_polling_example.o(.text.uart_polling_init) refers to drv_uart.o(.text.uart_init) for uart_init
    uart_polling_example.o(.ARM.exidx.text.uart_polling_init) refers to uart_polling_example.o(.text.uart_polling_init) for [Anonymous Symbol]
    uart_polling_example.o(.text.uart_send_string) refers to strlen.o(.text) for strlen
    uart_polling_example.o(.text.uart_send_string) refers to uart_polling_example.o(.data.g_uart_instance) for g_uart_instance
    uart_polling_example.o(.text.uart_send_string) refers to drv_uart.o(.text.uart_send) for uart_send
    uart_polling_example.o(.ARM.exidx.text.uart_send_string) refers to uart_polling_example.o(.text.uart_send_string) for [Anonymous Symbol]
    uart_polling_example.o(.text.uart_receive_data) refers to uart_polling_example.o(.data.g_uart_instance) for g_uart_instance
    uart_polling_example.o(.text.uart_receive_data) refers to drv_uart.o(.text.uart_receive) for uart_receive
    uart_polling_example.o(.ARM.exidx.text.uart_receive_data) refers to uart_polling_example.o(.text.uart_receive_data) for [Anonymous Symbol]
    uart_polling_example.o(.text.uart_echo_test) refers to uart_polling_example.o(.rodata.str1.1) for .L.str
    uart_polling_example.o(.text.uart_echo_test) refers to uart_polling_example.o(.text.uart_send_string) for uart_send_string
    uart_polling_example.o(.text.uart_echo_test) refers to uart_polling_example.o(.text.uart_receive_data) for uart_receive_data
[...]
    Removing py32f403_hal_tim.o(.ARM.exidx.text.HAL_TIM_Encoder_Init), (8 bytes).
    Removing py32f403_hal_tim.o(.text.HAL_TIM_Encoder_MspInit), (8 bytes).
    Removing py32f403_hal_tim.o(.ARM.exidx.text.HAL_TIM_Encoder_MspInit), (8 bytes).
    Removing py32f403_hal_tim.o(.text.HAL_TIM_Encoder_DeInit), (98 bytes).
    Removing py32f403_hal_tim.o(.ARM.exidx.text.HAL_TIM_Encoder_DeInit), (8 bytes).
    Removing py32f403_hal_tim.o(.text.HAL_TIM_Encoder_MspDeInit), (8 bytes).
    Removing py32f403_hal_tim.o(.ARM.exidx.text.HAL_TIM_Encoder_MspDeInit), (8 bytes).
    Removing py32f403_hal_tim.o(.text.HAL_TIM_Encoder_Start), (98 bytes).
    Removing py32f403_hal_tim.o(.ARM.exidx.text.HAL_TIM_Encoder_Start), (8 bytes).
    Removing py32f403_hal_tim.o(.text.HAL_TIM_Encoder_Stop), (138 bytes).
    Removing py32f403_hal_tim.o(.ARM.exidx.text.HAL_TIM_Encoder_Stop), (8 bytes).
    Removing py32f403_hal_tim.o(.text.HAL_TIM_Encoder_Start_IT), (146 bytes).
    Removing py32f403_hal_tim.o(.ARM.exidx.text.HAL_TIM_Encoder_Start_IT), (8 bytes).
    Removing py32f403_hal_tim.o(.text.HAL_TIM_Encoder_Stop_IT), (194 bytes).
    Removing py32f403_hal_tim.o(.ARM.exidx.text.HAL_TIM_Encoder_Stop_IT), (8 bytes).
    Removing py32f403_hal_tim.o(.text.HAL_TIM_Encoder_Start_DMA), (568 bytes).
    Removing py32f403_hal_tim.o(.ARM.exidx.text.HAL_TIM_Encoder_Start_DMA), (8 bytes).
    Removing py32f403_hal_tim.o(.text.HAL_TIM_Encoder_Stop_DMA), (226 bytes).
    Removing py32f403_hal_tim.o(.ARM.exidx.text.HAL_TIM_Encoder_Stop_DMA), (8 bytes).
    Removing py32f403_hal_tim.o(.text.HAL_TIM_IRQHandler), (634 bytes).
    Removing py32f403_hal_tim.o(.ARM.exidx.text.HAL_TIM_IRQHandler), (8 bytes).
    Removing py32f403_hal_tim.o(.text.HAL_TIM_IC_CaptureCallback), (8 bytes).
    Removing py32f403_hal_tim.o(.ARM.exidx.text.HAL_TIM_IC_CaptureCallback), (8 bytes).
    Removing py32f403_hal_tim.o(.text.HAL_TIM_OC_DelayElapsedCallback), (8 bytes).
    Removing py32f403_hal_tim.o(.ARM.exidx.text.HAL_TIM_OC_DelayElapsedCallback), (8 bytes).
    Removing py32f403_hal_tim.o(.text.HAL_TIM_PWM_PulseFinishedCallback), (8 bytes).
    Removing py32f403_hal_tim.o(.ARM.exidx.text.HAL_TIM_PWM_PulseFinishedCallback), (8 bytes).
    Removing py32f403_hal_tim.o(.text.HAL_TIM_PeriodElapsedCallback), (8 bytes).
    Removing py32f403_hal_tim.o(.ARM.exidx.text.HAL_TIM_PeriodElapsedCallback), (8 bytes).
    Removing py32f403_hal_tim.o(.text.HAL_TIM_TriggerCallback), (8 bytes).
    Removing py32f403_hal_tim.o(.ARM.exidx.text.HAL_TIM_TriggerCallback), (8 bytes).
    Removing py32f403_hal_tim.o(.text.HAL_TIM_OC_ConfigChannel), (166 bytes).
    Removing py32f403_hal_tim.o(.ARM.exidx.text.HAL_TIM_OC_ConfigChannel), (8 bytes).
    Removing py32f403_hal_tim.o(.text.TIM_OC1_SetConfig), (238 bytes).
    Removing py32f403_hal_tim.o(.ARM.exidx.text.TIM_OC1_SetConfig), (8 bytes).
    Removing py32f403_hal_tim.o(.text.TIM_OC2_SetConfig), (248 bytes).
    Removing py32f403_hal_tim.o(.ARM.exidx.text.TIM_OC2_SetConfig), (8 bytes).
    Removing py32f403_hal_tim.o(.text.TIM_OC3_SetConfig), (246 bytes).
    Removing py32f403_hal_tim.o(.ARM.exidx.text.TIM_OC3_SetConfig), (8 bytes).
    Removing py32f403_hal_tim.o(.text.TIM_OC4_SetConfig), (166 bytes).
    Removing py32f403_hal_tim.o(.ARM.exidx.text.TIM_OC4_SetConfig), (8 bytes).
    Removing py32f403_hal_tim.o(.text.HAL_TIM_IC_ConfigChannel), (294 bytes).
    Removing py32f403_hal_tim.o(.ARM.exidx.text.HAL_TIM_IC_ConfigChannel), (8 bytes).
    Removing py32f403_hal_tim.o(.text.TIM_TI1_SetConfig), (280 bytes).
    Removing py32f403_hal_tim.o(.ARM.exidx.text.TIM_TI1_SetConfig), (8 bytes).
    Removing py32f403_hal_tim.o(.text.TIM_TI2_SetConfig), (108 bytes).
    Removing py32f403_hal_tim.o(.ARM.exidx.text.TIM_TI2_SetConfig), (8 bytes).
    Removing py32f403_hal_tim.o(.text.TIM_TI3_SetConfig), (106 bytes).
    Removing py32f403_hal_tim.o(.ARM.exidx.text.TIM_TI3_SetConfig), (8 bytes).
    Removing py32f403_hal_tim.o(.text.TIM_TI4_SetConfig), (108 bytes).
    Removing py32f403_hal_tim.o(.ARM.exidx.text.TIM_TI4_SetConfig), (8 bytes).
    Removing py32f403_hal_tim.o(.text.HAL_TIM_PWM_ConfigChannel), (324 bytes).
    Removing py32f403_hal_tim.o(.ARM.exidx.text.HAL_TIM_PWM_ConfigChannel), (8 bytes).
    Removing py32f403_hal_tim.o(.text.HAL_TIM_OnePulse_ConfigChannel), (362 bytes).
    Removing py32f403_hal_tim.o(.ARM.exidx.text.HAL_TIM_OnePulse_ConfigChannel), (8 bytes).
    Removing py32f403_hal_tim.o(.text.HAL_TIM_DMABurst_WriteStart), (774 bytes).
    Removing py32f403_hal_tim.o(.ARM.exidx.text.HAL_TIM_DMABurst_WriteStart), (8 bytes).
    Removing py32f403_hal_tim.o(.text.TIM_DMATriggerCplt), (30 bytes).
    Removing py32f403_hal_tim.o(.ARM.exidx.text.TIM_DMATriggerCplt), (8 bytes).
    Removing py32f403_hal_tim.o(.text.TIM_DMATriggerHalfCplt), (30 bytes).
    Removing py32f403_hal_tim.o(.ARM.exidx.text.TIM_DMATriggerHalfCplt), (8 bytes).
    Removing py32f403_hal_tim.o(.text.HAL_TIM_DMABurst_WriteStop), (216 bytes).
    Removing py32f403_hal_tim.o(.ARM.exidx.text.HAL_TIM_DMABurst_WriteStop), (8 bytes).
    Removing py32f403_hal_tim.o(.text.HAL_TIM_DMABurst_MultiWriteStart), (720 bytes).
    Removing py32f403_hal_tim.o(.ARM.exidx.text.HAL_TIM_DMABurst_MultiWriteStart), (8 bytes).
    Removing py32f403_hal_tim.o(.text.HAL_TIM_DMABurst_MultiReadStart), (720 bytes).
    Removing py32f403_hal_tim.o(.ARM.exidx.text.HAL_TIM_DMABurst_MultiReadStart), (8 bytes).
    Removing py32f403_hal_tim.o(.text.HAL_TIM_DMABurst_ReadStart), (774 bytes).
    Removing py32f403_hal_tim.o(.ARM.exidx.text.HAL_TIM_DMABurst_ReadStart), (8 bytes).
    Removing py32f403_hal_tim.o(.text.HAL_TIM_DMABurst_ReadStop), (216 bytes).
    Removing py32f403_hal_tim.o(.ARM.exidx.text.HAL_TIM_DMABurst_ReadStop), (8 bytes).
    Removing py32f403_hal_tim.o(.text.HAL_TIM_GenerateEvent), (92 bytes).
    Removing py32f403_hal_tim.o(.ARM.exidx.text.HAL_TIM_GenerateEvent), (8 bytes).
    Removing py32f403_hal_tim.o(.text.HAL_TIM_ConfigOCrefClear), (358 bytes).
    Removing py32f403_hal_tim.o(.ARM.exidx.text.HAL_TIM_ConfigOCrefClear), (8 bytes).
    Removing py32f403_hal_tim.o(.text.TIM_ETR_SetConfig), (52 bytes).
    Removing py32f403_hal_tim.o(.ARM.exidx.text.TIM_ETR_SetConfig), (8 bytes).
    Removing py32f403_hal_tim.o(.text.HAL_TIM_ConfigClockSource), (374 bytes).
    Removing py32f403_hal_tim.o(.ARM.exidx.text.HAL_TIM_ConfigClockSource), (8 bytes).
    Removing py32f403_hal_tim.o(.text.TIM_TI1_ConfigInputStage), (80 bytes).
    Removing py32f403_hal_tim.o(.ARM.exidx.text.TIM_TI1_ConfigInputStage), (8 bytes).
    Removing py32f403_hal_tim.o(.text.TIM_ITRx_SetConfig), (42 bytes).
    Removing py32f403_hal_tim.o(.ARM.exidx.text.TIM_ITRx_SetConfig), (8 bytes).
    Removing py32f403_hal_tim.o(.text.TIM_TI2_ConfigInputStage), (82 bytes).
    Removing py32f403_hal_tim.o(.ARM.exidx.text.TIM_TI2_ConfigInputStage), (8 bytes).
    Removing py32f403_hal_tim.o(.text.HAL_TIM_ConfigTI1Input), (44 bytes).
    Removing py32f403_hal_tim.o(.ARM.exidx.text.HAL_TIM_ConfigTI1Input), (8 bytes).
    Removing py32f403_hal_tim.o(.text.HAL_TIM_SlaveConfigSynchro), (150 bytes).
    Removing py32f403_hal_tim.o(.ARM.exidx.text.HAL_TIM_SlaveConfigSynchro), (8 bytes).
    Removing py32f403_hal_tim.o(.text.TIM_SlaveTimer_SetConfig), (282 bytes).
    Removing py32f403_hal_tim.o(.ARM.exidx.text.TIM_SlaveTimer_SetConfig), (8 bytes).
    Removing py32f403_hal_tim.o(.text.HAL_TIM_SlaveConfigSynchro_IT), (150 bytes).
    Removing py32f403_hal_tim.o(.ARM.exidx.text.HAL_TIM_SlaveConfigSynchro_IT), (8 bytes).
    Removing py32f403_hal_tim.o(.text.HAL_TIM_ReadCapturedValue), (86 bytes).
    Removing py32f403_hal_tim.o(.ARM.exidx.text.HAL_TIM_ReadCapturedValue), (8 bytes).
    Removing py32f403_hal_tim.o(.text.HAL_TIM_PeriodElapsedHalfCpltCallback), (8 bytes).
    Removing py32f403_hal_tim.o(.ARM.exidx.text.HAL_TIM_PeriodElapsedHalfCpltCallback), (8 bytes).
    Removing py32f403_hal_tim.o(.text.HAL_TIM_IC_CaptureHalfCpltCallback), (8 bytes).
    Removing py32f403_hal_tim.o(.ARM.exidx.text.HAL_TIM_IC_CaptureHalfCpltCallback), (8 bytes).
    Removing py32f403_hal_tim.o(.text.HAL_TIM_PWM_PulseFinishedHalfCpltCallback), (8 bytes).
    Removing py32f403_hal_tim.o(.ARM.exidx.text.HAL_TIM_PWM_PulseFinishedHalfCpltCallback), (8 bytes).
    Removing py32f403_hal_tim.o(.text.HAL_TIM_TriggerHalfCpltCallback), (8 bytes).
    Removing py32f403_hal_tim.o(.ARM.exidx.text.HAL_TIM_TriggerHalfCpltCallback), (8 bytes).
    Removing py32f403_hal_tim.o(.text.HAL_TIM_ErrorCallback), (8 bytes).
    Removing py32f403_hal_tim.o(.ARM.exidx.text.HAL_TIM_ErrorCallback), (8 bytes).
    Removing py32f403_hal_tim.o(.text.HAL_TIM_Base_GetState), (14 bytes).
    Removing py32f403_hal_tim.o(.ARM.exidx.text.HAL_TIM_Base_GetState), (8 bytes).
    Removing py32f403_hal_tim.o(.text.HAL_TIM_OC_GetState), (14 bytes).
    Removing py32f403_hal_tim.o(.ARM.exidx.text.HAL_TIM_OC_GetState), (8 bytes).
    Removing py32f403_hal_tim.o(.text.HAL_TIM_PWM_GetState), (14 bytes).
    Removing py32f403_hal_tim.o(.ARM.exidx.text.HAL_TIM_PWM_GetState), (8 bytes).
    Removing py32f403_hal_tim.o(.text.HAL_TIM_IC_GetState), (14 bytes).
    Removing py32f403_hal_tim.o(.ARM.exidx.text.HAL_TIM_IC_GetState), (8 bytes).
    Removing py32f403_hal_tim.o(.text.HAL_TIM_OnePulse_GetState), (14 bytes).
    Removing py32f403_hal_tim.o(.ARM.exidx.text.HAL_TIM_OnePulse_GetState), (8 bytes).
    Removing py32f403_hal_tim.o(.text.HAL_TIM_Encoder_GetState), (14 bytes).
    Removing py32f403_hal_tim.o(.ARM.exidx.text.HAL_TIM_Encoder_GetState), (8 bytes).
    Removing py32f403_hal_tim_ex.o(.text), (0 bytes).
    Removing py32f403_hal_tim_ex.o(.text.HAL_TIMEx_HallSensor_Init), (250 bytes).
    Removing py32f403_hal_tim_ex.o(.ARM.exidx.text.HAL_TIMEx_HallSensor_Init), (8 bytes).
    Removing py32f403_hal_tim_ex.o(.text.HAL_TIMEx_HallSensor_MspInit), (8 bytes).
    Removing py32f403_hal_tim_ex.o(.ARM.exidx.text.HAL_TIMEx_HallSensor_MspInit), (8 bytes).
    Removing py32f403_hal_tim_ex.o(.text.HAL_TIMEx_HallSensor_DeInit), (98 bytes).
    Removing py32f403_hal_tim_ex.o(.ARM.exidx.text.HAL_TIMEx_HallSensor_DeInit), (8 bytes).
    Removing py32f403_hal_tim_ex.o(.text.HAL_TIMEx_HallSensor_MspDeInit), (8 bytes).
    Removing py32f403_hal_tim_ex.o(.ARM.exidx.text.HAL_TIMEx_HallSensor_MspDeInit), (8 bytes).
    Removing py32f403_hal_tim_ex.o(.text.HAL_TIMEx_HallSensor_Start), (58 bytes).
    Removing py32f403_hal_tim_ex.o(.ARM.exidx.text.HAL_TIMEx_HallSensor_Start), (8 bytes).
    Removing py32f403_hal_tim_ex.o(.text.HAL_TIMEx_HallSensor_Stop), (76 bytes).
    Removing py32f403_hal_tim_ex.o(.ARM.exidx.text.HAL_TIMEx_HallSensor_Stop), (8 bytes).
    Removing py32f403_hal_tim_ex.o(.text.HAL_TIMEx_HallSensor_Start_IT), (70 bytes).
    Removing py32f403_hal_tim_ex.o(.ARM.exidx.text.HAL_TIMEx_HallSensor_Start_IT), (8 bytes).
    Removing py32f403_hal_tim_ex.o(.text.HAL_TIMEx_HallSensor_Stop_IT), (88 bytes).
    Removing py32f403_hal_tim_ex.o(.ARM.exidx.text.HAL_TIMEx_HallSensor_Stop_IT), (8 bytes).
    Removing py32f403_hal_tim_ex.o(.text.HAL_TIMEx_HallSensor_Start_DMA), (228 bytes).
    Removing py32f403_hal_tim_ex.o(.ARM.exidx.text.HAL_TIMEx_HallSensor_Start_DMA), (8 bytes).
    Removing py32f403_hal_tim_ex.o(.text.HAL_TIMEx_HallSensor_Stop_DMA), (96 bytes).
    Removing py32f403_hal_tim_ex.o(.ARM.exidx.text.HAL_TIMEx_HallSensor_Stop_DMA), (8 bytes).
    Removing py32f403_hal_tim_ex.o(.text.HAL_TIMEx_OCN_Start), (72 bytes).
    Removing py32f403_hal_tim_ex.o(.ARM.exidx.text.HAL_TIMEx_OCN_Start), (8 bytes).
    Removing py32f403_hal_tim_ex.o(.text.TIM_CCxNChannelCmd), (54 bytes).
    Removing py32f403_hal_tim_ex.o(.ARM.exidx.text.TIM_CCxNChannelCmd), (8 bytes).
    Removing py32f403_hal_tim_ex.o(.text.HAL_TIMEx_OCN_Stop), (130 bytes).
    Removing py32f403_hal_tim_ex.o(.ARM.exidx.text.HAL_TIMEx_OCN_Stop), (8 bytes).
    Removing py32f403_hal_tim_ex.o(.text.HAL_TIMEx_OCN_Start_IT), (152 bytes).
    Removing py32f403_hal_tim_ex.o(.ARM.exidx.text.HAL_TIMEx_OCN_Start_IT), (8 bytes).
    Removing py32f403_hal_tim_ex.o(.text.HAL_TIMEx_OCN_Stop_IT), (234 bytes).
    Removing py32f403_hal_tim_ex.o(.ARM.exidx.text.HAL_TIMEx_OCN_Stop_IT), (8 bytes).
    Removing py32f403_hal_tim_ex.o(.text.HAL_TIMEx_OCN_Start_DMA), (442 bytes).
    Removing py32f403_hal_tim_ex.o(.ARM.exidx.text.HAL_TIMEx_OCN_Start_DMA), (8 bytes).
    Removing py32f403_hal_tim_ex.o(.text.HAL_TIMEx_OCN_Stop_DMA), (230 bytes).
    Removing py32f403_hal_tim_ex.o(.ARM.exidx.text.HAL_TIMEx_OCN_Stop_DMA), (8 bytes).
    Removing py32f403_hal_tim_ex.o(.text.HAL_TIMEx_PWMN_Start), (72 bytes).
    Removing py32f403_hal_tim_ex.o(.ARM.exidx.text.HAL_TIMEx_PWMN_Start), (8 bytes).
    Removing py32f403_hal_tim_ex.o(.text.HAL_TIMEx_PWMN_Stop), (130 bytes).
    Removing py32f403_hal_tim_ex.o(.ARM.exidx.text.HAL_TIMEx_PWMN_Stop), (8 bytes).
    Removing py32f403_hal_tim_ex.o(.text.HAL_TIMEx_PWMN_Start_IT), (152 bytes).
    Removing py32f403_hal_tim_ex.o(.ARM.exidx.text.HAL_TIMEx_PWMN_Start_IT), (8 bytes).
    Removing py32f403_hal_tim_ex.o(.text.HAL_TIMEx_PWMN_Stop_IT), (234 bytes).
    Removing py32f403_hal_tim_ex.o(.ARM.exidx.text.HAL_TIMEx_PWMN_Stop_IT), (8 bytes).
    Removing py32f403_hal_tim_ex.o(.text.HAL_TIMEx_PWMN_Start_DMA), (442 bytes).
    Removing py32f403_hal_tim_ex.o(.ARM.exidx.text.HAL_TIMEx_PWMN_Start_DMA), (8 bytes).
    Removing py32f403_hal_tim_ex.o(.text.HAL_TIMEx_PWMN_Stop_DMA), (230 bytes).
    Removing py32f403_hal_tim_ex.o(.ARM.exidx.text.HAL_TIMEx_PWMN_Stop_DMA), (8 bytes).
    Removing py32f403_hal_tim_ex.o(.text.HAL_TIMEx_OnePulseN_Start), (38 bytes).
    Removing py32f403_hal_tim_ex.o(.ARM.exidx.text.HAL_TIMEx_OnePulseN_Start), (8 bytes).
    Removing py32f403_hal_tim_ex.o(.text.HAL_TIMEx_OnePulseN_Stop), (130 bytes).
    Removing py32f403_hal_tim_ex.o(.ARM.exidx.text.HAL_TIMEx_OnePulseN_Stop), (8 bytes).
    Removing py32f403_hal_tim_ex.o(.text.HAL_TIMEx_OnePulseN_Start_IT), (62 bytes).
    Removing py32f403_hal_tim_ex.o(.ARM.exidx.text.HAL_TIMEx_OnePulseN_Start_IT), (8 bytes).
    Removing py32f403_hal_tim_ex.o(.text.HAL_TIMEx_OnePulseN_Stop_IT), (154 bytes).
    Removing py32f403_hal_tim_ex.o(.ARM.exidx.text.HAL_TIMEx_OnePulseN_Stop_IT), (8 bytes).
    Removing py32f403_hal_tim_ex.o(.text.HAL_TIMEx_ConfigCommutEvent), (186 bytes).
    Removing py32f403_hal_tim_ex.o(.ARM.exidx.text.HAL_TIMEx_ConfigCommutEvent), (8 bytes).
    Removing py32f403_hal_tim_ex.o(.text.HAL_TIMEx_ConfigCommutEvent_IT), (186 bytes).
    Removing py32f403_hal_tim_ex.o(.ARM.exidx.text.HAL_TIMEx_ConfigCommutEvent_IT), (8 bytes).
    Removing py32f403_hal_tim_ex.o(.text.HAL_TIMEx_ConfigCommutEvent_DMA), (228 bytes).
    Removing py32f403_hal_tim_ex.o(.ARM.exidx.text.HAL_TIMEx_ConfigCommutEvent_DMA), (8 bytes).
    Removing py32f403_hal_tim_ex.o(.text.TIMEx_DMACommutationCplt), (30 bytes).
    Removing py32f403_hal_tim_ex.o(.ARM.exidx.text.TIMEx_DMACommutationCplt), (8 bytes).
    Removing py32f403_hal_tim_ex.o(.text.TIMEx_DMACommutationHalfCplt), (30 bytes).
    Removing py32f403_hal_tim_ex.o(.ARM.exidx.text.TIMEx_DMACommutationHalfCplt), (8 bytes).
    Removing py32f403_hal_tim_ex.o(.text.HAL_TIMEx_MasterConfigSynchronization), (152 bytes).
    Removing py32f403_hal_tim_ex.o(.ARM.exidx.text.HAL_TIMEx_MasterConfigSynchronization), (8 bytes).
    Removing py32f403_hal_tim_ex.o(.text.HAL_TIMEx_ConfigBreakDeadTime), (178 bytes).
    Removing py32f403_hal_tim_ex.o(.ARM.exidx.text.HAL_TIMEx_ConfigBreakDeadTime), (8 bytes).
    Removing py32f403_hal_tim_ex.o(.text.HAL_TIMEx_RemapConfig), (76 bytes).
    Removing py32f403_hal_tim_ex.o(.ARM.exidx.text.HAL_TIMEx_RemapConfig), (8 bytes).
    Removing py32f403_hal_tim_ex.o(.text.HAL_TIMEx_CommutCallback), (8 bytes).
    Removing py32f403_hal_tim_ex.o(.ARM.exidx.text.HAL_TIMEx_CommutCallback), (8 bytes).
    Removing py32f403_hal_tim_ex.o(.text.HAL_TIMEx_CommutHalfCpltCallback), (8 bytes).
    Removing py32f403_hal_tim_ex.o(.ARM.exidx.text.HAL_TIMEx_CommutHalfCpltCallback), (8 bytes).
    Removing py32f403_hal_tim_ex.o(.text.HAL_TIMEx_BreakCallback), (8 bytes).
    Removing py32f403_hal_tim_ex.o(.ARM.exidx.text.HAL_TIMEx_BreakCallback), (8 bytes).
    Removing py32f403_hal_tim_ex.o(.text.HAL_TIMEx_HallSensor_GetState), (14 bytes).
    Removing py32f403_hal_tim_ex.o(.ARM.exidx.text.HAL_TIMEx_HallSensor_GetState), (8 bytes).
    Removing py32f403_hal_uart.o(.text), (0 bytes).
    Removing py32f403_hal_uart.o(.text.HAL_UART_Init), (170 bytes).
    Removing py32f403_hal_uart.o(.ARM.exidx.text.HAL_UART_Init), (8 bytes).
    Removing py32f403_hal_uart.o(.text.HAL_UART_MspInit), (8 bytes).
    Removing py32f403_hal_uart.o(.ARM.exidx.text.HAL_UART_MspInit), (8 bytes).
    Removing py32f403_hal_uart.o(.text.UART_SetConfig), (462 bytes).
    Removing py32f403_hal_uart.o(.ARM.exidx.text.UART_SetConfig), (8 bytes).
    Removing py32f403_hal_uart.o(.text.UART_AdvFeatureConfig), (78 bytes).
    Removing py32f403_hal_uart.o(.ARM.exidx.text.UART_AdvFeatureConfig), (8 bytes).
    Removing py32f403_hal_uart.o(.text.HAL_HalfDuplex_Init), (154 bytes).
    Removing py32f403_hal_uart.o(.ARM.exidx.text.HAL_HalfDuplex_Init), (8 bytes).
    Removing py32f403_hal_uart.o(.text.HAL_LIN_Init), (196 bytes).
    Removing py32f403_hal_uart.o(.ARM.exidx.text.HAL_LIN_Init), (8 bytes).
    Removing py32f403_hal_uart.o(.text.HAL_MultiProcessor_Init), (198 bytes).
    Removing py32f403_hal_uart.o(.ARM.exidx.text.HAL_MultiProcessor_Init), (8 bytes).
    Removing py32f403_hal_uart.o(.text.HAL_UART_DeInit), (92 bytes).
    Removing py32f403_hal_uart.o(.ARM.exidx.text.HAL_UART_DeInit), (8 bytes).
    Removing py32f403_hal_uart.o(.text.HAL_UART_MspDeInit), (8 bytes).
    Removing py32f403_hal_uart.o(.ARM.exidx.text.HAL_UART_MspDeInit), (8 bytes).
    Removing py32f403_hal_uart.o(.text.HAL_UART_Transmit), (374 bytes).
    Removing py32f403_hal_uart.o(.ARM.exidx.text.HAL_UART_Transmit), (8 bytes).
    Removing py32f403_hal_uart.o(.text.UART_WaitOnFlagUntilTimeout), (156 bytes).
    Removing py32f403_hal_uart.o(.ARM.exidx.text.UART_WaitOnFlagUntilTimeout), (8 bytes).
    Removing py32f403_hal_uart.o(.text.HAL_UART_Receive), (344 bytes).
    Removing py32f403_hal_uart.o(.ARM.exidx.text.HAL_UART_Receive), (8 bytes).
    Removing py32f403_hal_uart.o(.text.HAL_UART_Transmit_IT), (162 bytes).
    Removing py32f403_hal_uart.o(.ARM.exidx.text.HAL_UART_Transmit_IT), (8 bytes).
    Removing py32f403_hal_uart.o(.text.HAL_UART_Receive_IT), (186 bytes).
    Removing py32f403_hal_uart.o(.ARM.exidx.text.HAL_UART_Receive_IT), (8 bytes).
    Removing py32f403_hal_uart.o(.text.HAL_UART_Transmit_DMA), (246 bytes).
    Removing py32f403_hal_uart.o(.ARM.exidx.text.HAL_UART_Transmit_DMA), (8 bytes).
    Removing py32f403_hal_uart.o(.text.UART_DMATransmitCplt), (70 bytes).
    Removing py32f403_hal_uart.o(.ARM.exidx.text.UART_DMATransmitCplt), (8 bytes).
    Removing py32f403_hal_uart.o(.text.UART_DMATxHalfCplt), (22 bytes).
    Removing py32f403_hal_uart.o(.ARM.exidx.text.UART_DMATxHalfCplt), (8 bytes).
    Removing py32f403_hal_uart.o(.text.UART_DMAError), (124 bytes).
    Removing py32f403_hal_uart.o(.ARM.exidx.text.UART_DMAError), (8 bytes).
    Removing py32f403_hal_uart.o(.text.HAL_UART_Receive_DMA), (314 bytes).
    Removing py32f403_hal_uart.o(.ARM.exidx.text.HAL_UART_Receive_DMA), (8 bytes).
    Removing py32f403_hal_uart.o(.text.UART_DMAReceiveCplt), (88 bytes).
    Removing py32f403_hal_uart.o(.ARM.exidx.text.UART_DMAReceiveCplt), (8 bytes).
    Removing py32f403_hal_uart.o(.text.UART_DMARxHalfCplt), (22 bytes).
    Removing py32f403_hal_uart.o(.ARM.exidx.text.UART_DMARxHalfCplt), (8 bytes).
    Removing py32f403_hal_uart.o(.text.HAL_UART_DMAPause), (182 bytes).
    Removing py32f403_hal_uart.o(.ARM.exidx.text.HAL_UART_DMAPause), (8 bytes).
    Removing py32f403_hal_uart.o(.text.HAL_UART_DMAResume), (168 bytes).
    Removing py32f403_hal_uart.o(.ARM.exidx.text.HAL_UART_DMAResume), (8 bytes).
    Removing py32f403_hal_uart.o(.text.HAL_UART_DMAStop), (152 bytes).
    Removing py32f403_hal_uart.o(.ARM.exidx.text.HAL_UART_DMAStop), (8 bytes).
    Removing py32f403_hal_uart.o(.text.UART_EndTxTransfer), (28 bytes).
    Removing py32f403_hal_uart.o(.ARM.exidx.text.UART_EndTxTransfer), (8 bytes).
    Removing py32f403_hal_uart.o(.text.UART_EndRxTransfer), (40 bytes).
    Removing py32f403_hal_uart.o(.ARM.exidx.text.UART_EndRxTransfer), (8 bytes).
    Removing py32f403_hal_uart.o(.text.HAL_UART_Abort), (248 bytes).
    Removing py32f403_hal_uart.o(.ARM.exidx.text.HAL_UART_Abort), (8 bytes).
    Removing py32f403_hal_uart.o(.text.HAL_UART_AbortTransmit), (134 bytes).
    Removing py32f403_hal_uart.o(.ARM.exidx.text.HAL_UART_AbortTransmit), (8 bytes).
    Removing py32f403_hal_uart.o(.text.HAL_UART_AbortReceive), (146 bytes).
    Removing py32f403_hal_uart.o(.ARM.exidx.text.HAL_UART_AbortReceive), (8 bytes).
    Removing py32f403_hal_uart.o(.text.HAL_UART_Abort_IT), (320 bytes).
    Removing py32f403_hal_uart.o(.ARM.exidx.text.HAL_UART_Abort_IT), (8 bytes).
    Removing py32f403_hal_uart.o(.text.UART_DMATxAbortCallback), (82 bytes).
    Removing py32f403_hal_uart.o(.ARM.exidx.text.UART_DMATxAbortCallback), (8 bytes).
    Removing py32f403_hal_uart.o(.text.UART_DMARxAbortCallback), (82 bytes).
    Removing py32f403_hal_uart.o(.ARM.exidx.text.UART_DMARxAbortCallback), (8 bytes).
    Removing py32f403_hal_uart.o(.text.HAL_UART_AbortCpltCallback), (8 bytes).
    Removing py32f403_hal_uart.o(.ARM.exidx.text.HAL_UART_AbortCpltCallback), (8 bytes).
    Removing py32f403_hal_uart.o(.text.HAL_UART_AbortTransmit_IT), (142 bytes).
    Removing py32f403_hal_uart.o(.ARM.exidx.text.HAL_UART_AbortTransmit_IT), (8 bytes).
    Removing py32f403_hal_uart.o(.text.UART_DMATxOnlyAbortCallback), (36 bytes).
    Removing py32f403_hal_uart.o(.ARM.exidx.text.UART_DMATxOnlyAbortCallback), (8 bytes).
    Removing py32f403_hal_uart.o(.text.HAL_UART_AbortTransmitCpltCallback), (8 bytes).
    Removing py32f403_hal_uart.o(.ARM.exidx.text.HAL_UART_AbortTransmitCpltCallback), (8 bytes).
    Removing py32f403_hal_uart.o(.text.HAL_UART_AbortReceive_IT), (154 bytes).
    Removing py32f403_hal_uart.o(.ARM.exidx.text.HAL_UART_AbortReceive_IT), (8 bytes).
    Removing py32f403_hal_uart.o(.text.UART_DMARxOnlyAbortCallback), (36 bytes).
    Removing py32f403_hal_uart.o(.ARM.exidx.text.UART_DMARxOnlyAbortCallback), (8 bytes).
    Removing py32f403_hal_uart.o(.text.HAL_UART_AbortReceiveCpltCallback), (8 bytes).
    Removing py32f403_hal_uart.o(.ARM.exidx.text.HAL_UART_AbortReceiveCpltCallback), (8 bytes).
    Removing py32f403_hal_uart.o(.text.HAL_UART_IRQHandler), (566 bytes).
    Removing py32f403_hal_uart.o(.ARM.exidx.text.HAL_UART_IRQHandler), (8 bytes).
    Removing py32f403_hal_uart.o(.text.UART_Receive_IT), (182 bytes).
    Removing py32f403_hal_uart.o(.ARM.exidx.text.UART_Receive_IT), (8 bytes).
    Removing py32f403_hal_uart.o(.text.UART_DMAAbortOnError), (32 bytes).
    Removing py32f403_hal_uart.o(.ARM.exidx.text.UART_DMAAbortOnError), (8 bytes).
    Removing py32f403_hal_uart.o(.text.HAL_UART_ErrorCallback), (8 bytes).
    Removing py32f403_hal_uart.o(.ARM.exidx.text.HAL_UART_ErrorCallback), (8 bytes).
    Removing py32f403_hal_uart.o(.text.HAL_UART_IdleFrameDetectCpltCallback), (8 bytes).
    Removing py32f403_hal_uart.o(.ARM.exidx.text.HAL_UART_IdleFrameDetectCpltCallback), (8 bytes).
    Removing py32f403_hal_uart.o(.text.UART_Transmit_IT), (156 bytes).
    Removing py32f403_hal_uart.o(.ARM.exidx.text.UART_Transmit_IT), (8 bytes).
    Removing py32f403_hal_uart.o(.text.UART_EndTransmit_IT), (38 bytes).
    Removing py32f403_hal_uart.o(.ARM.exidx.text.UART_EndTransmit_IT), (8 bytes).
    Removing py32f403_hal_uart.o(.text.HAL_UART_TxCpltCallback), (8 bytes).
    Removing py32f403_hal_uart.o(.ARM.exidx.text.HAL_UART_TxCpltCallback), (8 bytes).
    Removing py32f403_hal_uart.o(.text.HAL_UART_TxHalfCpltCallback), (8 bytes).
    Removing py32f403_hal_uart.o(.ARM.exidx.text.HAL_UART_TxHalfCpltCallback), (8 bytes).
    Removing py32f403_hal_uart.o(.text.HAL_UART_RxCpltCallback), (8 bytes).
    Removing py32f403_hal_uart.o(.ARM.exidx.text.HAL_UART_RxCpltCallback), (8 bytes).
    Removing py32f403_hal_uart.o(.text.HAL_UART_RxHalfCpltCallback), (8 bytes).
    Removing py32f403_hal_uart.o(.ARM.exidx.text.HAL_UART_RxHalfCpltCallback), (8 bytes).
    Removing py32f403_hal_uart.o(.text.HAL_LIN_SendBreak), (94 bytes).
    Removing py32f403_hal_uart.o(.ARM.exidx.text.HAL_LIN_SendBreak), (8 bytes).
    Removing py32f403_hal_uart.o(.text.HAL_MultiProcessor_EnterMuteMode), (94 bytes).
    Removing py32f403_hal_uart.o(.ARM.exidx.text.HAL_MultiProcessor_EnterMuteMode), (8 bytes).
    Removing py32f403_hal_uart.o(.text.HAL_MultiProcessor_ExitMuteMode), (94 bytes).
    Removing py32f403_hal_uart.o(.ARM.exidx.text.HAL_MultiProcessor_ExitMuteMode), (8 bytes).
    Removing py32f403_hal_uart.o(.text.HAL_HalfDuplex_EnableTransmitter), (118 bytes).
    Removing py32f403_hal_uart.o(.ARM.exidx.text.HAL_HalfDuplex_EnableTransmitter), (8 bytes).
    Removing py32f403_hal_uart.o(.text.HAL_HalfDuplex_EnableReceiver), (118 bytes).
    Removing py32f403_hal_uart.o(.ARM.exidx.text.HAL_HalfDuplex_EnableReceiver), (8 bytes).
    Removing py32f403_hal_uart.o(.text.HAL_UART_GetState), (40 bytes).
    Removing py32f403_hal_uart.o(.ARM.exidx.text.HAL_UART_GetState), (8 bytes).
    Removing py32f403_hal_uart.o(.text.HAL_UART_GetError), (12 bytes).
    Removing py32f403_hal_uart.o(.ARM.exidx.text.HAL_UART_GetError), (8 bytes).
    Removing py32f403_hal_usart.o(.text), (0 bytes).
    Removing py32f403_hal_wwdg.o(.text), (0 bytes).
    Removing py32f403_ll_adc.o(.text), (0 bytes).
    Removing py32f403_ll_crc.o(.text), (0 bytes).
    Removing py32f403_ll_ctc.o(.text), (0 bytes).
    Removing py32f403_ll_dma.o(.text), (0 bytes).
    Removing py32f403_ll_exti.o(.text), (0 bytes).
    Removing py32f403_ll_gpio.o(.text), (0 bytes).
    Removing py32f403_ll_i2c.o(.text), (0 bytes).
    Removing py32f403_ll_pwr.o(.text), (0 bytes).
    Removing py32f403_ll_rcc.o(.text), (0 bytes).
    Removing py32f403_ll_rtc.o(.text), (0 bytes).
    Removing py32f403_ll_sdmmc.o(.text), (0 bytes).
    Removing py32f403_ll_spi.o(.text), (0 bytes).
    Removing py32f403_ll_tim.o(.text), (0 bytes).
    Removing py32f403_ll_usart.o(.text), (0 bytes).
    Removing py32f403_ll_utils.o(.text), (0 bytes).
    Removing py32f403_ll_utils.o(.text.LL_Init1msTick), (20 bytes).
    Removing py32f403_ll_utils.o(.ARM.exidx.text.LL_Init1msTick), (8 bytes).
    Removing py32f403_ll_utils.o(.text.LL_InitTick), (54 bytes).
    Removing py32f403_ll_utils.o(.ARM.exidx.text.LL_InitTick), (8 bytes).
    Removing py32f403_ll_utils.o(.text.LL_mDelay), (78 bytes).
    Removing py32f403_ll_utils.o(.ARM.exidx.text.LL_mDelay), (8 bytes).
    Removing py32f403_ll_utils.o(.text.LL_SetSystemCoreClock), (20 bytes).
    Removing py32f403_ll_utils.o(.ARM.exidx.text.LL_SetSystemCoreClock), (8 bytes).
    Removing py32f403_ll_utils.o(.text.LL_PLL_ConfigSystemClock_HSI), (226 bytes).
    Removing py32f403_ll_utils.o(.ARM.exidx.text.LL_PLL_ConfigSystemClock_HSI), (8 bytes).
    Removing py32f403_ll_utils.o(.text.UTILS_PLL_IsBusy), (34 bytes).
    Removing py32f403_ll_utils.o(.ARM.exidx.text.UTILS_PLL_IsBusy), (8 bytes).
    Removing py32f403_ll_utils.o(.text.LL_RCC_HSI_IsReady), (16 bytes).
    Removing py32f403_ll_utils.o(.ARM.exidx.text.LL_RCC_HSI_IsReady), (8 bytes).
    Removing py32f403_ll_utils.o(.text.LL_RCC_HSI_Enable), (18 bytes).
    Removing py32f403_ll_utils.o(.ARM.exidx.text.LL_RCC_HSI_Enable), (8 bytes).
    Removing py32f403_ll_utils.o(.text.LL_RCC_PLL_SetMainSource), (28 bytes).
    Removing py32f403_ll_utils.o(.ARM.exidx.text.LL_RCC_PLL_SetMainSource), (8 bytes).
    Removing py32f403_ll_utils.o(.text.LL_RCC_PLL_SetMulFactor), (34 bytes).
    Removing py32f403_ll_utils.o(.ARM.exidx.text.LL_RCC_PLL_SetMulFactor), (8 bytes).
    Removing py32f403_ll_utils.o(.text.UTILS_EnablePLLAndSwitchSystem), (198 bytes).
    Removing py32f403_ll_utils.o(.ARM.exidx.text.UTILS_EnablePLLAndSwitchSystem), (8 bytes).
    Removing py32f403_ll_utils.o(.text.LL_SetFlashLatency), (260 bytes).
    Removing py32f403_ll_utils.o(.ARM.exidx.text.LL_SetFlashLatency), (8 bytes).
    Removing py32f403_ll_utils.o(.text.LL_RCC_SetAHBPrescaler), (28 bytes).
    Removing py32f403_ll_utils.o(.ARM.exidx.text.LL_RCC_SetAHBPrescaler), (8 bytes).
    Removing py32f403_ll_utils.o(.text.LL_PLL_ConfigSystemClock_HSE), (318 bytes).
    Removing py32f403_ll_utils.o(.ARM.exidx.text.LL_PLL_ConfigSystemClock_HSE), (8 bytes).
    Removing py32f403_ll_utils.o(.text.LL_RCC_HSE_IsReady), (16 bytes).
    Removing py32f403_ll_utils.o(.ARM.exidx.text.LL_RCC_HSE_IsReady), (8 bytes).
    Removing py32f403_ll_utils.o(.text.LL_RCC_HSE_EnableBypass), (18 bytes).
    Removing py32f403_ll_utils.o(.ARM.exidx.text.LL_RCC_HSE_EnableBypass), (8 bytes).
    Removing py32f403_ll_utils.o(.text.LL_RCC_HSE_DisableBypass), (18 bytes).
    Removing py32f403_ll_utils.o(.ARM.exidx.text.LL_RCC_HSE_DisableBypass), (8 bytes).
    Removing py32f403_ll_utils.o(.text.LL_RCC_HSE_SetFreqRegion), (28 bytes).
    Removing py32f403_ll_utils.o(.ARM.exidx.text.LL_RCC_HSE_SetFreqRegion), (8 bytes).
    Removing py32f403_ll_utils.o(.text.LL_RCC_HSE_Enable), (18 bytes).
    Removing py32f403_ll_utils.o(.ARM.exidx.text.LL_RCC_HSE_Enable), (8 bytes).
    Removing py32f403_ll_utils.o(.text.LL_FLASH_SetLatency), (28 bytes).
    Removing py32f403_ll_utils.o(.ARM.exidx.text.LL_FLASH_SetLatency), (8 bytes).
    Removing py32f403_ll_utils.o(.text.LL_FLASH_GetLatency), (16 bytes).
    Removing py32f403_ll_utils.o(.ARM.exidx.text.LL_FLASH_GetLatency), (8 bytes).
    Removing py32f403_ll_utils.o(.text.LL_RCC_PLL_IsReady), (16 bytes).
    Removing py32f403_ll_utils.o(.ARM.exidx.text.LL_RCC_PLL_IsReady), (8 bytes).
    Removing py32f403_ll_utils.o(.text.LL_RCC_PLL_Enable), (18 bytes).
    Removing py32f403_ll_utils.o(.ARM.exidx.text.LL_RCC_PLL_Enable), (8 bytes).
    Removing py32f403_ll_utils.o(.text.LL_RCC_SetSysClkSource), (28 bytes).
    Removing py32f403_ll_utils.o(.ARM.exidx.text.LL_RCC_SetSysClkSource), (8 bytes).
    Removing py32f403_ll_utils.o(.text.LL_RCC_GetSysClkSource), (16 bytes).
    Removing py32f403_ll_utils.o(.ARM.exidx.text.LL_RCC_GetSysClkSource), (8 bytes).
    Removing py32f403_ll_utils.o(.text.LL_RCC_SetAPB1Prescaler), (28 bytes).
    Removing py32f403_ll_utils.o(.ARM.exidx.text.LL_RCC_SetAPB1Prescaler), (8 bytes).
    Removing py32f403_ll_utils.o(.text.LL_RCC_SetAPB2Prescaler), (28 bytes).
    Removing py32f403_ll_utils.o(.ARM.exidx.text.LL_RCC_SetAPB2Prescaler), (8 bytes).
    Removing startup_py32f403xx.o(HEAP), (1024 bytes).
    Removing system_py32f403.o(.text), (0 bytes).
    Removing system_py32f403.o(.ARM.exidx.text.SystemInit), (8 bytes).
    Removing system_py32f403.o(.text.SystemCoreClockUpdate), (282 bytes).
    Removing system_py32f403.o(.ARM.exidx.text.SystemCoreClockUpdate), (8 bytes).
    Removing system_py32f403.o(.rodata.APBPrescTable), (8 bytes).
    Removing system_py32f403.o(.rodata..L__const.SystemCoreClockUpdate.aPLLMULFactorTable), (64 bytes).
    Removing system_py32f403.o(.rodata..L__const.SystemCoreClockUpdate.aPredivFactorTable), (2 bytes).

1256 unused section(s) (total 88004 bytes) removed from the image.

==============================================================================

Image Symbol Table

    Local Symbols

    Symbol Name                              Value     Ov Type        Size  Object(Section)

    ../../Application/Src/startup_py32f403xx.s 0x00000000   Number         0  startup_py32f403xx.o ABSOLUTE
    ../clib/microlib/init/entry.s            0x00000000   Number         0  entry.o ABSOLUTE
    ../clib/microlib/init/entry.s            0x00000000   Number         0  entry2.o ABSOLUTE
    ../clib/microlib/init/entry.s            0x00000000   Number         0  entry5.o ABSOLUTE
    ../clib/microlib/init/entry.s            0x00000000   Number         0  entry7a.o ABSOLUTE
    ../clib/microlib/init/entry.s            0x00000000   Number         0  entry7b.o ABSOLUTE
    ../clib/microlib/init/entry.s            0x00000000   Number         0  entry8a.o ABSOLUTE
    ../clib/microlib/init/entry.s            0x00000000   Number         0  entry8b.o ABSOLUTE
    ../clib/microlib/init/entry.s            0x00000000   Number         0  entry9a.o ABSOLUTE
    ../clib/microlib/init/entry.s            0x00000000   Number         0  entry9b.o ABSOLUTE
    ../clib/microlib/init/entry.s            0x00000000   Number         0  entry10a.o ABSOLUTE
    ../clib/microlib/init/entry.s            0x00000000   Number         0  entry10b.o ABSOLUTE
    ../clib/microlib/init/entry.s            0x00000000   Number         0  entry11a.o ABSOLUTE
    ../clib/microlib/init/entry.s            0x00000000   Number         0  entry11b.o ABSOLUTE
    ../clib/microlib/string/memcpy.c         0x00000000   Number         0  memcpya.o ABSOLUTE
    ../clib/microlib/string/memcpy.c         0x00000000   Number         0  memcpyb.o ABSOLUTE
    ../clib/microlib/string/memset.c         0x00000000   Number         0  memseta.o ABSOLUTE
    ../clib/microlib/string/strlen.c         0x00000000   Number         0  strlen.o ABSOLUTE
    dc.s                                     0x00000000   Number         0  dc.o ABSOLUTE
    drv_gpio.c                               0x00000000   Number         0  drv_gpio.o ABSOLUTE
    drv_i2c.c                                0x00000000   Number         0  drv_i2c.o ABSOLUTE
    drv_iwdg.c                               0x00000000   Number         0  drv_iwdg.o ABSOLUTE
    drv_spi.c                                0x00000000   Number         0  drv_spi.o ABSOLUTE
    drv_tim.c                                0x00000000   Number         0  drv_tim.o ABSOLUTE
    drv_tool.c                               0x00000000   Number         0  drv_tool.o ABSOLUTE
    drv_uart.c                               0x00000000   Number         0  drv_uart.o ABSOLUTE
    gpio_example.c                           0x00000000   Number         0  gpio_example.o ABSOLUTE
    handlers.s                               0x00000000   Number         0  handlers.o ABSOLUTE
    init.s                                   0x00000000   Number         0  init.o ABSOLUTE
    led_task.c                               0x00000000   Number         0  led_task.o ABSOLUTE
    main.c                                   0x00000000   Number         0  main.o ABSOLUTE
    osal.c                                   0x00000000   Number         0  osal.o ABSOLUTE
    osal_event.c                             0x00000000   Number         0  osal_event.o ABSOLUTE
    osal_examplie.c                          0x00000000   Number         0  osal_examplie.o ABSOLUTE
    osal_memory.c                            0x00000000   Number         0  osal_memory.o ABSOLUTE
    osal_msg.c                               0x00000000   Number         0  osal_msg.o ABSOLUTE
    osal_timer.c                             0x00000000   Number         0  osal_timer.o ABSOLUTE
    py32f403_hal.c                           0x00000000   Number         0  py32f403_hal.o ABSOLUTE
    py32f403_hal_adc.c                       0x00000000   Number         0  py32f403_hal_adc.o ABSOLUTE
    py32f403_hal_adc_ex.c                    0x00000000   Number         0  py32f403_hal_adc_ex.o ABSOLUTE
    py32f403_hal_canfd.c                     0x00000000   Number         0  py32f403_hal_canfd.o ABSOLUTE
    py32f403_hal_cortex.c                    0x00000000   Number         0  py32f403_hal_cortex.o ABSOLUTE
    py32f403_hal_crc.c                       0x00000000   Number         0  py32f403_hal_crc.o ABSOLUTE
    py32f403_hal_ctc.c                       0x00000000   Number         0  py32f403_hal_ctc.o ABSOLUTE
    py32f403_hal_dma.c                       0x00000000   Number         0  py32f403_hal_dma.o ABSOLUTE
    py32f403_hal_esmc.c                      0x00000000   Number         0  py32f403_hal_esmc.o ABSOLUTE
    py32f403_hal_exti.c                      0x00000000   Number         0  py32f403_hal_exti.o ABSOLUTE
    py32f403_hal_flash.c                     0x00000000   Number         0  py32f403_hal_flash.o ABSOLUTE
    py32f403_hal_gpio.c                      0x00000000   Number         0  py32f403_hal_gpio.o ABSOLUTE
    py32f403_hal_i2c.c                       0x00000000   Number         0  py32f403_hal_i2c.o ABSOLUTE
    py32f403_hal_i2s.c                       0x00000000   Number         0  py32f403_hal_i2s.o ABSOLUTE
    py32f403_hal_irda.c                      0x00000000   Number         0  py32f403_hal_irda.o ABSOLUTE
    py32f403_hal_iwdg.c                      0x00000000   Number         0  py32f403_hal_iwdg.o ABSOLUTE
    py32f403_hal_msp.c                       0x00000000   Number         0  py32f403_hal_msp.o ABSOLUTE
    py32f403_hal_pwr.c                       0x00000000   Number         0  py32f403_hal_pwr.o ABSOLUTE
    py32f403_hal_pwr_ex.c                    0x00000000   Number         0  py32f403_hal_pwr_ex.o ABSOLUTE
    py32f403_hal_rcc.c                       0x00000000   Number         0  py32f403_hal_rcc.o ABSOLUTE
    py32f403_hal_rcc_ex.c                    0x00000000   Number         0  py32f403_hal_rcc_ex.o ABSOLUTE
    py32f403_hal_rtc.c                       0x00000000   Number         0  py32f403_hal_rtc.o ABSOLUTE
    py32f403_hal_rtc_ex.c                    0x00000000   Number         0  py32f403_hal_rtc_ex.o ABSOLUTE
    py32f403_hal_sd.c                        0x00000000   Number         0  py32f403_hal_sd.o ABSOLUTE
    py32f403_hal_smartcard.c                 0x00000000   Number         0  py32f403_hal_smartcard.o ABSOLUTE
    py32f403_hal_spi.c                       0x00000000   Number         0  py32f403_hal_spi.o ABSOLUTE
    py32f403_hal_spi_ex.c                    0x00000000   Number         0  py32f403_hal_spi_ex.o ABSOLUTE
    py32f403_hal_tim.c                       0x00000000   Number         0  py32f403_hal_tim.o ABSOLUTE
    py32f403_hal_tim_ex.c                    0x00000000   Number         0  py32f403_hal_tim_ex.o ABSOLUTE
    py32f403_hal_uart.c                      0x00000000   Number         0  py32f403_hal_uart.o ABSOLUTE
    py32f403_hal_usart.c                     0x00000000   Number         0  py32f403_hal_usart.o ABSOLUTE
    py32f403_hal_wwdg.c                      0x00000000   Number         0  py32f403_hal_wwdg.o ABSOLUTE
    py32f403_it.c                            0x00000000   Number         0  py32f403_it.o ABSOLUTE
    py32f403_ll_adc.c                        0x00000000   Number         0  py32f403_ll_adc.o ABSOLUTE
    py32f403_ll_crc.c                        0x00000000   Number         0  py32f403_ll_crc.o ABSOLUTE
    py32f403_ll_ctc.c                        0x00000000   Number         0  py32f403_ll_ctc.o ABSOLUTE
    py32f403_ll_dma.c                        0x00000000   Number         0  py32f403_ll_dma.o ABSOLUTE
    py32f403_ll_exti.c                       0x00000000   Number         0  py32f403_ll_exti.o ABSOLUTE
    py32f403_ll_gpio.c                       0x00000000   Number         0  py32f403_ll_gpio.o ABSOLUTE
    py32f403_ll_i2c.c                        0x00000000   Number         0  py32f403_ll_i2c.o ABSOLUTE
    py32f403_ll_pwr.c                        0x00000000   Number         0  py32f403_ll_pwr.o ABSOLUTE
    py32f403_ll_rcc.c                        0x00000000   Number         0  py32f403_ll_rcc.o ABSOLUTE
    py32f403_ll_rtc.c                        0x00000000   Number         0  py32f403_ll_rtc.o ABSOLUTE
    py32f403_ll_sdmmc.c                      0x00000000   Number         0  py32f403_ll_sdmmc.o ABSOLUTE
    py32f403_ll_spi.c                        0x00000000   Number         0  py32f403_ll_spi.o ABSOLUTE
    py32f403_ll_tim.c                        0x00000000   Number         0  py32f403_ll_tim.o ABSOLUTE
    py32f403_ll_usart.c                      0x00000000   Number         0  py32f403_ll_usart.o ABSOLUTE
    py32f403_ll_utils.c                      0x00000000   Number         0  py32f403_ll_utils.o ABSOLUTE
    system_py32f403.c                        0x00000000   Number         0  system_py32f403.o ABSOLUTE
    timer.c                                  0x00000000   Number         0  timer.o ABSOLUTE
    uart_polling_example.c                   0x00000000   Number         0  uart_polling_example.o ABSOLUTE
    RESET                                    0x08000000   Section      304  startup_py32f403xx.o(RESET)
    .ARM.Collect$$$$00000000                 0x08000130   Section        0  entry.o(.ARM.Collect$$$$00000000)
    .ARM.Collect$$$$00000001                 0x08000130   Section        4  entry2.o(.ARM.Collect$$$$00000001)
    .ARM.Collect$$$$00000004                 0x08000134   Section        4  entry5.o(.ARM.Collect$$$$00000004)
    .ARM.Collect$$$$00000008                 0x08000138   Section        0  entry7b.o(.ARM.Collect$$$$00000008)
    .ARM.Collect$$$$0000000A                 0x08000138   Section        0  entry8b.o(.ARM.Collect$$$$0000000A)
    .ARM.Collect$$$$0000000B                 0x08000138   Section        8  entry9a.o(.ARM.Collect$$$$0000000B)
    __lit__00000000                          0x08000140   Data           4  entry2.o(.ARM.Collect$$$$00002712)
    .ARM.Collect$$$$0000000D                 0x08000140   Section        0  entry10a.o(.ARM.Collect$$$$0000000D)
    .ARM.Collect$$$$0000000F                 0x08000140   Section        0  entry11a.o(.ARM.Collect$$$$0000000F)
    .ARM.Collect$$$$00002712                 0x08000140   Section        4  entry2.o(.ARM.Collect$$$$00002712)
    $v0                                      0x08000144   Number         0  startup_py32f403xx.o(.text)
    .text                                    0x08000144   Section       36  startup_py32f403xx.o(.text)
    .text                                    0x08000168   Section        0  memcpya.o(.text)
    .text                                    0x0800018c   Section        0  memseta.o(.text)
    .text                                    0x080001b0   Section       36  init.o(.text)
    [Anonymous Symbol]                       0x080001d4   Section        0  main.o(.text.APP_ErrorHandler)
    [Anonymous Symbol]                       0x080001d8   Section        0  py32f403_it.o(.text.BusFault_Handler)
    [Anonymous Symbol]                       0x080001dc   Section        0  py32f403_it.o(.text.DMA2_Channel1_IRQHandler)
    [Anonymous Symbol]                       0x080001e0   Section        0  py32f403_it.o(.text.DebugMon_Handler)
    [Anonymous Symbol]                       0x080001e4   Section        0  drv_gpio.o(.text.EXTI0_IRQHandler)
    [Anonymous Symbol]                       0x0800020c   Section        0  drv_gpio.o(.text.EXTI15_10_IRQHandler)
    [Anonymous Symbol]                       0x08000300   Section        0  drv_gpio.o(.text.EXTI1_IRQHandler)
    [Anonymous Symbol]                       0x0800032c   Section        0  drv_gpio.o(.text.EXTI2_IRQHandler)
    [Anonymous Symbol]                       0x08000358   Section        0  drv_gpio.o(.text.EXTI3_IRQHandler)
    [Anonymous Symbol]                       0x08000384   Section        0  drv_gpio.o(.text.EXTI4_IRQHandler)
    [Anonymous Symbol]                       0x080003b0   Section        0  drv_gpio.o(.text.EXTI9_5_IRQHandler)
    [Anonymous Symbol]                       0x08000478   Section        0  py32f403_hal_gpio.o(.text.HAL_GPIO_Init)
    [Anonymous Symbol]                       0x080007c8   Section        0  py32f403_hal_gpio.o(.text.HAL_GPIO_TogglePin)
    [Anonymous Symbol]                       0x080007f8   Section        0  py32f403_hal.o(.text.HAL_GetTick)
    [Anonymous Symbol]                       0x08000804   Section        0  py32f403_hal.o(.text.HAL_IncTick)
    [Anonymous Symbol]                       0x08000820   Section        0  py32f403_hal.o(.text.HAL_Init)
    [Anonymous Symbol]                       0x08000838   Section        0  py32f403_hal.o(.text.HAL_InitTick)
    [Anonymous Symbol]                       0x080008a8   Section        0  py32f403_hal_msp.o(.text.HAL_MspInit)
    [Anonymous Symbol]                       0x08000928   Section        0  py32f403_hal_cortex.o(.text.HAL_NVIC_SetPriority)
    [Anonymous Symbol]                       0x0800095c   Section        0  py32f403_hal_cortex.o(.text.HAL_NVIC_SetPriorityGrouping)
    [Anonymous Symbol]                       0x0800096c   Section        0  py32f403_hal_rcc.o(.text.HAL_RCC_ClockConfig)
    [Anonymous Symbol]                       0x08000bd0   Section        0  py32f403_hal_rcc.o(.text.HAL_RCC_GetSysClockFreq)
    [Anonymous Symbol]                       0x08000cbc   Section        0  py32f403_hal_rcc.o(.text.HAL_RCC_OscConfig)
    [Anonymous Symbol]                       0x08001484   Section        0  py32f403_hal_cortex.o(.text.HAL_SYSTICK_Callback)
    [Anonymous Symbol]                       0x08001488   Section        0  py32f403_hal_cortex.o(.text.HAL_SYSTICK_Config)
    [Anonymous Symbol]                       0x08001498   Section        0  py32f403_hal_cortex.o(.text.HAL_SYSTICK_IRQHandler)
    [Anonymous Symbol]                       0x080014a0   Section        0  py32f403_it.o(.text.HardFault_Handler)
    [Anonymous Symbol]                       0x080014a4   Section        0  py32f403_it.o(.text.MemManage_Handler)
    [Anonymous Symbol]                       0x080014a8   Section        0  py32f403_it.o(.text.NMI_Handler)
    NVIC_EncodePriority                      0x080014ad   Thumb Code   108  py32f403_hal_cortex.o(.text.NVIC_EncodePriority)
    [Anonymous Symbol]                       0x080014ac   Section        0  py32f403_hal_cortex.o(.text.NVIC_EncodePriority)
    [Anonymous Symbol]                       0x08001518   Section        0  timer.o(.text.OSAL_TIMER_TICKINIT)
    [Anonymous Symbol]                       0x0800151c   Section        0  timer.o(.text.OSAL_TIMER_TICKSTART)
    [Anonymous Symbol]                       0x08001520   Section        0  timer.o(.text.OSAL_TIMER_TICKSTOP)
    [Anonymous Symbol]                       0x08001524   Section        0  py32f403_it.o(.text.PendSV_Handler)
    RCC_Delay                                0x08001529   Thumb Code    58  py32f403_hal_rcc.o(.text.RCC_Delay)
    [Anonymous Symbol]                       0x08001528   Section        0  py32f403_hal_rcc.o(.text.RCC_Delay)
    [Anonymous Symbol]                       0x08001564   Section        0  py32f403_it.o(.text.SVC_Handler)
    SysTick_Config                           0x08001569   Thumb Code    84  py32f403_hal_cortex.o(.text.SysTick_Config)
    [Anonymous Symbol]                       0x08001568   Section        0  py32f403_hal_cortex.o(.text.SysTick_Config)
    [Anonymous Symbol]                       0x080015bc   Section        0  py32f403_it.o(.text.SysTick_Handler)
    SystemClockConfig                        0x080015d1   Thumb Code   124  main.o(.text.SystemClockConfig)
    [Anonymous Symbol]                       0x080015d0   Section        0  main.o(.text.SystemClockConfig)
    [Anonymous Symbol]                       0x0800164c   Section        0  system_py32f403.o(.text.SystemInit)
    [Anonymous Symbol]                       0x0800165c   Section        0  py32f403_it.o(.text.TIM2_IRQHandler)
    [Anonymous Symbol]                       0x08001660   Section        0  py32f403_it.o(.text.UsageFault_Handler)
    __NVIC_GetPriorityGrouping               0x08001665   Thumb Code    16  py32f403_hal_cortex.o(.text.__NVIC_GetPriorityGrouping)
    [Anonymous Symbol]                       0x08001664   Section        0  py32f403_hal_cortex.o(.text.__NVIC_GetPriorityGrouping)
    __NVIC_SetPriority                       0x08001675   Thumb Code    66  py32f403_hal_cortex.o(.text.__NVIC_SetPriority)
    [Anonymous Symbol]                       0x08001674   Section        0  py32f403_hal_cortex.o(.text.__NVIC_SetPriority)
    __NVIC_SetPriorityGrouping               0x080016b9   Thumb Code    60  py32f403_hal_cortex.o(.text.__NVIC_SetPriorityGrouping)
    [Anonymous Symbol]                       0x080016b8   Section        0  py32f403_hal_cortex.o(.text.__NVIC_SetPriorityGrouping)
    gpio_get_pin                             0x080016f5   Thumb Code    62  drv_gpio.o(.text.gpio_get_pin)
    [Anonymous Symbol]                       0x080016f4   Section        0  drv_gpio.o(.text.gpio_get_pin)
    [Anonymous Symbol]                       0x08001734   Section        0  drv_gpio.o(.text.gpio_init)
    gpio_irq_handler                         0x080017d5   Thumb Code    68  drv_gpio.o(.text.gpio_irq_handler)
    [Anonymous Symbol]                       0x080017d4   Section        0  drv_gpio.o(.text.gpio_irq_handler)
    [Anonymous Symbol]                       0x08001818   Section        0  drv_gpio.o(.text.gpio_mode)
    [Anonymous Symbol]                       0x080018b8   Section        0  drv_gpio.o(.text.gpio_toggle)
    [Anonymous Symbol]                       0x080018f0   Section        0  led_task.o(.text.led_task_event_process)
    [Anonymous Symbol]                       0x08001968   Section        0  led_task.o(.text.led_task_init)
    [Anonymous Symbol]                       0x080019a0   Section        0  main.o(.text.main)
    [Anonymous Symbol]                       0x080019b4   Section        0  osal_timer.o(.text.osalAddTimer)
    [Anonymous Symbol]                       0x08001a6c   Section        0  osal_event.o(.text.osalFindTask)
    [Anonymous Symbol]                       0x08001ab0   Section        0  osal_timer.o(.text.osalFindTimer)
    [Anonymous Symbol]                       0x08001afc   Section        0  osal_event.o(.text.osalNextActiveTask)
    [Anonymous Symbol]                       0x08001b34   Section        0  osal_timer.o(.text.osalTimerInit)
    [Anonymous Symbol]                       0x08001b6c   Section        0  osal_timer.o(.text.osalTimerUpdate)
    [Anonymous Symbol]                       0x08001c88   Section        0  osal_event.o(.text.osal_Task_init)
    [Anonymous Symbol]                       0x08001cf0   Section        0  osal_event.o(.text.osal_add_Task)
    [Anonymous Symbol]                       0x08001d98   Section        0  osal_event.o(.text.osal_clear_event)
    [Anonymous Symbol]                       0x08001de4   Section        0  osal_event.o(.text.osal_init_TaskHead)
    [Anonymous Symbol]                       0x08001e08   Section        0  osal.o(.text.osal_init_system)
    [Anonymous Symbol]                       0x08001e28   Section        0  osal_examplie.o(.text.osal_main)
    [Anonymous Symbol]                       0x08001e60   Section        0  osal_memory.o(.text.osal_mem_alloc)
    [Anonymous Symbol]                       0x08002098   Section        0  osal_memory.o(.text.osal_mem_free)
    [Anonymous Symbol]                       0x08002114   Section        0  osal_memory.o(.text.osal_mem_init)
    [Anonymous Symbol]                       0x080021a8   Section        0  osal_memory.o(.text.osal_mem_kick)
    [Anonymous Symbol]                       0x080021cc   Section        0  osal_msg.o(.text.osal_msg_deallocate)
    [Anonymous Symbol]                       0x08002210   Section        0  osal_msg.o(.text.osal_msg_extract)
    [Anonymous Symbol]                       0x0800225c   Section        0  osal_msg.o(.text.osal_msg_receive)
    [Anonymous Symbol]                       0x08002300   Section        0  osal_event.o(.text.osal_set_event)
    [Anonymous Symbol]                       0x0800234c   Section        0  osal_timer.o(.text.osal_start_reload_timer)
    [Anonymous Symbol]                       0x080023b4   Section        0  osal.o(.text.osal_start_system)
    [Anonymous Symbol]                       0x08002448   Section        0  osal_timer.o(.text.osal_timer_activate)
    [Anonymous Symbol]                       0x0800246c   Section        0  osal_timer.o(.text.osal_timer_hw_setup)
    i.__scatterload_copy                     0x0800248c   Section       14  handlers.o(i.__scatterload_copy)
    i.__scatterload_null                     0x0800249a   Section        2  handlers.o(i.__scatterload_null)
    i.__scatterload_zeroinit                 0x0800249c   Section       14  handlers.o(i.__scatterload_zeroinit)
    .L__const.HAL_RCC_GetSysClockFreq.aPLLMULFactorTable 0x080024aa   Data          64  py32f403_hal_rcc.o(.rodata..L__const.HAL_RCC_GetSysClockFreq.aPLLMULFactorTable)
    gpio_pins                                0x080024fc   Data        1280  drv_gpio.o(.rodata.gpio_pins)
    [Anonymous Symbol]                       0x080024fc   Section        0  drv_gpio.o(.rodata.gpio_pins)
    .L.str                                   0x080029fc   Data           8  drv_gpio.o(.rodata.str1.1)
    [Anonymous Symbol]                       0x080029fc   Section        0  drv_gpio.o(.rodata.str1.1)
    theHeap                                  0x20000004   Data           4  osal_memory.o(.data.theHeap)
    [Anonymous Symbol]                       0x20000004   Section        0  osal_memory.o(.data.theHeap)
    _theHeap                                 0x2000001c   Data        6144  osal_memory.o(.bss._theHeap)
    [Anonymous Symbol]                       0x2000001c   Section        0  osal_memory.o(.bss._theHeap)
    blkCnt                                   0x2000181c   Data           2  osal_memory.o(.bss.blkCnt)
    [Anonymous Symbol]                       0x2000181c   Section        0  osal_memory.o(.bss.blkCnt)
    blkFree                                  0x2000181e   Data           2  osal_memory.o(.bss.blkFree)
    [Anonymous Symbol]                       0x2000181e   Section        0  osal_memory.o(.bss.blkFree)
    blkMax                                   0x20001820   Data           2  osal_memory.o(.bss.blkMax)
    [Anonymous Symbol]                       0x20001820   Section        0  osal_memory.o(.bss.blkMax)
    ff1                                      0x20001824   Data           4  osal_memory.o(.bss.ff1)
    [Anonymous Symbol]                       0x20001824   Section        0  osal_memory.o(.bss.ff1)
    ff2                                      0x20001828   Data           4  osal_memory.o(.bss.ff2)
    [Anonymous Symbol]                       0x20001828   Section        0  osal_memory.o(.bss.ff2)
    gpio_irq_handlers                        0x2000182c   Data         256  drv_gpio.o(.bss.gpio_irq_handlers)
    [Anonymous Symbol]                       0x2000182c   Section        0  drv_gpio.o(.bss.gpio_irq_handlers)
    memAlo                                   0x2000192e   Data           2  osal_memory.o(.bss.memAlo)
    [Anonymous Symbol]                       0x2000192e   Section        0  osal_memory.o(.bss.memAlo)
    memMax                                   0x20001930   Data           2  osal_memory.o(.bss.memMax)
    [Anonymous Symbol]                       0x20001930   Section        0  osal_memory.o(.bss.memMax)
    osal_systemClock                         0x20001938   Data           4  osal_timer.o(.bss.osal_systemClock)
    [Anonymous Symbol]                       0x20001938   Section        0  osal_timer.o(.bss.osal_systemClock)
    ready                                    0x2000193c   Data           1  osal_memory.o(.bss.ready)
    [Anonymous Symbol]                       0x2000193c   Section        0  osal_memory.o(.bss.ready)
    STACK                                    0x20001950   Section     1024  startup_py32f403xx.o(STACK)

    Global Symbols

    Symbol Name                              Value     Ov Type        Size  Object(Section)

    BuildAttributes$$THM_ISAv4$E$P$D$K$B$S$7EM$VFPi3$EXTD16$VFPS$VFMA$PE$A:L22UL41UL21$X:L11$S22US41US21$IEEE1$IW$~IW$USESV6$~STKCKD$USESV7$~SHL$OSPACE$EBA8$MICROLIB$REQ8$PRES8$EABIv2 0x00000000   Number         0  anon$$obj.o ABSOLUTE
    __cpp_initialize__aeabi_                  - Undefined Weak Reference
    __cxa_finalize                            - Undefined Weak Reference
    __decompress                              - Undefined Weak Reference
    _clock_init                               - Undefined Weak Reference
    _microlib_exit                            - Undefined Weak Reference
    __Vectors_Size                           0x00000130   Number         0  startup_py32f403xx.o ABSOLUTE
    __Vectors                                0x08000000   Data           4  startup_py32f403xx.o(RESET)
    __Vectors_End                            0x08000130   Data           0  startup_py32f403xx.o(RESET)
    __main                                   0x08000131   Thumb Code     0  entry.o(.ARM.Collect$$$$00000000)
    _main_stk                                0x08000131   Thumb Code     0  entry2.o(.ARM.Collect$$$$00000001)
    _main_scatterload                        0x08000135   Thumb Code     0  entry5.o(.ARM.Collect$$$$00000004)
    __main_after_scatterload                 0x08000139   Thumb Code     0  entry5.o(.ARM.Collect$$$$00000004)
    _main_clock                              0x08000139   Thumb Code     0  entry7b.o(.ARM.Collect$$$$00000008)
    _main_cpp_init                           0x08000139   Thumb Code     0  entry8b.o(.ARM.Collect$$$$0000000A)
    _main_init                               0x08000139   Thumb Code     0  entry9a.o(.ARM.Collect$$$$0000000B)
    __rt_final_cpp                           0x08000141   Thumb Code     0  entry10a.o(.ARM.Collect$$$$0000000D)
    __rt_final_exit                          0x08000141   Thumb Code     0  entry11a.o(.ARM.Collect$$$$0000000F)
    Reset_Handler                            0x08000145   Thumb Code     8  startup_py32f403xx.o(.text)
    ADC1_2_IRQHandler                        0x0800015f   Thumb Code     0  startup_py32f403xx.o(.text)
    ADC3_IRQHandler                          0x0800015f   Thumb Code     0  startup_py32f403xx.o(.text)
    CAN1_RX1_IRQHandler                      0x0800015f   Thumb Code     0  startup_py32f403xx.o(.text)
    CAN1_SCE_IRQHandler                      0x0800015f   Thumb Code     0  startup_py32f403xx.o(.text)
    DMA1_Channel1_IRQHandler                 0x0800015f   Thumb Code     0  startup_py32f403xx.o(.text)
    DMA1_Channel2_IRQHandler                 0x0800015f   Thumb Code     0  startup_py32f403xx.o(.text)
    DMA1_Channel3_IRQHandler                 0x0800015f   Thumb Code     0  startup_py32f403xx.o(.text)
    DMA1_Channel4_IRQHandler                 0x0800015f   Thumb Code     0  startup_py32f403xx.o(.text)
    DMA1_Channel5_IRQHandler                 0x0800015f   Thumb Code     0  startup_py32f403xx.o(.text)
    DMA1_Channel6_IRQHandler                 0x0800015f   Thumb Code     0  startup_py32f403xx.o(.text)
    DMA1_Channel7_IRQHandler                 0x0800015f   Thumb Code     0  startup_py32f403xx.o(.text)
    DMA2_Channel2_IRQHandler                 0x0800015f   Thumb Code     0  startup_py32f403xx.o(.text)
    DMA2_Channel3_IRQHandler                 0x0800015f   Thumb Code     0  startup_py32f403xx.o(.text)
    DMA2_Channel4_5_IRQHandler               0x0800015f   Thumb Code     0  startup_py32f403xx.o(.text)
    ESMC_IRQHandler                          0x0800015f   Thumb Code     0  startup_py32f403xx.o(.text)
    FLASH_IRQHandler                         0x0800015f   Thumb Code     0  startup_py32f403xx.o(.text)
    I2C1_ER_IRQHandler                       0x0800015f   Thumb Code     0  startup_py32f403xx.o(.text)
    I2C1_EV_IRQHandler                       0x0800015f   Thumb Code     0  startup_py32f403xx.o(.text)
    I2C2_ER_IRQHandler                       0x0800015f   Thumb Code     0  startup_py32f403xx.o(.text)
    I2C2_EV_IRQHandler                       0x0800015f   Thumb Code     0  startup_py32f403xx.o(.text)
    PVD_IRQHandler                           0x0800015f   Thumb Code     0  startup_py32f403xx.o(.text)
    RCC_CTC_IRQHandler                       0x0800015f   Thumb Code     0  startup_py32f403xx.o(.text)
    RTC_Alarm_IRQHandler                     0x0800015f   Thumb Code     0  startup_py32f403xx.o(.text)
    RTC_IRQHandler                           0x0800015f   Thumb Code     0  startup_py32f403xx.o(.text)
    SDIO_IRQHandler                          0x0800015f   Thumb Code     0  startup_py32f403xx.o(.text)
    SPI1_IRQHandler                          0x0800015f   Thumb Code     0  startup_py32f403xx.o(.text)
    SPI2_IRQHandler                          0x0800015f   Thumb Code     0  startup_py32f403xx.o(.text)
    SPI3_IRQHandler                          0x0800015f   Thumb Code     0  startup_py32f403xx.o(.text)
    TAMPER_IRQHandler                        0x0800015f   Thumb Code     0  startup_py32f403xx.o(.text)
    TIM1_BRK_TIM9_IRQHandler                 0x0800015f   Thumb Code     0  startup_py32f403xx.o(.text)
    TIM1_CC_IRQHandler                       0x0800015f   Thumb Code     0  startup_py32f403xx.o(.text)
    TIM1_TRG_COM_TIM11_IRQHandler            0x0800015f   Thumb Code     0  startup_py32f403xx.o(.text)
    TIM1_UP_TIM10_IRQHandler                 0x0800015f   Thumb Code     0  startup_py32f403xx.o(.text)
    TIM3_IRQHandler                          0x0800015f   Thumb Code     0  startup_py32f403xx.o(.text)
    TIM4_IRQHandler                          0x0800015f   Thumb Code     0  startup_py32f403xx.o(.text)
    TIM5_IRQHandler                          0x0800015f   Thumb Code     0  startup_py32f403xx.o(.text)
    TIM6_IRQHandler                          0x0800015f   Thumb Code     0  startup_py32f403xx.o(.text)
    TIM7_IRQHandler                          0x0800015f   Thumb Code     0  startup_py32f403xx.o(.text)
    TIM8_BRK_TIM12_IRQHandler                0x0800015f   Thumb Code     0  startup_py32f403xx.o(.text)
    TIM8_CC_IRQHandler                       0x0800015f   Thumb Code     0  startup_py32f403xx.o(.text)
    TIM8_TRG_COM_TIM14_IRQHandler            0x0800015f   Thumb Code     0  startup_py32f403xx.o(.text)
    TIM8_UP_TIM13_IRQHandler                 0x0800015f   Thumb Code     0  startup_py32f403xx.o(.text)
    UART4_IRQHandler                         0x0800015f   Thumb Code     0  startup_py32f403xx.o(.text)
    UART5_IRQHandler                         0x0800015f   Thumb Code     0  startup_py32f403xx.o(.text)
    USART1_IRQHandler                        0x0800015f   Thumb Code     0  startup_py32f403xx.o(.text)
    USART2_IRQHandler                        0x0800015f   Thumb Code     0  startup_py32f403xx.o(.text)
    USART3_IRQHandler                        0x0800015f   Thumb Code     0  startup_py32f403xx.o(.text)
    USBWakeUp_IRQHandler                     0x0800015f   Thumb Code     0  startup_py32f403xx.o(.text)
    USB_HP_CAN1_TX_IRQHandler                0x0800015f   Thumb Code     0  startup_py32f403xx.o(.text)
    USB_LP_CAN1_RX0_IRQHandler               0x0800015f   Thumb Code     0  startup_py32f403xx.o(.text)
    WWDG_IRQHandler                          0x0800015f   Thumb Code     0  startup_py32f403xx.o(.text)
    __aeabi_memcpy                           0x08000169   Thumb Code    36  memcpya.o(.text)
    __aeabi_memcpy4                          0x08000169   Thumb Code     0  memcpya.o(.text)
    __aeabi_memcpy8                          0x08000169   Thumb Code     0  memcpya.o(.text)
    __aeabi_memset                           0x0800018d   Thumb Code    14  memseta.o(.text)
    __aeabi_memset4                          0x0800018d   Thumb Code     0  memseta.o(.text)
    __aeabi_memset8                          0x0800018d   Thumb Code     0  memseta.o(.text)
    __aeabi_memclr                           0x0800019b   Thumb Code     4  memseta.o(.text)
    __aeabi_memclr4                          0x0800019b   Thumb Code     0  memseta.o(.text)
    __aeabi_memclr8                          0x0800019b   Thumb Code     0  memseta.o(.text)
    _memset$wrapper                          0x0800019f   Thumb Code    18  memseta.o(.text)
    __scatterload                            0x080001b1   Thumb Code    28  init.o(.text)
    __scatterload_rt2                        0x080001b1   Thumb Code     0  init.o(.text)
    APP_ErrorHandler                         0x080001d5   Thumb Code     4  main.o(.text.APP_ErrorHandler)
    BusFault_Handler                         0x080001d9   Thumb Code     4  py32f403_it.o(.text.BusFault_Handler)
    DMA2_Channel1_IRQHandler                 0x080001dd   Thumb Code     2  py32f403_it.o(.text.DMA2_Channel1_IRQHandler)
    DebugMon_Handler                         0x080001e1   Thumb Code     2  py32f403_it.o(.text.DebugMon_Handler)
    EXTI0_IRQHandler                         0x080001e5   Thumb Code    40  drv_gpio.o(.text.EXTI0_IRQHandler)
    EXTI15_10_IRQHandler                     0x0800020d   Thumb Code   244  drv_gpio.o(.text.EXTI15_10_IRQHandler)
    EXTI1_IRQHandler                         0x08000301   Thumb Code    42  drv_gpio.o(.text.EXTI1_IRQHandler)
    EXTI2_IRQHandler                         0x0800032d   Thumb Code    42  drv_gpio.o(.text.EXTI2_IRQHandler)
    EXTI3_IRQHandler                         0x08000359   Thumb Code    42  drv_gpio.o(.text.EXTI3_IRQHandler)
    EXTI4_IRQHandler                         0x08000385   Thumb Code    42  drv_gpio.o(.text.EXTI4_IRQHandler)
    EXTI9_5_IRQHandler                       0x080003b1   Thumb Code   198  drv_gpio.o(.text.EXTI9_5_IRQHandler)
    HAL_GPIO_Init                            0x08000479   Thumb Code   846  py32f403_hal_gpio.o(.text.HAL_GPIO_Init)
    HAL_GPIO_TogglePin                       0x080007c9   Thumb Code    46  py32f403_hal_gpio.o(.text.HAL_GPIO_TogglePin)
    HAL_GetTick                              0x080007f9   Thumb Code    12  py32f403_hal.o(.text.HAL_GetTick)
    HAL_IncTick                              0x08000805   Thumb Code    26  py32f403_hal.o(.text.HAL_IncTick)
    HAL_Init                                 0x08000821   Thumb Code    22  py32f403_hal.o(.text.HAL_Init)
    HAL_InitTick                             0x08000839   Thumb Code   112  py32f403_hal.o(.text.HAL_InitTick)
    HAL_MspInit                              0x080008a9   Thumb Code   126  py32f403_hal_msp.o(.text.HAL_MspInit)
    HAL_NVIC_SetPriority                     0x08000929   Thumb Code    50  py32f403_hal_cortex.o(.text.HAL_NVIC_SetPriority)
    HAL_NVIC_SetPriorityGrouping             0x0800095d   Thumb Code    16  py32f403_hal_cortex.o(.text.HAL_NVIC_SetPriorityGrouping)
    HAL_RCC_ClockConfig                      0x0800096d   Thumb Code   610  py32f403_hal_rcc.o(.text.HAL_RCC_ClockConfig)
    HAL_RCC_GetSysClockFreq                  0x08000bd1   Thumb Code   236  py32f403_hal_rcc.o(.text.HAL_RCC_GetSysClockFreq)
    HAL_RCC_OscConfig                        0x08000cbd   Thumb Code  1990  py32f403_hal_rcc.o(.text.HAL_RCC_OscConfig)
    HAL_SYSTICK_Callback                     0x08001485   Thumb Code     2  py32f403_hal_cortex.o(.text.HAL_SYSTICK_Callback)
    HAL_SYSTICK_Config                       0x08001489   Thumb Code    16  py32f403_hal_cortex.o(.text.HAL_SYSTICK_Config)
    HAL_SYSTICK_IRQHandler                   0x08001499   Thumb Code     8  py32f403_hal_cortex.o(.text.HAL_SYSTICK_IRQHandler)
    HardFault_Handler                        0x080014a1   Thumb Code     4  py32f403_it.o(.text.HardFault_Handler)
    MemManage_Handler                        0x080014a5   Thumb Code     4  py32f403_it.o(.text.MemManage_Handler)
    NMI_Handler                              0x080014a9   Thumb Code     2  py32f403_it.o(.text.NMI_Handler)
    OSAL_TIMER_TICKINIT                      0x08001519   Thumb Code     2  timer.o(.text.OSAL_TIMER_TICKINIT)
    OSAL_TIMER_TICKSTART                     0x0800151d   Thumb Code     2  timer.o(.text.OSAL_TIMER_TICKSTART)
    OSAL_TIMER_TICKSTOP                      0x08001521   Thumb Code     2  timer.o(.text.OSAL_TIMER_TICKSTOP)
    PendSV_Handler                           0x08001525   Thumb Code     2  py32f403_it.o(.text.PendSV_Handler)
    SVC_Handler                              0x08001565   Thumb Code     2  py32f403_it.o(.text.SVC_Handler)
    SysTick_Handler                          0x080015bd   Thumb Code    18  py32f403_it.o(.text.SysTick_Handler)
    SystemInit                               0x0800164d   Thumb Code    16  system_py32f403.o(.text.SystemInit)
    TIM2_IRQHandler                          0x0800165d   Thumb Code     2  py32f403_it.o(.text.TIM2_IRQHandler)
    UsageFault_Handler                       0x08001661   Thumb Code     4  py32f403_it.o(.text.UsageFault_Handler)
    gpio_init                                0x08001735   Thumb Code   158  drv_gpio.o(.text.gpio_init)
    gpio_mode                                0x08001819   Thumb Code   160  drv_gpio.o(.text.gpio_mode)
    gpio_toggle                              0x080018b9   Thumb Code    54  drv_gpio.o(.text.gpio_toggle)
    led_task_event_process                   0x080018f1   Thumb Code   120  led_task.o(.text.led_task_event_process)
    led_task_init                            0x08001969   Thumb Code    56  led_task.o(.text.led_task_init)
    main                                     0x080019a1   Thumb Code    18  main.o(.text.main)
    osalAddTimer                             0x080019b5   Thumb Code   182  osal_timer.o(.text.osalAddTimer)
    osalFindTask                             0x08001a6d   Thumb Code    66  osal_event.o(.text.osalFindTask)
    osalFindTimer                            0x08001ab1   Thumb Code    74  osal_timer.o(.text.osalFindTimer)
    osalNextActiveTask                       0x08001afd   Thumb Code    56  osal_event.o(.text.osalNextActiveTask)
    osalTimerInit                            0x08001b35   Thumb Code    54  osal_timer.o(.text.osalTimerInit)
    osalTimerUpdate                          0x08001b6d   Thumb Code   284  osal_timer.o(.text.osalTimerUpdate)
    osal_Task_init                           0x08001c89   Thumb Code   102  osal_event.o(.text.osal_Task_init)
    osal_add_Task                            0x08001cf1   Thumb Code   166  osal_event.o(.text.osal_add_Task)
    osal_clear_event                         0x08001d99   Thumb Code    76  osal_event.o(.text.osal_clear_event)
    osal_init_TaskHead                       0x08001de5   Thumb Code    34  osal_event.o(.text.osal_init_TaskHead)
    osal_init_system                         0x08001e09   Thumb Code    30  osal.o(.text.osal_init_system)
    osal_main                                0x08001e29   Thumb Code    56  osal_examplie.o(.text.osal_main)
    osal_mem_alloc                           0x08001e61   Thumb Code   566  osal_memory.o(.text.osal_mem_alloc)
    osal_mem_free                            0x08002099   Thumb Code   122  osal_memory.o(.text.osal_mem_free)
    osal_mem_init                            0x08002115   Thumb Code   146  osal_memory.o(.text.osal_mem_init)
    osal_mem_kick                            0x080021a9   Thumb Code    36  osal_memory.o(.text.osal_mem_kick)
    osal_msg_deallocate                      0x080021cd   Thumb Code    68  osal_msg.o(.text.osal_msg_deallocate)
    osal_msg_extract                         0x08002211   Thumb Code    76  osal_msg.o(.text.osal_msg_extract)
    osal_msg_receive                         0x0800225d   Thumb Code   162  osal_msg.o(.text.osal_msg_receive)
    osal_set_event                           0x08002301   Thumb Code    76  osal_event.o(.text.osal_set_event)
    osal_start_reload_timer                  0x0800234d   Thumb Code   104  osal_timer.o(.text.osal_start_reload_timer)
    osal_start_system                        0x080023b5   Thumb Code   146  osal.o(.text.osal_start_system)
    osal_timer_activate                      0x08002449   Thumb Code    34  osal_timer.o(.text.osal_timer_activate)
    osal_timer_hw_setup                      0x0800246d   Thumb Code    32  osal_timer.o(.text.osal_timer_hw_setup)
    __scatterload_copy                       0x0800248d   Thumb Code    14  handlers.o(i.__scatterload_copy)
    __scatterload_null                       0x0800249b   Thumb Code     2  handlers.o(i.__scatterload_null)
    __scatterload_zeroinit                   0x0800249d   Thumb Code    14  handlers.o(i.__scatterload_zeroinit)
    AHBPrescTable                            0x080024ea   Data          16  system_py32f403.o(.rodata.AHBPrescTable)
    Region$$Table$$Base                      0x08002b5c   Number         0  anon$$obj.o(Region$$Table)
    Region$$Table$$Limit                     0x08002b7c   Number         0  anon$$obj.o(Region$$Table)
    SystemCoreClock                          0x20000000   Data           4  system_py32f403.o(.data.SystemCoreClock)
    uwTickFreq                               0x20000008   Data           1  py32f403_hal.o(.data.uwTickFreq)
    uwTickPrio                               0x2000000c   Data           4  py32f403_hal.o(.data.uwTickPrio)
    TaskActive                               0x20000010   Data           4  osal_event.o(.bss.TaskActive)
    TaskHead                                 0x20000014   Data           4  osal_event.o(.bss.TaskHead)
    Task_id                                  0x20000018   Data           1  osal_event.o(.bss.Task_id)
    led_task_id                              0x2000192c   Data           1  led_task.o(.bss.led_task_id)
    osal_qHead                               0x20001934   Data           4  osal.o(.bss.osal_qHead)
    tasksCnt                                 0x2000193d   Data           1  osal_event.o(.bss.tasksCnt)
    timerActive                              0x2000193e   Data           1  osal_timer.o(.bss.timerActive)
    timerHead                                0x20001940   Data           4  osal_timer.o(.bss.timerHead)
    tmr_decr_time                            0x20001944   Data           1  osal_timer.o(.bss.tmr_decr_time)
    uwTick                                   0x20001948   Data           4  py32f403_hal.o(.bss.uwTick)
    __initial_sp                             0x20001d50   Data           0  startup_py32f403xx.o(STACK)



==============================================================================

Memory Map of the image

  Image Entry point : 0x08000131

  Load Region LR_IROM1 (Base: 0x08000000, Size: 0x00002b90, Max: 0x00060000, ABSOLUTE)

    Execution Region ER_IROM1 (Exec base: 0x08000000, Load base: 0x08000000, Size: 0x00002b7c, Max: 0x00060000, ABSOLUTE)

    Exec Addr    Load Addr    Size         Type   Attr      Idx    E Section Name        Object

    0x08000000   0x08000000   0x00000130   Data   RO         1549    RESET               startup_py32f403xx.o
    0x08000130   0x08000130   0x00000000   Code   RO         1572  * .ARM.Collect$$$$00000000  mc_w.l(entry.o)
    0x08000130   0x08000130   0x00000004   Code   RO         1583    .ARM.Collect$$$$00000001  mc_w.l(entry2.o)
    0x08000134   0x08000134   0x00000004   Code   RO         1586    .ARM.Collect$$$$00000004  mc_w.l(entry5.o)
    0x08000138   0x08000138   0x00000000   Code   RO         1588    .ARM.Collect$$$$00000008  mc_w.l(entry7b.o)
    0x08000138   0x08000138   0x00000000   Code   RO         1590    .ARM.Collect$$$$0000000A  mc_w.l(entry8b.o)
    0x08000138   0x08000138   0x00000008   Code   RO         1591    .ARM.Collect$$$$0000000B  mc_w.l(entry9a.o)
    0x08000140   0x08000140   0x00000000   Code   RO         1593    .ARM.Collect$$$$0000000D  mc_w.l(entry10a.o)
    0x08000140   0x08000140   0x00000000   Code   RO         1595    .ARM.Collect$$$$0000000F  mc_w.l(entry11a.o)
    0x08000140   0x08000140   0x00000004   Code   RO         1584    .ARM.Collect$$$$00002712  mc_w.l(entry2.o)
    0x08000144   0x08000144   0x00000024   Code   RO         1550    .text               startup_py32f403xx.o
    0x08000168   0x08000168   0x00000024   Code   RO         1575    .text               mc_w.l(memcpya.o)
    0x0800018c   0x0800018c   0x00000024   Code   RO         1577    .text               mc_w.l(memseta.o)
    0x080001b0   0x080001b0   0x00000024   Code   RO         1597    .text               mc_w.l(init.o)
    0x080001d4   0x080001d4   0x00000004   Code   RO            6    .text.APP_ErrorHandler  main.o
    0x080001d8   0x080001d8   0x00000004   Code   RO           33    .text.BusFault_Handler  py32f403_it.o
    0x080001dc   0x080001dc   0x00000002   Code   RO           47    .text.DMA2_Channel1_IRQHandler  py32f403_it.o
    0x080001de   0x080001de   0x00000002   PAD
    0x080001e0   0x080001e0   0x00000002   Code   RO           39    .text.DebugMon_Handler  py32f403_it.o
    0x080001e2   0x080001e2   0x00000002   PAD
    0x080001e4   0x080001e4   0x00000028   Code   RO          292    .text.EXTI0_IRQHandler  drv_gpio.o
    0x0800020c   0x0800020c   0x000000f4   Code   RO          306    .text.EXTI15_10_IRQHandler  drv_gpio.o
    0x08000300   0x08000300   0x0000002a   Code   RO          296    .text.EXTI1_IRQHandler  drv_gpio.o
    0x0800032a   0x0800032a   0x00000002   PAD
    0x0800032c   0x0800032c   0x0000002a   Code   RO          298    .text.EXTI2_IRQHandler  drv_gpio.o
    0x08000356   0x08000356   0x00000002   PAD
    0x08000358   0x08000358   0x0000002a   Code   RO          300    .text.EXTI3_IRQHandler  drv_gpio.o
    0x08000382   0x08000382   0x00000002   PAD
    0x08000384   0x08000384   0x0000002a   Code   RO          302    .text.EXTI4_IRQHandler  drv_gpio.o
    0x080003ae   0x080003ae   0x00000002   PAD
    0x080003b0   0x080003b0   0x000000c6   Code   RO          304    .text.EXTI9_5_IRQHandler  drv_gpio.o
    0x08000476   0x08000476   0x00000002   PAD
    0x08000478   0x08000478   0x0000034e   Code   RO          691    .text.HAL_GPIO_Init  py32f403_hal_gpio.o
    0x080007c6   0x080007c6   0x00000002   PAD
    0x080007c8   0x080007c8   0x0000002e   Code   RO          699    .text.HAL_GPIO_TogglePin  py32f403_hal_gpio.o
    0x080007f6   0x080007f6   0x00000002   PAD
    0x080007f8   0x080007f8   0x0000000c   Code   RO          426    .text.HAL_GetTick   py32f403_hal.o
    0x08000804   0x08000804   0x0000001a   Code   RO          424    .text.HAL_IncTick   py32f403_hal.o
    0x0800081e   0x0800081e   0x00000002   PAD
    0x08000820   0x08000820   0x00000016   Code   RO          414    .text.HAL_Init      py32f403_hal.o
    0x08000836   0x08000836   0x00000002   PAD
    0x08000838   0x08000838   0x00000070   Code   RO          416    .text.HAL_InitTick  py32f403_hal.o
    0x080008a8   0x080008a8   0x0000007e   Code   RO           16    .text.HAL_MspInit   py32f403_hal_msp.o
    0x08000926   0x08000926   0x00000002   PAD
    0x08000928   0x08000928   0x00000032   Code   RO          505    .text.HAL_NVIC_SetPriority  py32f403_hal_cortex.o
    0x0800095a   0x0800095a   0x00000002   PAD
    0x0800095c   0x0800095c   0x00000010   Code   RO          501    .text.HAL_NVIC_SetPriorityGrouping  py32f403_hal_cortex.o
    0x0800096c   0x0800096c   0x00000262   Code   RO          972    .text.HAL_RCC_ClockConfig  py32f403_hal_rcc.o
    0x08000bce   0x08000bce   0x00000002   PAD
    0x08000bd0   0x08000bd0   0x000000ec   Code   RO          974    .text.HAL_RCC_GetSysClockFreq  py32f403_hal_rcc.o
    0x08000cbc   0x08000cbc   0x000007c6   Code   RO          968    .text.HAL_RCC_OscConfig  py32f403_hal_rcc.o
    0x08001482   0x08001482   0x00000002   PAD
    0x08001484   0x08001484   0x00000002   Code   RO          557    .text.HAL_SYSTICK_Callback  py32f403_hal_cortex.o
    0x08001486   0x08001486   0x00000002   PAD
    0x08001488   0x08001488   0x00000010   Code   RO          525    .text.HAL_SYSTICK_Config  py32f403_hal_cortex.o
    0x08001498   0x08001498   0x00000008   Code   RO          555    .text.HAL_SYSTICK_IRQHandler  py32f403_hal_cortex.o
    0x080014a0   0x080014a0   0x00000004   Code   RO           29    .text.HardFault_Handler  py32f403_it.o
    0x080014a4   0x080014a4   0x00000004   Code   RO           31    .text.MemManage_Handler  py32f403_it.o
    0x080014a8   0x080014a8   0x00000002   Code   RO           27    .text.NMI_Handler   py32f403_it.o
    0x080014aa   0x080014aa   0x00000002   PAD
    0x080014ac   0x080014ac   0x0000006c   Code   RO          511    .text.NVIC_EncodePriority  py32f403_hal_cortex.o
    0x08001518   0x08001518   0x00000002   Code   RO          257    .text.OSAL_TIMER_TICKINIT  timer.o
    0x0800151a   0x0800151a   0x00000002   PAD
    0x0800151c   0x0800151c   0x00000002   Code   RO          259    .text.OSAL_TIMER_TICKSTART  timer.o
    0x0800151e   0x0800151e   0x00000002   PAD
    0x08001520   0x08001520   0x00000002   Code   RO          261    .text.OSAL_TIMER_TICKSTOP  timer.o
    0x08001522   0x08001522   0x00000002   PAD
    0x08001524   0x08001524   0x00000002   Code   RO           41    .text.PendSV_Handler  py32f403_it.o
    0x08001526   0x08001526   0x00000002   PAD
    0x08001528   0x08001528   0x0000003a   Code   RO          970    .text.RCC_Delay     py32f403_hal_rcc.o
    0x08001562   0x08001562   0x00000002   PAD
    0x08001564   0x08001564   0x00000002   Code   RO           37    .text.SVC_Handler   py32f403_it.o
    0x08001566   0x08001566   0x00000002   PAD
    0x08001568   0x08001568   0x00000054   Code   RO          527    .text.SysTick_Config  py32f403_hal_cortex.o
    0x080015bc   0x080015bc   0x00000012   Code   RO           43    .text.SysTick_Handler  py32f403_it.o
    0x080015ce   0x080015ce   0x00000002   PAD
    0x080015d0   0x080015d0   0x0000007c   Code   RO            4    .text.SystemClockConfig  main.o
    0x0800164c   0x0800164c   0x00000010   Code   RO         1557    .text.SystemInit    system_py32f403.o
    0x0800165c   0x0800165c   0x00000002   Code   RO           45    .text.TIM2_IRQHandler  py32f403_it.o
    0x0800165e   0x0800165e   0x00000002   PAD
    0x08001660   0x08001660   0x00000004   Code   RO           35    .text.UsageFault_Handler  py32f403_it.o
    0x08001664   0x08001664   0x00000010   Code   RO          507    .text.__NVIC_GetPriorityGrouping  py32f403_hal_cortex.o
    0x08001674   0x08001674   0x00000042   Code   RO          509    .text.__NVIC_SetPriority  py32f403_hal_cortex.o
    0x080016b6   0x080016b6   0x00000002   PAD
    0x080016b8   0x080016b8   0x0000003c   Code   RO          503    .text.__NVIC_SetPriorityGrouping  py32f403_hal_cortex.o
    0x080016f4   0x080016f4   0x0000003e   Code   RO          272    .text.gpio_get_pin  drv_gpio.o
    0x08001732   0x08001732   0x00000002   PAD
    0x08001734   0x08001734   0x0000009e   Code   RO          274    .text.gpio_init     drv_gpio.o
    0x080017d2   0x080017d2   0x00000002   PAD
    0x080017d4   0x080017d4   0x00000044   Code   RO          294    .text.gpio_irq_handler  drv_gpio.o
    0x08001818   0x08001818   0x000000a0   Code   RO          276    .text.gpio_mode     drv_gpio.o
    0x080018b8   0x080018b8   0x00000036   Code   RO          282    .text.gpio_toggle   drv_gpio.o
    0x080018ee   0x080018ee   0x00000002   PAD
    0x080018f0   0x080018f0   0x00000078   Code   RO           87    .text.led_task_event_process  led_task.o
    0x08001968   0x08001968   0x00000038   Code   RO           85    .text.led_task_init  led_task.o
    0x080019a0   0x080019a0   0x00000012   Code   RO            2    .text.main          main.o
    0x080019b2   0x080019b2   0x00000002   PAD
    0x080019b4   0x080019b4   0x000000b6   Code   RO          222    .text.osalAddTimer  osal_timer.o
    0x08001a6a   0x08001a6a   0x00000002   PAD
    0x08001a6c   0x08001a6c   0x00000042   Code   RO          131    .text.osalFindTask  osal_event.o
    0x08001aae   0x08001aae   0x00000002   PAD
    0x08001ab0   0x08001ab0   0x0000004a   Code   RO          224    .text.osalFindTimer  osal_timer.o
    0x08001afa   0x08001afa   0x00000002   PAD
    0x08001afc   0x08001afc   0x00000038   Code   RO          141    .text.osalNextActiveTask  osal_event.o
    0x08001b34   0x08001b34   0x00000036   Code   RO          218    .text.osalTimerInit  osal_timer.o
    0x08001b6a   0x08001b6a   0x00000002   PAD
    0x08001b6c   0x08001b6c   0x0000011c   Code   RO          240    .text.osalTimerUpdate  osal_timer.o
    0x08001c88   0x08001c88   0x00000066   Code   RO          137    .text.osal_Task_init  osal_event.o
    0x08001cee   0x08001cee   0x00000002   PAD
    0x08001cf0   0x08001cf0   0x000000a6   Code   RO          139    .text.osal_add_Task  osal_event.o
    0x08001d96   0x08001d96   0x00000002   PAD
    0x08001d98   0x08001d98   0x0000004c   Code   RO          133    .text.osal_clear_event  osal_event.o
    0x08001de4   0x08001de4   0x00000022   Code   RO          135    .text.osal_init_TaskHead  osal_event.o
    0x08001e06   0x08001e06   0x00000002   PAD
    0x08001e08   0x08001e08   0x0000001e   Code   RO          105    .text.osal_init_system  osal.o
    0x08001e26   0x08001e26   0x00000002   PAD
    0x08001e28   0x08001e28   0x00000038   Code   RO           97    .text.osal_main     osal_examplie.o
    0x08001e60   0x08001e60   0x00000236   Code   RO          156    .text.osal_mem_alloc  osal_memory.o
    0x08002096   0x08002096   0x00000002   PAD
    0x08002098   0x08002098   0x0000007a   Code   RO          160    .text.osal_mem_free  osal_memory.o
    0x08002112   0x08002112   0x00000002   PAD
    0x08002114   0x08002114   0x00000092   Code   RO          154    .text.osal_mem_init  osal_memory.o
    0x080021a6   0x080021a6   0x00000002   PAD
    0x080021a8   0x080021a8   0x00000024   Code   RO          158    .text.osal_mem_kick  osal_memory.o
    0x080021cc   0x080021cc   0x00000044   Code   RO          193    .text.osal_msg_deallocate  osal_msg.o
    0x08002210   0x08002210   0x0000004c   Code   RO          201    .text.osal_msg_extract  osal_msg.o
    0x0800225c   0x0800225c   0x000000a2   Code   RO          199    .text.osal_msg_receive  osal_msg.o
    0x080022fe   0x080022fe   0x00000002   PAD
    0x08002300   0x08002300   0x0000004c   Code   RO          129    .text.osal_set_event  osal_event.o
    0x0800234c   0x0800234c   0x00000068   Code   RO          232    .text.osal_start_reload_timer  osal_timer.o
    0x080023b4   0x080023b4   0x00000092   Code   RO          107    .text.osal_start_system  osal.o
    0x08002446   0x08002446   0x00000002   PAD
    0x08002448   0x08002448   0x00000022   Code   RO          220    .text.osal_timer_activate  osal_timer.o
    0x0800246a   0x0800246a   0x00000002   PAD
    0x0800246c   0x0800246c   0x00000020   Code   RO          228    .text.osal_timer_hw_setup  osal_timer.o
    0x0800248c   0x0800248c   0x0000000e   Code   RO         1601    i.__scatterload_copy  mc_w.l(handlers.o)
    0x0800249a   0x0800249a   0x00000002   Code   RO         1602    i.__scatterload_null  mc_w.l(handlers.o)
    0x0800249c   0x0800249c   0x0000000e   Code   RO         1603    i.__scatterload_zeroinit  mc_w.l(handlers.o)
    0x080024aa   0x080024aa   0x00000040   Data   RO          996    .rodata..L__const.HAL_RCC_GetSysClockFreq.aPLLMULFactorTable  py32f403_hal_rcc.o
    0x080024ea   0x080024ea   0x00000010   Data   RO         1562    .rodata.AHBPrescTable  system_py32f403.o
    0x080024fa   0x080024fa   0x00000002   PAD
    0x080024fc   0x080024fc   0x00000500   Data   RO          311    .rodata.gpio_pins   drv_gpio.o
    0x080029fc   0x080029fc   0x0000015e   Data   RO          308    .rodata.str1.1      drv_gpio.o
    0x08002b5a   0x08002b5a   0x00000002   PAD
    0x08002b5c   0x08002b5c   0x00000020   Data   RO         1600    Region$$Table       anon$$obj.o


    Execution Region RW_IRAM1 (Exec base: 0x20000000, Load base: 0x08002b80, Size: 0x00001d50, Max: 0x00010000, ABSOLUTE)

    Exec Addr    Load Addr    Size         Type   Attr      Idx    E Section Name        Object

    0x20000000   0x08002b80   0x00000004   Data   RW         1561    .data.SystemCoreClock  system_py32f403.o
    0x20000004   0x08002b84   0x00000004   Data   RW          174    .data.theHeap       osal_memory.o
    0x20000008   0x08002b88   0x00000001   Data   RW          489    .data.uwTickFreq    py32f403_hal.o
    0x20000009   0x08002b89   0x00000003   PAD
    0x2000000c   0x08002b8c   0x00000004   Data   RW          488    .data.uwTickPrio    py32f403_hal.o
    0x20000010        -       0x00000004   Zero   RW          144    .bss.TaskActive     osal_event.o
    0x20000014        -       0x00000004   Zero   RW          143    .bss.TaskHead       osal_event.o
    0x20000018        -       0x00000001   Zero   RW          145    .bss.Task_id        osal_event.o
    0x20000019   0x08002b90   0x00000003   PAD
    0x2000001c        -       0x00001800   Zero   RW          183    .bss._theHeap       osal_memory.o
    0x2000181c        -       0x00000002   Zero   RW          179    .bss.blkCnt         osal_memory.o
    0x2000181e        -       0x00000002   Zero   RW          178    .bss.blkFree        osal_memory.o
    0x20001820        -       0x00000002   Zero   RW          181    .bss.blkMax         osal_memory.o
    0x20001822   0x08002b90   0x00000002   PAD
    0x20001824        -       0x00000004   Zero   RW          176    .bss.ff1            osal_memory.o
    0x20001828        -       0x00000004   Zero   RW          177    .bss.ff2            osal_memory.o
    0x2000182c        -       0x00000100   Zero   RW          309    .bss.gpio_irq_handlers  drv_gpio.o
    0x2000192c        -       0x00000001   Zero   RW           89    .bss.led_task_id    led_task.o
    0x2000192d   0x08002b90   0x00000001   PAD
    0x2000192e        -       0x00000002   Zero   RW          180    .bss.memAlo         osal_memory.o
    0x20001930        -       0x00000002   Zero   RW          182    .bss.memMax         osal_memory.o
    0x20001932   0x08002b90   0x00000002   PAD
    0x20001934        -       0x00000004   Zero   RW          121    .bss.osal_qHead     osal.o
    0x20001938        -       0x00000004   Zero   RW          248    .bss.osal_systemClock  osal_timer.o
    0x2000193c        -       0x00000001   Zero   RW          175    .bss.ready          osal_memory.o
    0x2000193d        -       0x00000001   Zero   RW          146    .bss.tasksCnt       osal_event.o
    0x2000193e        -       0x00000001   Zero   RW          247    .bss.timerActive    osal_timer.o
    0x2000193f   0x08002b90   0x00000001   PAD
    0x20001940        -       0x00000004   Zero   RW          249    .bss.timerHead      osal_timer.o
    0x20001944        -       0x00000001   Zero   RW          246    .bss.tmr_decr_time  osal_timer.o
    0x20001945   0x08002b90   0x00000003   PAD
    0x20001948        -       0x00000004   Zero   RW          490    .bss.uwTick         py32f403_hal.o
    0x2000194c   0x08002b90   0x00000004   PAD
    0x20001950        -       0x00000400   Zero   RW         1547    STACK               startup_py32f403xx.o


==============================================================================

Image component sizes


      Code (inc. data)   RO Data    RW Data    ZI Data      Debug   Object Name

      1152          6       1630          0        256       9312   drv_gpio.o
       176          0          0          0          1       1251   led_task.o
       146          0          0          0          0       1653   main.o
       176          0          0          0          4       2155   osal.o
       576          0          0          0         10       2398   osal_event.o
        56          0          0          0          0        439   osal_examplie.o
       870          0          0          4       6163       2744   osal_memory.o
       306          0          0          0          0       3007   osal_msg.o
       764          0          0          0         10       3797   osal_timer.o
       172          0          0          5          4       8109   py32f403_hal.o
       426          0          0          0          0       7910   py32f403_hal_cortex.o
       892          0          0          0          0       5028   py32f403_hal_gpio.o
       126          0          0          0          0       4265   py32f403_hal_msp.o
      2894          0         64          0          0       7966   py32f403_hal_rcc.o
        46          0          0          0          0       2830   py32f403_it.o
        36          8        304          0       1024        900   startup_py32f403xx.o
        16          0         16          4          0       2342   system_py32f403.o
         6          0          0          0          0        574   timer.o

    ----------------------------------------------------------------------
      8924         14       2050         16       7488      66680   Object Totals
         0          0         32          0          0          0   (incl. Generated)
        88          0          4          3         16          0   (incl. Padding)

    ----------------------------------------------------------------------

      Code (inc. data)   RO Data    RW Data    ZI Data      Debug   Library Member Name

         0          0          0          0          0          0   entry.o
         0          0          0          0          0          0   entry10a.o
         0          0          0          0          0          0   entry11a.o
         8          4          0          0          0          0   entry2.o
         4          0          0          0          0          0   entry5.o
         0          0          0          0          0          0   entry7b.o
         0          0          0          0          0          0   entry8b.o
         8          4          0          0          0          0   entry9a.o
        30          0          0          0          0          0   handlers.o
        36          8          0          0          0         68   init.o
        36          0          0          0          0         68   memcpya.o
        36          0          0          0          0        108   memseta.o

    ----------------------------------------------------------------------
       158         16          0          0          0        244   Library Totals
         0          0          0          0          0          0   (incl. Padding)

    ----------------------------------------------------------------------

      Code (inc. data)   RO Data    RW Data    ZI Data      Debug   Library Name

       158         16          0          0          0        244   mc_w.l

    ----------------------------------------------------------------------
       158         16          0          0          0        244   Library Totals

    ----------------------------------------------------------------------

==============================================================================


      Code (inc. data)   RO Data    RW Data    ZI Data      Debug   

      9082         30       2050         16       7488      66756   Grand Totals
      9082         30       2050         16       7488      66756   ELF Image Totals
      9082         30       2050         16          0          0   ROM Totals

==============================================================================

    Total RO  Size (Code + RO Data)                11132 (  10.87kB)
    Total RW  Size (RW Data + ZI Data)              7504 (   7.33kB)
    Total ROM Size (Code + RO Data + RW Data)      11148 (  10.89kB)

==============================================================================

