<html>
<body>
<pre>
<h1>µVision Build Log</h1>
<h2>Tool Versions:</h2>
IDE-Version: ¦ÌVision V5.43.1.0
Copyright (C) 2025 ARM Ltd and ARM Germany GmbH. All rights reserved.
License Information: firefly luo, 11111, LIC=X96CK-ZQZVI-TG07T-RX7GG-M33TV-10M1B
 
Tool Versions:
Toolchain:       MDK-ARM Plus  Version: 5.43.0.0
Toolchain Path:  D:\APP\Keil_v5\ARM\ARMCLANG\Bin
C Compiler:      ArmClang.exe V6.24
Assembler:       Armasm.exe V6.24
Linker/Locator:  ArmLink.exe V6.24
Library Manager: ArmAr.exe V6.24
Hex Converter:   FromElf.exe V6.24
CPU DLL:         SARMCM3.DLL V5.43.0.0
Dialog DLL:      DCM.DLL V1.17.5.0
Target DLL:      CMSIS_AGDI.dll V1.33.24.0
Dialog DLL:      TCM.DLL V1.56.6.0
 
<h2>Project:</h2>
D:\Desktop\Ad Hoc Network\PY32f403_dome\demo\osal project\Project\MDK-ARM\PY32F403_Project.uvprojx
Project File Date:  12/30/2025

<h2>Output:</h2>
*** Using Compiler 'V6.24', folder: 'D:\APP\Keil_v5\ARM\ARMCLANG\Bin'
Build target 'Target 1'
compiling sensor_task.c...
compiling main.c...
compiling py32f403_it.c...
compiling py32f403_hal_msp.c...
compiling led_task.c...
compiling osal_main.c...
compiling timer.c...
compiling osal_timer.c...
compiling py32f403_hal.c...
compiling print_task.c...
compiling qmi8658a_driver.c...
compiling drv_uart.c...
compiling py32f403_hal_cortex.c...
compiling drv_iwdg.c...
compiling py32f403_hal_crc.c...
compiling drv_tim.c...
compiling drv_gpio.c...
compiling py32f403_hal_adc_ex.c...
compiling osal_memory.c...
compiling osal.c...
compiling py32f403_hal_ctc.c...
compiling py32f403_hal_adc.c...
compiling osal_msg.c...
compiling drv_i2c.c...
compiling py32f403_hal_esmc.c...
compiling drv_spi.c...
compiling board.c...
compiling py32f403_hal_canfd.c...
compiling osal_event.c...
compiling drv_tool.c...
compiling py32f403_hal_dma.c...
compiling qmi8658a_reg.c...
compiling py32f403_hal_i2s.c...
compiling py32f403_hal_exti.c...
compiling py32f403_hal_gpio.c...
compiling py32f403_hal_iwdg.c...
compiling py32f403_hal_pwr_ex.c...
compiling py32f403_hal_irda.c...
compiling py32f403_hal_flash.c...
compiling py32f403_hal_rtc_ex.c...
compiling py32f403_hal_pwr.c...
compiling py32f403_hal_rtc.c...
compiling py32f403_hal_sd.c...
compiling py32f403_hal_rcc_ex.c...
compiling py32f403_hal_rcc.c...
compiling py32f403_hal_i2c.c...
compiling py32f403_hal_smartcard.c...
compiling py32f403_hal_spi.c...
compiling py32f403_hal_spi_ex.c...
compiling py32f403_ll_adc.c...
compiling py32f403_hal_tim.c...
compiling py32f403_hal_tim_ex.c...
compiling py32f403_hal_uart.c...
compiling py32f403_ll_crc.c...
compiling py32f403_ll_dma.c...
compiling py32f403_hal_wwdg.c...
compiling py32f403_ll_ctc.c...
compiling py32f403_ll_i2c.c...
compiling py32f403_hal_usart.c...
compiling py32f403_ll_pwr.c...
compiling py32f403_ll_rtc.c...
compiling py32f403_ll_gpio.c...
compiling py32f403_ll_exti.c...
compiling py32f403_ll_rcc.c...
compiling py32f403_ll_spi.c...
compiling py32f403_ll_usart.c...
compiling py32f403_ll_sdmmc.c...
compiling py32f403_ll_tim.c...
compiling system_py32f403.c...
compiling py32f403_ll_utils.c...
linking...
Program Size: Code=37186 RO-data=2482 RW-data=24 ZI-data=20784  
FromELF: creating hex file...
".\Objects\PY32F403_Project.axf" - 0 Error(s), 0 Warning(s).

<h2>Software Packages used:</h2>

Package Vendor: Puya
                https://www.puyasemi.com/uploadfiles/Puya.PY32F4xx_DFP.1.0.1.pack
                Puya::PY32F4xx_DFP@1.0.1
                Puya PY32F4 Series Device Support

<h2>Collection of Component include folders:</h2>
  D:/APP/Keil_v5/ARM/PACK/Puya/PY32F4xx_DFP/1.0.1/Drivers/CMSIS/Device/PUYA/PY32F4xx/Include

<h2>Collection of Component Files used:</h2>
Build Time Elapsed:  00:00:03
</pre>
</body>
</html>
