Component: Arm Compiler for Embedded 6.24 Tool: armlink [5f371500]

==============================================================================

Section Cross References

    main.o(.text.main) refers to drv_gpio.o(.text.gpio_init) for gpio_init
    main.o(.text.main) refers to drv_gpio.o(.text.gpio_mode) for gpio_mode
    main.o(.text.main) refers to drv_gpio.o(.text.gpio_write) for gpio_write
    main.o(.text.main) refers to py32f403_hal.o(.text.HAL_Delay) for HAL_Delay
    main.o(.text.main) refers to drv_gpio.o(.text.gpio_toggle) for gpio_toggle
    main.o(.ARM.exidx.text.main) refers to main.o(.text.main) for [Anonymous Symbol]
    py32f403_hal_msp.o(.ARM.exidx.text.HAL_MspInit) refers to py32f403_hal_msp.o(.text.HAL_MspInit) for [Anonymous Symbol]
    py32f403_hal_msp.o(.text.HAL_UART_MspInit) refers to py32f403_hal_gpio.o(.text.HAL_GPIO_Init) for HAL_GPIO_Init
    py32f403_hal_msp.o(.ARM.exidx.text.HAL_UART_MspInit) refers to py32f403_hal_msp.o(.text.HAL_UART_MspInit) for [Anonymous Symbol]
    py32f403_it.o(.ARM.exidx.text.NMI_Handler) refers to py32f403_it.o(.text.NMI_Handler) for [Anonymous Symbol]
    py32f403_it.o(.ARM.exidx.text.MemManage_Handler) refers to py32f403_it.o(.text.MemManage_Handler) for [Anonymous Symbol]
    py32f403_it.o(.ARM.exidx.text.BusFault_Handler) refers to py32f403_it.o(.text.BusFault_Handler) for [Anonymous Symbol]
    py32f403_it.o(.ARM.exidx.text.UsageFault_Handler) refers to py32f403_it.o(.text.UsageFault_Handler) for [Anonymous Symbol]
    py32f403_it.o(.ARM.exidx.text.SVC_Handler) refers to py32f403_it.o(.text.SVC_Handler) for [Anonymous Symbol]
    py32f403_it.o(.ARM.exidx.text.DebugMon_Handler) refers to py32f403_it.o(.text.DebugMon_Handler) for [Anonymous Symbol]
    py32f403_it.o(.ARM.exidx.text.TIM2_IRQHandler) refers to py32f403_it.o(.text.TIM2_IRQHandler) for [Anonymous Symbol]
    py32f403_it.o(.ARM.exidx.text.DMA2_Channel1_IRQHandler) refers to py32f403_it.o(.text.DMA2_Channel1_IRQHandler) for [Anonymous Symbol]
    py32f403_it.o(.ARM.exidx.text.HAL_DMA_XferCpltCallback) refers to py32f403_it.o(.text.HAL_DMA_XferCpltCallback) for [Anonymous Symbol]
    drv_gpio.o(.text.gpio_get_pin_name) refers to drv_gpio.o(.text.gpio_get_pin) for gpio_get_pin
    drv_gpio.o(.text.gpio_get_pin_name) refers to drv_gpio.o(.rodata.str1.1) for .L.str
    drv_gpio.o(.ARM.exidx.text.gpio_get_pin_name) refers to drv_gpio.o(.text.gpio_get_pin_name) for [Anonymous Symbol]
    drv_gpio.o(.text.gpio_get_pin) refers to drv_gpio.o(.rodata.gpio_pins) for gpio_pins
    drv_gpio.o(.ARM.exidx.text.gpio_get_pin) refers to drv_gpio.o(.text.gpio_get_pin) for [Anonymous Symbol]
    drv_gpio.o(.ARM.exidx.text.gpio_init) refers to drv_gpio.o(.text.gpio_init) for [Anonymous Symbol]
    drv_gpio.o(.text.gpio_mode) refers to drv_gpio.o(.text.gpio_get_pin) for gpio_get_pin
    drv_gpio.o(.text.gpio_mode) refers to py32f403_hal_gpio.o(.text.HAL_GPIO_Init) for HAL_GPIO_Init
    drv_gpio.o(.ARM.exidx.text.gpio_mode) refers to drv_gpio.o(.text.gpio_mode) for [Anonymous Symbol]
    drv_gpio.o(.text.gpio_write) refers to drv_gpio.o(.text.gpio_get_pin) for gpio_get_pin
    drv_gpio.o(.text.gpio_write) refers to py32f403_hal_gpio.o(.text.HAL_GPIO_WritePin) for HAL_GPIO_WritePin
    drv_gpio.o(.ARM.exidx.text.gpio_write) refers to drv_gpio.o(.text.gpio_write) for [Anonymous Symbol]
    drv_gpio.o(.text.gpio_read) refers to drv_gpio.o(.text.gpio_get_pin) for gpio_get_pin
    drv_gpio.o(.text.gpio_read) refers to py32f403_hal_gpio.o(.text.HAL_GPIO_ReadPin) for HAL_GPIO_ReadPin
    drv_gpio.o(.ARM.exidx.text.gpio_read) refers to drv_gpio.o(.text.gpio_read) for [Anonymous Symbol]
    drv_gpio.o(.text.gpio_toggle) refers to drv_gpio.o(.text.gpio_get_pin) for gpio_get_pin
    drv_gpio.o(.text.gpio_toggle) refers to py32f403_hal_gpio.o(.text.HAL_GPIO_TogglePin) for HAL_GPIO_TogglePin
    drv_gpio.o(.ARM.exidx.text.gpio_toggle) refers to drv_gpio.o(.text.gpio_toggle) for [Anonymous Symbol]
    drv_gpio.o(.text.gpio_attach_irq) refers to drv_gpio.o(.text.gpio_get_pin) for gpio_get_pin
    drv_gpio.o(.text.gpio_attach_irq) refers to drv_gpio.o(.text.gpio_bit_to_index) for gpio_bit_to_index
    drv_gpio.o(.text.gpio_attach_irq) refers to drv_gpio.o(.bss.gpio_irq_handlers) for gpio_irq_handlers
    drv_gpio.o(.ARM.exidx.text.gpio_attach_irq) refers to drv_gpio.o(.text.gpio_attach_irq) for [Anonymous Symbol]
    drv_gpio.o(.ARM.exidx.text.gpio_bit_to_index) refers to drv_gpio.o(.text.gpio_bit_to_index) for [Anonymous Symbol]
    drv_gpio.o(.text.gpio_detach_irq) refers to drv_gpio.o(.text.gpio_get_pin) for gpio_get_pin
    drv_gpio.o(.text.gpio_detach_irq) refers to drv_gpio.o(.text.gpio_bit_to_index) for gpio_bit_to_index
    drv_gpio.o(.text.gpio_detach_irq) refers to drv_gpio.o(.bss.gpio_irq_handlers) for gpio_irq_handlers
    drv_gpio.o(.ARM.exidx.text.gpio_detach_irq) refers to drv_gpio.o(.text.gpio_detach_irq) for [Anonymous Symbol]
[...]
    py32f403_hal_spi_ex.c                    0x00000000   Number         0  py32f403_hal_spi_ex.o ABSOLUTE
    py32f403_hal_tim.c                       0x00000000   Number         0  py32f403_hal_tim.o ABSOLUTE
    py32f403_hal_tim_ex.c                    0x00000000   Number         0  py32f403_hal_tim_ex.o ABSOLUTE
    py32f403_hal_uart.c                      0x00000000   Number         0  py32f403_hal_uart.o ABSOLUTE
    py32f403_hal_usart.c                     0x00000000   Number         0  py32f403_hal_usart.o ABSOLUTE
    py32f403_hal_wwdg.c                      0x00000000   Number         0  py32f403_hal_wwdg.o ABSOLUTE
    py32f403_it.c                            0x00000000   Number         0  py32f403_it.o ABSOLUTE
    py32f403_ll_adc.c                        0x00000000   Number         0  py32f403_ll_adc.o ABSOLUTE
    py32f403_ll_crc.c                        0x00000000   Number         0  py32f403_ll_crc.o ABSOLUTE
    py32f403_ll_ctc.c                        0x00000000   Number         0  py32f403_ll_ctc.o ABSOLUTE
    py32f403_ll_dma.c                        0x00000000   Number         0  py32f403_ll_dma.o ABSOLUTE
    py32f403_ll_exti.c                       0x00000000   Number         0  py32f403_ll_exti.o ABSOLUTE
    py32f403_ll_gpio.c                       0x00000000   Number         0  py32f403_ll_gpio.o ABSOLUTE
    py32f403_ll_i2c.c                        0x00000000   Number         0  py32f403_ll_i2c.o ABSOLUTE
    py32f403_ll_pwr.c                        0x00000000   Number         0  py32f403_ll_pwr.o ABSOLUTE
    py32f403_ll_rcc.c                        0x00000000   Number         0  py32f403_ll_rcc.o ABSOLUTE
    py32f403_ll_rtc.c                        0x00000000   Number         0  py32f403_ll_rtc.o ABSOLUTE
    py32f403_ll_sdmmc.c                      0x00000000   Number         0  py32f403_ll_sdmmc.o ABSOLUTE
    py32f403_ll_spi.c                        0x00000000   Number         0  py32f403_ll_spi.o ABSOLUTE
    py32f403_ll_tim.c                        0x00000000   Number         0  py32f403_ll_tim.o ABSOLUTE
    py32f403_ll_usart.c                      0x00000000   Number         0  py32f403_ll_usart.o ABSOLUTE
    py32f403_ll_utils.c                      0x00000000   Number         0  py32f403_ll_utils.o ABSOLUTE
    scheduler.c                              0x00000000   Number         0  scheduler.o ABSOLUTE
    signal.c                                 0x00000000   Number         0  signal.o ABSOLUTE
    slab.c                                   0x00000000   Number         0  slab.o ABSOLUTE
    system_py32f403.c                        0x00000000   Number         0  system_py32f403.o ABSOLUTE
    thread.c                                 0x00000000   Number         0  thread.o ABSOLUTE
    timer.c                                  0x00000000   Number         0  timer.o ABSOLUTE
    RESET                                    0x08000000   Section      304  startup_py32f403xx.o(RESET)
    .ARM.Collect$$$$00000000                 0x08000130   Section        0  entry.o(.ARM.Collect$$$$00000000)
    .ARM.Collect$$$$00000001                 0x08000130   Section        4  entry2.o(.ARM.Collect$$$$00000001)
    .ARM.Collect$$$$00000004                 0x08000134   Section        4  entry5.o(.ARM.Collect$$$$00000004)
    .ARM.Collect$$$$00000008                 0x08000138   Section        0  entry7b.o(.ARM.Collect$$$$00000008)
    .ARM.Collect$$$$0000000A                 0x08000138   Section        0  entry8b.o(.ARM.Collect$$$$0000000A)
    .ARM.Collect$$$$0000000B                 0x08000138   Section        8  entry9a.o(.ARM.Collect$$$$0000000B)
    __lit__00000000                          0x08000140   Data           4  entry2.o(.ARM.Collect$$$$00002712)
    .ARM.Collect$$$$0000000D                 0x08000140   Section        0  entry10a.o(.ARM.Collect$$$$0000000D)
    .ARM.Collect$$$$0000000F                 0x08000140   Section        0  entry11a.o(.ARM.Collect$$$$0000000F)
    .ARM.Collect$$$$00002712                 0x08000140   Section        4  entry2.o(.ARM.Collect$$$$00002712)
    $v0                                      0x08000144   Number         0  context_rvds.o(.text)
    .text                                    0x08000144   Section      316  context_rvds.o(.text)
    $v0                                      0x08000280   Number         0  startup_py32f403xx.o(.text)
    .text                                    0x08000280   Section       36  startup_py32f403xx.o(.text)
    .text                                    0x080002a4   Section        0  memcpya.o(.text)
    .text                                    0x080002c8   Section        0  memseta.o(.text)
    .text                                    0x080002ec   Section       48  init.o(.text)
    [Anonymous Symbol]                       0x0800031c   Section        0  components.o(.text.$Sub$$main)
    [Anonymous Symbol]                       0x08000328   Section        0  py32f403_it.o(.text.BusFault_Handler)
    [Anonymous Symbol]                       0x0800032c   Section        0  drv_uart.o(.text.DMA1_Channel1_IRQHandler)
    [Anonymous Symbol]                       0x08000340   Section        0  drv_uart.o(.text.DMA1_Channel2_IRQHandler)
    [Anonymous Symbol]                       0x08000354   Section        0  py32f403_it.o(.text.DMA2_Channel1_IRQHandler)
    DMA_SetConfig                            0x08000359   Thumb Code    80  py32f403_hal_dma.o(.text.DMA_SetConfig)
    [Anonymous Symbol]                       0x08000358   Section        0  py32f403_hal_dma.o(.text.DMA_SetConfig)
    [Anonymous Symbol]                       0x080003a8   Section        0  py32f403_it.o(.text.DebugMon_Handler)
    [Anonymous Symbol]                       0x080003ac   Section        0  drv_gpio.o(.text.EXTI0_IRQHandler)
    [Anonymous Symbol]                       0x080003d4   Section        0  drv_gpio.o(.text.EXTI15_10_IRQHandler)
    [Anonymous Symbol]                       0x080004c8   Section        0  drv_gpio.o(.text.EXTI1_IRQHandler)
    [Anonymous Symbol]                       0x080004f4   Section        0  drv_gpio.o(.text.EXTI2_IRQHandler)
    [Anonymous Symbol]                       0x08000520   Section        0  drv_gpio.o(.text.EXTI3_IRQHandler)
    [Anonymous Symbol]                       0x0800054c   Section        0  drv_gpio.o(.text.EXTI4_IRQHandler)
    [Anonymous Symbol]                       0x08000578   Section        0  drv_gpio.o(.text.EXTI9_5_IRQHandler)
    [Anonymous Symbol]                       0x08000640   Section        0  py32f403_hal_dma.o(.text.HAL_DMA_Abort_IT)
    [Anonymous Symbol]                       0x08000958   Section        0  py32f403_hal_dma.o(.text.HAL_DMA_IRQHandler)
    [Anonymous Symbol]                       0x08000fdc   Section        0  py32f403_hal_dma.o(.text.HAL_DMA_Start_IT)
    [Anonymous Symbol]                       0x080010a8   Section        0  py32f403_hal.o(.text.HAL_Delay)
    [Anonymous Symbol]                       0x080010ec   Section        0  py32f403_hal_gpio.o(.text.HAL_GPIO_Init)
    [Anonymous Symbol]                       0x0800143c   Section        0  py32f403_hal_gpio.o(.text.HAL_GPIO_TogglePin)
    [Anonymous Symbol]                       0x0800146c   Section        0  py32f403_hal_gpio.o(.text.HAL_GPIO_WritePin)
    [Anonymous Symbol]                       0x08001498   Section        0  py32f403_hal.o(.text.HAL_GetTick)
    [Anonymous Symbol]                       0x080014a4   Section        0  py32f403_hal.o(.text.HAL_IncTick)
    [Anonymous Symbol]                       0x080014c0   Section        0  py32f403_hal.o(.text.HAL_Init)
    [Anonymous Symbol]                       0x080014d8   Section        0  py32f403_hal.o(.text.HAL_InitTick)
    [Anonymous Symbol]                       0x08001548   Section        0  py32f403_hal_msp.o(.text.HAL_MspInit)
    [Anonymous Symbol]                       0x080015c8   Section        0  py32f403_hal_cortex.o(.text.HAL_NVIC_SetPriority)
    [Anonymous Symbol]                       0x080015fc   Section        0  py32f403_hal_cortex.o(.text.HAL_NVIC_SetPriorityGrouping)
    [Anonymous Symbol]                       0x0800160c   Section        0  py32f403_hal_rcc.o(.text.HAL_RCC_ClockConfig)
    [Anonymous Symbol]                       0x08001870   Section        0  py32f403_hal_rcc.o(.text.HAL_RCC_GetSysClockFreq)
    [Anonymous Symbol]                       0x0800195c   Section        0  py32f403_hal_rcc.o(.text.HAL_RCC_OscConfig)
    [Anonymous Symbol]                       0x08002124   Section        0  py32f403_hal_cortex.o(.text.HAL_SYSTICK_Config)
    [Anonymous Symbol]                       0x08002134   Section        0  drv_uart.o(.text.HAL_UART_ErrorCallback)
    [Anonymous Symbol]                       0x080021c4   Section        0  py32f403_hal_uart.o(.text.HAL_UART_IRQHandler)
    [Anonymous Symbol]                       0x080023fc   Section        0  py32f403_hal_uart.o(.text.HAL_UART_IdleFrameDetectCpltCallback)
    [Anonymous Symbol]                       0x08002404   Section        0  drv_uart.o(.text.HAL_UART_RxCpltCallback)
    [Anonymous Symbol]                       0x08002484   Section        0  py32f403_hal_uart.o(.text.HAL_UART_Transmit_DMA)
    [Anonymous Symbol]                       0x0800257c   Section        0  drv_uart.o(.text.HAL_UART_TxCpltCallback)
    [Anonymous Symbol]                       0x08002624   Section        0  py32f403_hal_uart.o(.text.HAL_UART_TxHalfCpltCallback)
    [Anonymous Symbol]                       0x0800262c   Section        0  py32f403_it.o(.text.MemManage_Handler)
    [Anonymous Symbol]                       0x08002630   Section        0  py32f403_it.o(.text.NMI_Handler)
    NVIC_EncodePriority                      0x08002635   Thumb Code   108  py32f403_hal_cortex.o(.text.NVIC_EncodePriority)
    [Anonymous Symbol]                       0x08002634   Section        0  py32f403_hal_cortex.o(.text.NVIC_EncodePriority)
    RCC_Delay                                0x080026a1   Thumb Code    58  py32f403_hal_rcc.o(.text.RCC_Delay)
    [Anonymous Symbol]                       0x080026a0   Section        0  py32f403_hal_rcc.o(.text.RCC_Delay)
    [Anonymous Symbol]                       0x080026dc   Section        0  py32f403_it.o(.text.SVC_Handler)
    SysTick_Config                           0x080026e1   Thumb Code    84  board.o(.text.SysTick_Config)
    [Anonymous Symbol]                       0x080026e0   Section        0  board.o(.text.SysTick_Config)
    SysTick_Config                           0x08002735   Thumb Code    84  py32f403_hal_cortex.o(.text.SysTick_Config)
    [Anonymous Symbol]                       0x08002734   Section        0  py32f403_hal_cortex.o(.text.SysTick_Config)
    [Anonymous Symbol]                       0x08002788   Section        0  board.o(.text.SysTick_Handler)
    SystemClockConfig                        0x0800279d   Thumb Code   116  board.o(.text.SystemClockConfig)
    [Anonymous Symbol]                       0x0800279c   Section        0  board.o(.text.SystemClockConfig)
    [Anonymous Symbol]                       0x08002810   Section        0  system_py32f403.o(.text.SystemInit)
    [Anonymous Symbol]                       0x08002820   Section        0  py32f403_it.o(.text.TIM2_IRQHandler)
    UART_DMAAbortOnError                     0x08002825   Thumb Code    32  py32f403_hal_uart.o(.text.UART_DMAAbortOnError)
    [Anonymous Symbol]                       0x08002824   Section        0  py32f403_hal_uart.o(.text.UART_DMAAbortOnError)
    UART_DMAError                            0x08002845   Thumb Code   124  py32f403_hal_uart.o(.text.UART_DMAError)
    [Anonymous Symbol]                       0x08002844   Section        0  py32f403_hal_uart.o(.text.UART_DMAError)
    UART_DMATransmitCplt                     0x080028c1   Thumb Code    70  py32f403_hal_uart.o(.text.UART_DMATransmitCplt)
    [Anonymous Symbol]                       0x080028c0   Section        0  py32f403_hal_uart.o(.text.UART_DMATransmitCplt)
    UART_DMATxHalfCplt                       0x08002909   Thumb Code    22  py32f403_hal_uart.o(.text.UART_DMATxHalfCplt)
    [Anonymous Symbol]                       0x08002908   Section        0  py32f403_hal_uart.o(.text.UART_DMATxHalfCplt)
    UART_EndRxTransfer                       0x08002921   Thumb Code    40  py32f403_hal_uart.o(.text.UART_EndRxTransfer)
    [Anonymous Symbol]                       0x08002920   Section        0  py32f403_hal_uart.o(.text.UART_EndRxTransfer)
    UART_EndTransmit_IT                      0x08002949   Thumb Code    38  py32f403_hal_uart.o(.text.UART_EndTransmit_IT)
    [Anonymous Symbol]                       0x08002948   Section        0  py32f403_hal_uart.o(.text.UART_EndTransmit_IT)
    UART_EndTxTransfer                       0x08002971   Thumb Code    28  py32f403_hal_uart.o(.text.UART_EndTxTransfer)
    [Anonymous Symbol]                       0x08002970   Section        0  py32f403_hal_uart.o(.text.UART_EndTxTransfer)
    UART_Receive_IT                          0x0800298d   Thumb Code   182  py32f403_hal_uart.o(.text.UART_Receive_IT)
    [Anonymous Symbol]                       0x0800298c   Section        0  py32f403_hal_uart.o(.text.UART_Receive_IT)
    UART_Transmit_IT                         0x08002a45   Thumb Code   156  py32f403_hal_uart.o(.text.UART_Transmit_IT)
    [Anonymous Symbol]                       0x08002a44   Section        0  py32f403_hal_uart.o(.text.UART_Transmit_IT)
    [Anonymous Symbol]                       0x08002ae0   Section        0  drv_uart.o(.text.USART2_IRQHandler)
    [Anonymous Symbol]                       0x08002af4   Section        0  py32f403_it.o(.text.UsageFault_Handler)
    __NVIC_GetPriorityGrouping               0x08002af9   Thumb Code    16  py32f403_hal_cortex.o(.text.__NVIC_GetPriorityGrouping)
    [Anonymous Symbol]                       0x08002af8   Section        0  py32f403_hal_cortex.o(.text.__NVIC_GetPriorityGrouping)
    __NVIC_SetPriority                       0x08002b09   Thumb Code    66  board.o(.text.__NVIC_SetPriority)
    [Anonymous Symbol]                       0x08002b08   Section        0  board.o(.text.__NVIC_SetPriority)
    __NVIC_SetPriority                       0x08002b4d   Thumb Code    66  py32f403_hal_cortex.o(.text.__NVIC_SetPriority)
    [Anonymous Symbol]                       0x08002b4c   Section        0  py32f403_hal_cortex.o(.text.__NVIC_SetPriority)
    __NVIC_SetPriorityGrouping               0x08002b91   Thumb Code    60  py32f403_hal_cortex.o(.text.__NVIC_SetPriorityGrouping)
    [Anonymous Symbol]                       0x08002b90   Section        0  py32f403_hal_cortex.o(.text.__NVIC_SetPriorityGrouping)
    [Anonymous Symbol]                       0x08002bcc   Section        0  kservice.o(.text.__rt_ffs)
    _heap_lock                               0x08002c4d   Thumb Code    10  kservice.o(.text._heap_lock)
    [Anonymous Symbol]                       0x08002c4c   Section        0  kservice.o(.text._heap_lock)
    _heap_lock_init                          0x08002c59   Thumb Code     2  kservice.o(.text._heap_lock_init)
    [Anonymous Symbol]                       0x08002c58   Section        0  kservice.o(.text._heap_lock_init)
    _heap_unlock                             0x08002c5d   Thumb Code    14  kservice.o(.text._heap_unlock)
    [Anonymous Symbol]                       0x08002c5c   Section        0  kservice.o(.text._heap_unlock)
    _scheduler_get_highest_priority_thread   0x08002c6d   Thumb Code    54  scheduler.o(.text._scheduler_get_highest_priority_thread)
    [Anonymous Symbol]                       0x08002c6c   Section        0  scheduler.o(.text._scheduler_get_highest_priority_thread)
    _thread_exit                             0x08002ca5   Thumb Code    58  thread.o(.text._thread_exit)
    [Anonymous Symbol]                       0x08002ca4   Section        0  thread.o(.text._thread_exit)
    _thread_init                             0x08002ce1   Thumb Code   186  thread.o(.text._thread_init)
    [Anonymous Symbol]                       0x08002ce0   Section        0  thread.o(.text._thread_init)
    _thread_timeout                          0x08002d9d   Thumb Code    52  thread.o(.text._thread_timeout)
    [Anonymous Symbol]                       0x08002d9c   Section        0  thread.o(.text._thread_timeout)
    _timer_init                              0x08002dd1   Thumb Code   104  timer.o(.text._timer_init)
    [Anonymous Symbol]                       0x08002dd0   Section        0  timer.o(.text._timer_init)
    _timer_remove                            0x08002e39   Thumb Code    48  timer.o(.text._timer_remove)
    [Anonymous Symbol]                       0x08002e38   Section        0  timer.o(.text._timer_remove)
    divide                                   0x08002e69   Thumb Code    82  kservice.o(.text.divide)
    [Anonymous Symbol]                       0x08002e68   Section        0  kservice.o(.text.divide)
    get_uart_device                          0x08002ebd   Thumb Code    52  drv_uart.o(.text.get_uart_device)
    [Anonymous Symbol]                       0x08002ebc   Section        0  drv_uart.o(.text.get_uart_device)
    gpio_get_pin                             0x08002ef1   Thumb Code    62  drv_gpio.o(.text.gpio_get_pin)
    [Anonymous Symbol]                       0x08002ef0   Section        0  drv_gpio.o(.text.gpio_get_pin)
    [Anonymous Symbol]                       0x08002f30   Section        0  drv_gpio.o(.text.gpio_init)
    gpio_irq_handler                         0x08002fd1   Thumb Code    68  drv_gpio.o(.text.gpio_irq_handler)
    [Anonymous Symbol]                       0x08002fd0   Section        0  drv_gpio.o(.text.gpio_irq_handler)
    [Anonymous Symbol]                       0x08003014   Section        0  drv_gpio.o(.text.gpio_mode)
    [Anonymous Symbol]                       0x080030b4   Section        0  drv_gpio.o(.text.gpio_toggle)
    [Anonymous Symbol]                       0x080030ec   Section        0  drv_gpio.o(.text.gpio_write)
    is_uart_initialized                      0x08003129   Thumb Code    52  drv_uart.o(.text.is_uart_initialized)
    [Anonymous Symbol]                       0x08003128   Section        0  drv_uart.o(.text.is_uart_initialized)
    [Anonymous Symbol]                       0x0800315c   Section        0  main.o(.text.main)
    [Anonymous Symbol]                       0x080031a4   Section        0  components.o(.text.main_thread_entry)
    plug_holes                               0x080031b9   Thumb Code   190  mem.o(.text.plug_holes)
    [Anonymous Symbol]                       0x080031b8   Section        0  mem.o(.text.plug_holes)
    print_number                             0x08003279   Thumb Code   612  kservice.o(.text.print_number)
    [Anonymous Symbol]                       0x08003278   Section        0  kservice.o(.text.print_number)
    [Anonymous Symbol]                       0x080034dc   Section        0  drv_tool.o(.text.ring_buffer_available)
    [Anonymous Symbol]                       0x080034fc   Section        0  drv_tool.o(.text.ring_buffer_free_space)
    [Anonymous Symbol]                       0x08003520   Section        0  drv_tool.o(.text.ring_buffer_peek_multiple)
    [Anonymous Symbol]                       0x08003604   Section        0  drv_tool.o(.text.ring_buffer_put_multiple)
    [Anonymous Symbol]                       0x080036c0   Section        0  drv_tool.o(.text.ring_buffer_skip)
    [Anonymous Symbol]                       0x08003734   Section        0  components.o(.text.rt_application_init)
    [Anonymous Symbol]                       0x08003768   Section        0  components.o(.text.rt_components_board_init)
    [Anonymous Symbol]                       0x0800379c   Section        0  components.o(.text.rt_components_init)
    rt_defunct_execute                       0x080037d1   Thumb Code    92  idle.o(.text.rt_defunct_execute)
    [Anonymous Symbol]                       0x080037d0   Section        0  idle.o(.text.rt_defunct_execute)
    [Anonymous Symbol]                       0x0800382c   Section        0  scheduler.o(.text.rt_enter_critical)
    [Anonymous Symbol]                       0x08003850   Section        0  scheduler.o(.text.rt_exit_critical)
    [Anonymous Symbol]                       0x080038a8   Section        0  kservice.o(.text.rt_free)
    [Anonymous Symbol]                       0x080038d0   Section        0  board.o(.text.rt_heap_begin_get)
    [Anonymous Symbol]                       0x080038dc   Section        0  board.o(.text.rt_heap_end_get)
    [Anonymous Symbol]                       0x080038ec   Section        0  board.o(.text.rt_hw_board_init)
    [Anonymous Symbol]                       0x08003930   Section        0  cpuport.o(.text.rt_hw_hard_fault_exception)
    [Anonymous Symbol]                       0x08003990   Section        0  cpuport.o(.text.rt_hw_stack_init)
    [Anonymous Symbol]                       0x08003a10   Section        0  irq.o(.text.rt_interrupt_enter)
    [Anonymous Symbol]                       0x08003a34   Section        0  irq.o(.text.rt_interrupt_leave)
    rt_list_init                             0x08003a59   Thumb Code    16  scheduler.o(.text.rt_list_init)
    [Anonymous Symbol]                       0x08003a58   Section        0  scheduler.o(.text.rt_list_init)
    rt_list_init                             0x08003a69   Thumb Code    16  thread.o(.text.rt_list_init)
    [Anonymous Symbol]                       0x08003a68   Section        0  thread.o(.text.rt_list_init)
    rt_list_init                             0x08003a79   Thumb Code    16  timer.o(.text.rt_list_init)
    [Anonymous Symbol]                       0x08003a78   Section        0  timer.o(.text.rt_list_init)
    rt_list_insert_after                     0x08003a89   Thumb Code    38  idle.o(.text.rt_list_insert_after)
    [Anonymous Symbol]                       0x08003a88   Section        0  idle.o(.text.rt_list_insert_after)
    rt_list_insert_after                     0x08003ab1   Thumb Code    38  object.o(.text.rt_list_insert_after)
    [Anonymous Symbol]                       0x08003ab0   Section        0  object.o(.text.rt_list_insert_after)
    rt_list_insert_after                     0x08003ad9   Thumb Code    38  scheduler.o(.text.rt_list_insert_after)
    [Anonymous Symbol]                       0x08003ad8   Section        0  scheduler.o(.text.rt_list_insert_after)
    rt_list_insert_after                     0x08003b01   Thumb Code    38  timer.o(.text.rt_list_insert_after)
    [Anonymous Symbol]                       0x08003b00   Section        0  timer.o(.text.rt_list_insert_after)
    rt_list_insert_before                    0x08003b29   Thumb Code    38  scheduler.o(.text.rt_list_insert_before)
    [Anonymous Symbol]                       0x08003b28   Section        0  scheduler.o(.text.rt_list_insert_before)
    rt_list_isempty                          0x08003b51   Thumb Code    20  scheduler.o(.text.rt_list_isempty)
    [Anonymous Symbol]                       0x08003b50   Section        0  scheduler.o(.text.rt_list_isempty)
    rt_list_isempty                          0x08003b65   Thumb Code    20  timer.o(.text.rt_list_isempty)
    [Anonymous Symbol]                       0x08003b64   Section        0  timer.o(.text.rt_list_isempty)
    rt_list_remove                           0x08003b79   Thumb Code    32  idle.o(.text.rt_list_remove)
    [Anonymous Symbol]                       0x08003b78   Section        0  idle.o(.text.rt_list_remove)
    rt_list_remove                           0x08003b99   Thumb Code    32  object.o(.text.rt_list_remove)
    [Anonymous Symbol]                       0x08003b98   Section        0  object.o(.text.rt_list_remove)
    rt_list_remove                           0x08003bb9   Thumb Code    32  scheduler.o(.text.rt_list_remove)
    [Anonymous Symbol]                       0x08003bb8   Section        0  scheduler.o(.text.rt_list_remove)
    rt_list_remove                           0x08003bd9   Thumb Code    32  thread.o(.text.rt_list_remove)
    [Anonymous Symbol]                       0x08003bd8   Section        0  thread.o(.text.rt_list_remove)
    rt_list_remove                           0x08003bf9   Thumb Code    32  timer.o(.text.rt_list_remove)
    [Anonymous Symbol]                       0x08003bf8   Section        0  timer.o(.text.rt_list_remove)
    [Anonymous Symbol]                       0x08003c18   Section        0  kservice.o(.text.rt_malloc)
    [Anonymous Symbol]                       0x08003c44   Section        0  kservice.o(.text.rt_memset)
    [Anonymous Symbol]                       0x08003cf8   Section        0  object.o(.text.rt_object_allocate)
    [Anonymous Symbol]                       0x08003d6c   Section        0  object.o(.text.rt_object_delete)
    [Anonymous Symbol]                       0x08003d98   Section        0  object.o(.text.rt_object_detach)
    [Anonymous Symbol]                       0x08003dbc   Section        0  object.o(.text.rt_object_get_information)
    [Anonymous Symbol]                       0x08003e10   Section        0  object.o(.text.rt_object_init)
    [Anonymous Symbol]                       0x08003e90   Section        0  object.o(.text.rt_object_is_systemobject)
    [Anonymous Symbol]                       0x08003eb4   Section        0  scheduler.o(.text.rt_schedule)
    [Anonymous Symbol]                       0x08004040   Section        0  scheduler.o(.text.rt_schedule_insert_thread)
    [Anonymous Symbol]                       0x080040e0   Section        0  scheduler.o(.text.rt_schedule_remove_thread)
    [Anonymous Symbol]                       0x0800412c   Section        0  kservice.o(.text.rt_show_version)
    [Anonymous Symbol]                       0x08004130   Section        0  mem.o(.text.rt_smem_alloc)
    [Anonymous Symbol]                       0x080042f8   Section        0  mem.o(.text.rt_smem_free)
    [Anonymous Symbol]                       0x08004358   Section        0  mem.o(.text.rt_smem_init)
    [Anonymous Symbol]                       0x08004444   Section        0  kservice.o(.text.rt_sprintf)
    [Anonymous Symbol]                       0x08004470   Section        0  kservice.o(.text.rt_strncpy)
    [Anonymous Symbol]                       0x080044cc   Section        0  kservice.o(.text.rt_system_heap_init)
    [Anonymous Symbol]                       0x0800450c   Section        0  scheduler.o(.text.rt_system_scheduler_init)
    [Anonymous Symbol]                       0x08004554   Section        0  scheduler.o(.text.rt_system_scheduler_start)
    [Anonymous Symbol]                       0x08004588   Section        0  timer.o(.text.rt_system_timer_init)
    [Anonymous Symbol]                       0x080045b8   Section        0  timer.o(.text.rt_system_timer_thread_init)
    [Anonymous Symbol]                       0x080045bc   Section        0  thread.o(.text.rt_thread_create)
    [Anonymous Symbol]                       0x0800463c   Section        0  idle.o(.text.rt_thread_defunct_dequeue)
    [Anonymous Symbol]                       0x0800467c   Section        0  idle.o(.text.rt_thread_defunct_enqueue)
    rt_thread_idle_entry                     0x08004699   Thumb Code    14  idle.o(.text.rt_thread_idle_entry)
    [Anonymous Symbol]                       0x08004698   Section        0  idle.o(.text.rt_thread_idle_entry)
    [Anonymous Symbol]                       0x080046a8   Section        0  idle.o(.text.rt_thread_idle_init)
    [Anonymous Symbol]                       0x08004734   Section        0  thread.o(.text.rt_thread_init)
    [Anonymous Symbol]                       0x0800478c   Section        0  thread.o(.text.rt_thread_resume)
    [Anonymous Symbol]                       0x080047d8   Section        0  thread.o(.text.rt_thread_self)
    [Anonymous Symbol]                       0x080047e4   Section        0  thread.o(.text.rt_thread_startup)
    [Anonymous Symbol]                       0x08004818   Section        0  clock.o(.text.rt_tick_get)
    [Anonymous Symbol]                       0x08004824   Section        0  clock.o(.text.rt_tick_increase)
    [Anonymous Symbol]                       0x08004884   Section        0  timer.o(.text.rt_timer_check)
    [Anonymous Symbol]                       0x0800495c   Section        0  timer.o(.text.rt_timer_detach)
    [Anonymous Symbol]                       0x0800498c   Section        0  timer.o(.text.rt_timer_init)
    [Anonymous Symbol]                       0x080049cc   Section        0  timer.o(.text.rt_timer_start)
    [Anonymous Symbol]                       0x08004b2c   Section        0  timer.o(.text.rt_timer_stop)
    [Anonymous Symbol]                       0x08004b6c   Section        0  kservice.o(.text.rt_vsnprintf)
    [Anonymous Symbol]                       0x08005134   Section        0  kservice.o(.text.rt_vsprintf)
    rti_board_end                            0x08005151   Thumb Code     4  components.o(.text.rti_board_end)
    [Anonymous Symbol]                       0x08005150   Section        0  components.o(.text.rti_board_end)
    rti_board_start                          0x08005155   Thumb Code     4  components.o(.text.rti_board_start)
    [Anonymous Symbol]                       0x08005154   Section        0  components.o(.text.rti_board_start)
    rti_end                                  0x08005159   Thumb Code     4  components.o(.text.rti_end)
    [Anonymous Symbol]                       0x08005158   Section        0  components.o(.text.rti_end)
    rti_start                                0x0800515d   Thumb Code     4  components.o(.text.rti_start)
    [Anonymous Symbol]                       0x0800515c   Section        0  components.o(.text.rti_start)
    [Anonymous Symbol]                       0x08005160   Section        0  components.o(.text.rtthread_startup)
    skip_atoi                                0x0800518d   Thumb Code    56  kservice.o(.text.skip_atoi)
    [Anonymous Symbol]                       0x0800518c   Section        0  kservice.o(.text.skip_atoi)
    uart_dma_process_full_data               0x080051c5   Thumb Code   108  drv_uart.o(.text.uart_dma_process_full_data)
    [Anonymous Symbol]                       0x080051c4   Section        0  drv_uart.o(.text.uart_dma_process_full_data)
    uart_start_tx_from_ring_buffer           0x08005231   Thumb Code   210  drv_uart.o(.text.uart_start_tx_from_ring_buffer)
    [Anonymous Symbol]                       0x08005230   Section        0  drv_uart.o(.text.uart_start_tx_from_ring_buffer)
    i.__scatterload_copy                     0x08005302   Section       14  handlers.o(i.__scatterload_copy)
    i.__scatterload_null                     0x08005310   Section        2  handlers.o(i.__scatterload_null)
    i.__scatterload_zeroinit                 0x08005312   Section       14  handlers.o(i.__scatterload_zeroinit)
    .L__const.HAL_RCC_GetSysClockFreq.aPLLMULFactorTable 0x08005320   Data          64  py32f403_hal_rcc.o(.rodata..L__const.HAL_RCC_GetSysClockFreq.aPLLMULFactorTable)
    gpio_pins                                0x08005470   Data        1280  drv_gpio.o(.rodata.gpio_pins)
    [Anonymous Symbol]                       0x08005470   Section        0  drv_gpio.o(.rodata.gpio_pins)
    print_number.large_digits                0x08005970   Data          17  kservice.o(.rodata.print_number.large_digits)
    [Anonymous Symbol]                       0x08005970   Section        0  kservice.o(.rodata.print_number.large_digits)
    print_number.small_digits                0x08005981   Data          17  kservice.o(.rodata.print_number.small_digits)
    [Anonymous Symbol]                       0x08005981   Section        0  kservice.o(.rodata.print_number.small_digits)
    .L.str                                   0x08005992   Data           8  drv_gpio.o(.rodata.str1.1)
    [Anonymous Symbol]                       0x08005992   Section        0  drv_gpio.o(.rodata.str1.1)
    .L.str                                   0x08005af8   Data           5  components.o(.rodata.str1.1)
    [Anonymous Symbol]                       0x08005af8   Section        0  components.o(.rodata.str1.1)
    .L.str                                   0x08005afd   Data           8  idle.o(.rodata.str1.1)
    [Anonymous Symbol]                       0x08005afd   Section        0  idle.o(.rodata.str1.1)
    .L.str                                   0x08005b05   Data           7  kservice.o(.rodata.str1.1)
    [Anonymous Symbol]                       0x08005b05   Section        0  kservice.o(.rodata.str1.1)
    .L.str.1                                 0x08005b5c   Data           5  kservice.o(.rodata.str1.1)
    .L.str                                   0x08005b61   Data           6  mem.o(.rodata.str1.1)
    [Anonymous Symbol]                       0x08005b61   Section        0  mem.o(.rodata.str1.1)
    __tagsym$$used.0                         0x08005b68   Number         0  components.o(.rti_fn.0)
    __tagsym$$used.1                         0x08005b6c   Number         0  components.o(.rti_fn.0.end)
    __tagsym$$used.2                         0x08005b70   Number         0  components.o(.rti_fn.1.end)
    __tagsym$$used.3                         0x08005b74   Number         0  components.o(.rti_fn.6.end)
    _object_container                        0x20000004   Data          80  object.o(.data._object_container)
    [Anonymous Symbol]                       0x20000004   Section        0  object.o(.data._object_container)
    _rt_thread_defunct                       0x20000054   Data           8  idle.o(.data._rt_thread_defunct)
    [Anonymous Symbol]                       0x20000054   Section        0  idle.o(.data._rt_thread_defunct)
    _timer_list                              0x20000068   Data           8  timer.o(.bss._timer_list)
    [Anonymous Symbol]                       0x20000068   Section        0  timer.o(.bss._timer_list)
    gpio_irq_handlers                        0x20000070   Data         256  drv_gpio.o(.bss.gpio_irq_handlers)
    [Anonymous Symbol]                       0x20000070   Section        0  drv_gpio.o(.bss.gpio_irq_handlers)
    idle                                     0x20000170   Data         120  idle.o(.bss.idle)
    [Anonymous Symbol]                       0x20000170   Section        0  idle.o(.bss.idle)
    rt_exception_hook                        0x200001f0   Data           4  cpuport.o(.bss.rt_exception_hook)
    [Anonymous Symbol]                       0x200001f0   Section        0  cpuport.o(.bss.rt_exception_hook)
    rt_heap                                  0x200001f4   Data       15360  board.o(.bss.rt_heap)
    [Anonymous Symbol]                       0x200001f4   Section        0  board.o(.bss.rt_heap)
    rt_scheduler_lock_nest                   0x20003e00   Data           2  scheduler.o(.bss.rt_scheduler_lock_nest)
    [Anonymous Symbol]                       0x20003e00   Section        0  scheduler.o(.bss.rt_scheduler_lock_nest)
    rt_thread_stack                          0x20003f08   Data         256  idle.o(.bss.rt_thread_stack)
    [Anonymous Symbol]                       0x20003f08   Section        0  idle.o(.bss.rt_thread_stack)
    rt_tick                                  0x2000400c   Data           4  clock.o(.bss.rt_tick)
    [Anonymous Symbol]                       0x2000400c   Section        0  clock.o(.bss.rt_tick)
    rt_timer_start.random_nr                 0x20004010   Data           4  timer.o(.bss.rt_timer_start.random_nr)
    [Anonymous Symbol]                       0x20004010   Section        0  timer.o(.bss.rt_timer_start.random_nr)
    system_heap                              0x20004014   Data           4  kservice.o(.bss.system_heap)
    [Anonymous Symbol]                       0x20004014   Section        0  kservice.o(.bss.system_heap)
    uart_devices                             0x20004018   Data        6640  drv_uart.o(.bss.uart_devices)
    [Anonymous Symbol]                       0x20004018   Section        0  drv_uart.o(.bss.uart_devices)
    STACK                                    0x20005a10   Section     1024  startup_py32f403xx.o(STACK)

    Global Symbols

    Symbol Name                              Value     Ov Type        Size  Object(Section)

    BuildAttributes$$THM_ISAv4$E$P$D$K$B$S$7EM$VFPi3$EXTD16$VFPS$VFMA$PE$A:L22UL41UL21$X:L11$S22US41US21$IEEE1$IW$~IW$USESV6$~STKCKD$USESV7$~SHL$OSPACE$EBA8$MICROLIB$REQ8$PRES8$EABIv2 0x00000000   Number         0  anon$$obj.o ABSOLUTE
    __cpp_initialize__aeabi_                  - Undefined Weak Reference
    __cxa_finalize                            - Undefined Weak Reference
    __decompress                              - Undefined Weak Reference
    _clock_init                               - Undefined Weak Reference
    _microlib_exit                            - Undefined Weak Reference
    __Vectors_Size                           0x00000130   Number         0  startup_py32f403xx.o ABSOLUTE
    __Vectors                                0x08000000   Data           4  startup_py32f403xx.o(RESET)
    __Vectors_End                            0x08000130   Data           0  startup_py32f403xx.o(RESET)
    __main                                   0x08000131   Thumb Code     0  entry.o(.ARM.Collect$$$$00000000)
    _main_stk                                0x08000131   Thumb Code     0  entry2.o(.ARM.Collect$$$$00000001)
    _main_scatterload                        0x08000135   Thumb Code     0  entry5.o(.ARM.Collect$$$$00000004)
    __main_after_scatterload                 0x08000139   Thumb Code     0  entry5.o(.ARM.Collect$$$$00000004)
    _main_clock                              0x08000139   Thumb Code     0  entry7b.o(.ARM.Collect$$$$00000008)
    _main_cpp_init                           0x08000139   Thumb Code     0  entry8b.o(.ARM.Collect$$$$0000000A)
    _main_init                               0x08000139   Thumb Code     0  entry9a.o(.ARM.Collect$$$$0000000B)
    __rt_final_cpp                           0x08000141   Thumb Code     0  entry10a.o(.ARM.Collect$$$$0000000D)
    __rt_final_exit                          0x08000141   Thumb Code     0  entry11a.o(.ARM.Collect$$$$0000000F)
    rt_hw_interrupt_disable                  0x08000145   Thumb Code     8  context_rvds.o(.text)
    rt_hw_interrupt_enable                   0x0800014d   Thumb Code     6  context_rvds.o(.text)
    rt_hw_context_switch                     0x08000153   Thumb Code    32  context_rvds.o(.text)
    rt_hw_context_switch_interrupt           0x08000153   Thumb Code     0  context_rvds.o(.text)
    PendSV_Handler                           0x08000173   Thumb Code   108  context_rvds.o(.text)
    rt_hw_context_switch_to                  0x080001df   Thumb Code    76  context_rvds.o(.text)
    rt_hw_interrupt_thread_switch            0x0800022b   Thumb Code     2  context_rvds.o(.text)
    HardFault_Handler                        0x0800022d   Thumb Code    56  context_rvds.o(.text)
    Reset_Handler                            0x08000281   Thumb Code     8  startup_py32f403xx.o(.text)
    ADC1_2_IRQHandler                        0x0800029b   Thumb Code     0  startup_py32f403xx.o(.text)
    ADC3_IRQHandler                          0x0800029b   Thumb Code     0  startup_py32f403xx.o(.text)
    CAN1_RX1_IRQHandler                      0x0800029b   Thumb Code     0  startup_py32f403xx.o(.text)
    CAN1_SCE_IRQHandler                      0x0800029b   Thumb Code     0  startup_py32f403xx.o(.text)
    DMA1_Channel3_IRQHandler                 0x0800029b   Thumb Code     0  startup_py32f403xx.o(.text)
    DMA1_Channel4_IRQHandler                 0x0800029b   Thumb Code     0  startup_py32f403xx.o(.text)
    DMA1_Channel5_IRQHandler                 0x0800029b   Thumb Code     0  startup_py32f403xx.o(.text)
    DMA1_Channel6_IRQHandler                 0x0800029b   Thumb Code     0  startup_py32f403xx.o(.text)
    DMA1_Channel7_IRQHandler                 0x0800029b   Thumb Code     0  startup_py32f403xx.o(.text)
    DMA2_Channel2_IRQHandler                 0x0800029b   Thumb Code     0  startup_py32f403xx.o(.text)
    DMA2_Channel3_IRQHandler                 0x0800029b   Thumb Code     0  startup_py32f403xx.o(.text)
    DMA2_Channel4_5_IRQHandler               0x0800029b   Thumb Code     0  startup_py32f403xx.o(.text)
    ESMC_IRQHandler                          0x0800029b   Thumb Code     0  startup_py32f403xx.o(.text)
    FLASH_IRQHandler                         0x0800029b   Thumb Code     0  startup_py32f403xx.o(.text)
    I2C1_ER_IRQHandler                       0x0800029b   Thumb Code     0  startup_py32f403xx.o(.text)
    I2C1_EV_IRQHandler                       0x0800029b   Thumb Code     0  startup_py32f403xx.o(.text)
    I2C2_ER_IRQHandler                       0x0800029b   Thumb Code     0  startup_py32f403xx.o(.text)
    I2C2_EV_IRQHandler                       0x0800029b   Thumb Code     0  startup_py32f403xx.o(.text)
    PVD_IRQHandler                           0x0800029b   Thumb Code     0  startup_py32f403xx.o(.text)
    RCC_CTC_IRQHandler                       0x0800029b   Thumb Code     0  startup_py32f403xx.o(.text)
    RTC_Alarm_IRQHandler                     0x0800029b   Thumb Code     0  startup_py32f403xx.o(.text)
    RTC_IRQHandler                           0x0800029b   Thumb Code     0  startup_py32f403xx.o(.text)
    SDIO_IRQHandler                          0x0800029b   Thumb Code     0  startup_py32f403xx.o(.text)
    SPI1_IRQHandler                          0x0800029b   Thumb Code     0  startup_py32f403xx.o(.text)
    SPI2_IRQHandler                          0x0800029b   Thumb Code     0  startup_py32f403xx.o(.text)
    SPI3_IRQHandler                          0x0800029b   Thumb Code     0  startup_py32f403xx.o(.text)
    TAMPER_IRQHandler                        0x0800029b   Thumb Code     0  startup_py32f403xx.o(.text)
    TIM1_BRK_TIM9_IRQHandler                 0x0800029b   Thumb Code     0  startup_py32f403xx.o(.text)
    TIM1_CC_IRQHandler                       0x0800029b   Thumb Code     0  startup_py32f403xx.o(.text)
    TIM1_TRG_COM_TIM11_IRQHandler            0x0800029b   Thumb Code     0  startup_py32f403xx.o(.text)
    TIM1_UP_TIM10_IRQHandler                 0x0800029b   Thumb Code     0  startup_py32f403xx.o(.text)
    TIM3_IRQHandler                          0x0800029b   Thumb Code     0  startup_py32f403xx.o(.text)
    TIM4_IRQHandler                          0x0800029b   Thumb Code     0  startup_py32f403xx.o(.text)
    TIM5_IRQHandler                          0x0800029b   Thumb Code     0  startup_py32f403xx.o(.text)
    TIM6_IRQHandler                          0x0800029b   Thumb Code     0  startup_py32f403xx.o(.text)
    TIM7_IRQHandler                          0x0800029b   Thumb Code     0  startup_py32f403xx.o(.text)
    TIM8_BRK_TIM12_IRQHandler                0x0800029b   Thumb Code     0  startup_py32f403xx.o(.text)
    TIM8_CC_IRQHandler                       0x0800029b   Thumb Code     0  startup_py32f403xx.o(.text)
    TIM8_TRG_COM_TIM14_IRQHandler            0x0800029b   Thumb Code     0  startup_py32f403xx.o(.text)
    TIM8_UP_TIM13_IRQHandler                 0x0800029b   Thumb Code     0  startup_py32f403xx.o(.text)
    UART4_IRQHandler                         0x0800029b   Thumb Code     0  startup_py32f403xx.o(.text)
    UART5_IRQHandler                         0x0800029b   Thumb Code     0  startup_py32f403xx.o(.text)
    USART1_IRQHandler                        0x0800029b   Thumb Code     0  startup_py32f403xx.o(.text)
    USART3_IRQHandler                        0x0800029b   Thumb Code     0  startup_py32f403xx.o(.text)
    USBWakeUp_IRQHandler                     0x0800029b   Thumb Code     0  startup_py32f403xx.o(.text)
    USB_HP_CAN1_TX_IRQHandler                0x0800029b   Thumb Code     0  startup_py32f403xx.o(.text)
    USB_LP_CAN1_RX0_IRQHandler               0x0800029b   Thumb Code     0  startup_py32f403xx.o(.text)
    WWDG_IRQHandler                          0x0800029b   Thumb Code     0  startup_py32f403xx.o(.text)
    __aeabi_memcpy                           0x080002a5   Thumb Code    36  memcpya.o(.text)
    __aeabi_memcpy4                          0x080002a5   Thumb Code     0  memcpya.o(.text)
    __aeabi_memcpy8                          0x080002a5   Thumb Code     0  memcpya.o(.text)
    __aeabi_memset                           0x080002c9   Thumb Code    14  memseta.o(.text)
    __aeabi_memset4                          0x080002c9   Thumb Code     0  memseta.o(.text)
    __aeabi_memset8                          0x080002c9   Thumb Code     0  memseta.o(.text)
    __aeabi_memclr                           0x080002d7   Thumb Code     4  memseta.o(.text)
    __aeabi_memclr4                          0x080002d7   Thumb Code     0  memseta.o(.text)
    __aeabi_memclr8                          0x080002d7   Thumb Code     0  memseta.o(.text)
    _memset$wrapper                          0x080002db   Thumb Code    18  memseta.o(.text)
    __scatterload                            0x080002ed   Thumb Code    38  init.o(.text)
    __scatterload_rt2                        0x080002ed   Thumb Code     0  init.o(.text)
    main                                     0x0800031d   Thumb Code    10  components.o(.text.$Sub$$main)
    BusFault_Handler                         0x08000329   Thumb Code     4  py32f403_it.o(.text.BusFault_Handler)
    DMA1_Channel1_IRQHandler                 0x0800032d   Thumb Code    20  drv_uart.o(.text.DMA1_Channel1_IRQHandler)
    DMA1_Channel2_IRQHandler                 0x08000341   Thumb Code    20  drv_uart.o(.text.DMA1_Channel2_IRQHandler)
    DMA2_Channel1_IRQHandler                 0x08000355   Thumb Code     2  py32f403_it.o(.text.DMA2_Channel1_IRQHandler)
    DebugMon_Handler                         0x080003a9   Thumb Code     2  py32f403_it.o(.text.DebugMon_Handler)
    EXTI0_IRQHandler                         0x080003ad   Thumb Code    40  drv_gpio.o(.text.EXTI0_IRQHandler)
    EXTI15_10_IRQHandler                     0x080003d5   Thumb Code   244  drv_gpio.o(.text.EXTI15_10_IRQHandler)
    EXTI1_IRQHandler                         0x080004c9   Thumb Code    42  drv_gpio.o(.text.EXTI1_IRQHandler)
    EXTI2_IRQHandler                         0x080004f5   Thumb Code    42  drv_gpio.o(.text.EXTI2_IRQHandler)
    EXTI3_IRQHandler                         0x08000521   Thumb Code    42  drv_gpio.o(.text.EXTI3_IRQHandler)
    EXTI4_IRQHandler                         0x0800054d   Thumb Code    42  drv_gpio.o(.text.EXTI4_IRQHandler)
    EXTI9_5_IRQHandler                       0x08000579   Thumb Code   198  drv_gpio.o(.text.EXTI9_5_IRQHandler)
    HAL_DMA_Abort_IT                         0x08000641   Thumb Code   792  py32f403_hal_dma.o(.text.HAL_DMA_Abort_IT)
    HAL_DMA_IRQHandler                       0x08000959   Thumb Code  1668  py32f403_hal_dma.o(.text.HAL_DMA_IRQHandler)
    HAL_DMA_Start_IT                         0x08000fdd   Thumb Code   202  py32f403_hal_dma.o(.text.HAL_DMA_Start_IT)
    HAL_Delay                                0x080010a9   Thumb Code    66  py32f403_hal.o(.text.HAL_Delay)
    HAL_GPIO_Init                            0x080010ed   Thumb Code   846  py32f403_hal_gpio.o(.text.HAL_GPIO_Init)
    HAL_GPIO_TogglePin                       0x0800143d   Thumb Code    46  py32f403_hal_gpio.o(.text.HAL_GPIO_TogglePin)
    HAL_GPIO_WritePin                        0x0800146d   Thumb Code    44  py32f403_hal_gpio.o(.text.HAL_GPIO_WritePin)
    HAL_GetTick                              0x08001499   Thumb Code    12  py32f403_hal.o(.text.HAL_GetTick)
    HAL_IncTick                              0x080014a5   Thumb Code    26  py32f403_hal.o(.text.HAL_IncTick)
    HAL_Init                                 0x080014c1   Thumb Code    22  py32f403_hal.o(.text.HAL_Init)
    HAL_InitTick                             0x080014d9   Thumb Code   112  py32f403_hal.o(.text.HAL_InitTick)
    HAL_MspInit                              0x08001549   Thumb Code   126  py32f403_hal_msp.o(.text.HAL_MspInit)
    HAL_NVIC_SetPriority                     0x080015c9   Thumb Code    50  py32f403_hal_cortex.o(.text.HAL_NVIC_SetPriority)
    HAL_NVIC_SetPriorityGrouping             0x080015fd   Thumb Code    16  py32f403_hal_cortex.o(.text.HAL_NVIC_SetPriorityGrouping)
    HAL_RCC_ClockConfig                      0x0800160d   Thumb Code   610  py32f403_hal_rcc.o(.text.HAL_RCC_ClockConfig)
    HAL_RCC_GetSysClockFreq                  0x08001871   Thumb Code   236  py32f403_hal_rcc.o(.text.HAL_RCC_GetSysClockFreq)
    HAL_RCC_OscConfig                        0x0800195d   Thumb Code  1990  py32f403_hal_rcc.o(.text.HAL_RCC_OscConfig)
    HAL_SYSTICK_Config                       0x08002125   Thumb Code    16  py32f403_hal_cortex.o(.text.HAL_SYSTICK_Config)
    HAL_UART_ErrorCallback                   0x08002135   Thumb Code   142  drv_uart.o(.text.HAL_UART_ErrorCallback)
    HAL_UART_IRQHandler                      0x080021c5   Thumb Code   566  py32f403_hal_uart.o(.text.HAL_UART_IRQHandler)
    HAL_UART_IdleFrameDetectCpltCallback     0x080023fd   Thumb Code     8  py32f403_hal_uart.o(.text.HAL_UART_IdleFrameDetectCpltCallback)
    HAL_UART_RxCpltCallback                  0x08002405   Thumb Code   126  drv_uart.o(.text.HAL_UART_RxCpltCallback)
    HAL_UART_Transmit_DMA                    0x08002485   Thumb Code   246  py32f403_hal_uart.o(.text.HAL_UART_Transmit_DMA)
    HAL_UART_TxCpltCallback                  0x0800257d   Thumb Code   166  drv_uart.o(.text.HAL_UART_TxCpltCallback)
    HAL_UART_TxHalfCpltCallback              0x08002625   Thumb Code     8  py32f403_hal_uart.o(.text.HAL_UART_TxHalfCpltCallback)
    MemManage_Handler                        0x0800262d   Thumb Code     4  py32f403_it.o(.text.MemManage_Handler)
    NMI_Handler                              0x08002631   Thumb Code     2  py32f403_it.o(.text.NMI_Handler)
    SVC_Handler                              0x080026dd   Thumb Code     2  py32f403_it.o(.text.SVC_Handler)
    SysTick_Handler                          0x08002789   Thumb Code    20  board.o(.text.SysTick_Handler)
    SystemInit                               0x08002811   Thumb Code    16  system_py32f403.o(.text.SystemInit)
    TIM2_IRQHandler                          0x08002821   Thumb Code     2  py32f403_it.o(.text.TIM2_IRQHandler)
    USART2_IRQHandler                        0x08002ae1   Thumb Code    20  drv_uart.o(.text.USART2_IRQHandler)
    UsageFault_Handler                       0x08002af5   Thumb Code     4  py32f403_it.o(.text.UsageFault_Handler)
    __rt_ffs                                 0x08002bcd   Thumb Code   126  kservice.o(.text.__rt_ffs)
    gpio_init                                0x08002f31   Thumb Code   158  drv_gpio.o(.text.gpio_init)
    gpio_mode                                0x08003015   Thumb Code   160  drv_gpio.o(.text.gpio_mode)
    gpio_toggle                              0x080030b5   Thumb Code    54  drv_gpio.o(.text.gpio_toggle)
    gpio_write                               0x080030ed   Thumb Code    58  drv_gpio.o(.text.gpio_write)
    $Super$$main                             0x0800315d   Thumb Code    70  main.o(.text.main)
    main_thread_entry                        0x080031a5   Thumb Code    18  components.o(.text.main_thread_entry)
    ring_buffer_available                    0x080034dd   Thumb Code    32  drv_tool.o(.text.ring_buffer_available)
    ring_buffer_free_space                   0x080034fd   Thumb Code    36  drv_tool.o(.text.ring_buffer_free_space)
    ring_buffer_peek_multiple                0x08003521   Thumb Code   228  drv_tool.o(.text.ring_buffer_peek_multiple)
    ring_buffer_put_multiple                 0x08003605   Thumb Code   188  drv_tool.o(.text.ring_buffer_put_multiple)
    ring_buffer_skip                         0x080036c1   Thumb Code   114  drv_tool.o(.text.ring_buffer_skip)
    rt_application_init                      0x08003735   Thumb Code    52  components.o(.text.rt_application_init)
    rt_components_board_init                 0x08003769   Thumb Code    52  components.o(.text.rt_components_board_init)
    rt_components_init                       0x0800379d   Thumb Code    52  components.o(.text.rt_components_init)
    rt_enter_critical                        0x0800382d   Thumb Code    34  scheduler.o(.text.rt_enter_critical)
    rt_exit_critical                         0x08003851   Thumb Code    86  scheduler.o(.text.rt_exit_critical)
    rt_free                                  0x080038a9   Thumb Code    38  kservice.o(.text.rt_free)
    rt_heap_begin_get                        0x080038d1   Thumb Code    10  board.o(.text.rt_heap_begin_get)
    rt_heap_end_get                          0x080038dd   Thumb Code    14  board.o(.text.rt_heap_end_get)
    rt_hw_board_init                         0x080038ed   Thumb Code    66  board.o(.text.rt_hw_board_init)
    rt_hw_hard_fault_exception               0x08003931   Thumb Code    94  cpuport.o(.text.rt_hw_hard_fault_exception)
    rt_hw_stack_init                         0x08003991   Thumb Code   128  cpuport.o(.text.rt_hw_stack_init)
    rt_interrupt_enter                       0x08003a11   Thumb Code    34  irq.o(.text.rt_interrupt_enter)
    rt_interrupt_leave                       0x08003a35   Thumb Code    34  irq.o(.text.rt_interrupt_leave)
    rt_malloc                                0x08003c19   Thumb Code    42  kservice.o(.text.rt_malloc)
    rt_memset                                0x08003c45   Thumb Code   178  kservice.o(.text.rt_memset)
    rt_object_allocate                       0x08003cf9   Thumb Code   116  object.o(.text.rt_object_allocate)
    rt_object_delete                         0x08003d6d   Thumb Code    42  object.o(.text.rt_object_delete)
    rt_object_detach                         0x08003d99   Thumb Code    36  object.o(.text.rt_object_detach)
    rt_object_get_information                0x08003dbd   Thumb Code    84  object.o(.text.rt_object_get_information)
    rt_object_init                           0x08003e11   Thumb Code   128  object.o(.text.rt_object_init)
    rt_object_is_systemobject                0x08003e91   Thumb Code    34  object.o(.text.rt_object_is_systemobject)
    rt_schedule                              0x08003eb5   Thumb Code   394  scheduler.o(.text.rt_schedule)
    rt_schedule_insert_thread                0x08004041   Thumb Code   160  scheduler.o(.text.rt_schedule_insert_thread)
    rt_schedule_remove_thread                0x080040e1   Thumb Code    76  scheduler.o(.text.rt_schedule_remove_thread)
    rt_show_version                          0x0800412d   Thumb Code     2  kservice.o(.text.rt_show_version)
    rt_smem_alloc                            0x08004131   Thumb Code   454  mem.o(.text.rt_smem_alloc)
    rt_smem_free                             0x080042f9   Thumb Code    96  mem.o(.text.rt_smem_free)
    rt_smem_init                             0x08004359   Thumb Code   236  mem.o(.text.rt_smem_init)
    rt_sprintf                               0x08004445   Thumb Code    42  kservice.o(.text.rt_sprintf)
    rt_strncpy                               0x08004471   Thumb Code    92  kservice.o(.text.rt_strncpy)
    rt_system_heap_init                      0x080044cd   Thumb Code    64  kservice.o(.text.rt_system_heap_init)
    rt_system_scheduler_init                 0x0800450d   Thumb Code    72  scheduler.o(.text.rt_system_scheduler_init)
    rt_system_scheduler_start                0x08004555   Thumb Code    50  scheduler.o(.text.rt_system_scheduler_start)
    rt_system_timer_init                     0x08004589   Thumb Code    48  timer.o(.text.rt_system_timer_init)
    rt_system_timer_thread_init              0x080045b9   Thumb Code     2  timer.o(.text.rt_system_timer_thread_init)
    rt_thread_create                         0x080045bd   Thumb Code   126  thread.o(.text.rt_thread_create)
    rt_thread_defunct_dequeue                0x0800463d   Thumb Code    64  idle.o(.text.rt_thread_defunct_dequeue)
    rt_thread_defunct_enqueue                0x0800467d   Thumb Code    28  idle.o(.text.rt_thread_defunct_enqueue)
    rt_thread_idle_init                      0x080046a9   Thumb Code   140  idle.o(.text.rt_thread_idle_init)
    rt_thread_init                           0x08004735   Thumb Code    88  thread.o(.text.rt_thread_init)
    rt_thread_resume                         0x0800478d   Thumb Code    76  thread.o(.text.rt_thread_resume)
    rt_thread_self                           0x080047d9   Thumb Code    12  thread.o(.text.rt_thread_self)
    rt_thread_startup                        0x080047e5   Thumb Code    52  thread.o(.text.rt_thread_startup)
    rt_tick_get                              0x08004819   Thumb Code    12  clock.o(.text.rt_tick_get)
    rt_tick_increase                         0x08004825   Thumb Code    94  clock.o(.text.rt_tick_increase)
    rt_timer_check                           0x08004885   Thumb Code   214  timer.o(.text.rt_timer_check)
    rt_timer_detach                          0x0800495d   Thumb Code    46  timer.o(.text.rt_timer_detach)
    rt_timer_init                            0x0800498d   Thumb Code    62  timer.o(.text.rt_timer_init)
    rt_timer_start                           0x080049cd   Thumb Code   350  timer.o(.text.rt_timer_start)
    rt_timer_stop                            0x08004b2d   Thumb Code    64  timer.o(.text.rt_timer_stop)
    rt_vsnprintf                             0x08004b6d   Thumb Code  1480  kservice.o(.text.rt_vsnprintf)
    rt_vsprintf                              0x08005135   Thumb Code    28  kservice.o(.text.rt_vsprintf)
    rtthread_startup                         0x08005161   Thumb Code    42  components.o(.text.rtthread_startup)
    __scatterload_copy                       0x08005303   Thumb Code    14  handlers.o(i.__scatterload_copy)
    __scatterload_null                       0x08005311   Thumb Code     2  handlers.o(i.__scatterload_null)
    __scatterload_zeroinit                   0x08005313   Thumb Code    14  handlers.o(i.__scatterload_zeroinit)
    AHBPrescTable                            0x08005360   Data          16  system_py32f403.o(.rodata.AHBPrescTable)
    __lowest_bit_bitmap                      0x08005370   Data         256  kservice.o(.rodata.__lowest_bit_bitmap)
    __rt_init_rti_start                      0x08005b68   Data           4  components.o(.rti_fn.0)
    __rt_init_rti_board_start                0x08005b6c   Data           4  components.o(.rti_fn.0.end)
    __rt_init_rti_board_end                  0x08005b70   Data           4  components.o(.rti_fn.1.end)
    __rt_init_rti_end                        0x08005b74   Data           4  components.o(.rti_fn.6.end)
    Region$$Table$$Base                      0x08005b78   Number         0  anon$$obj.o(Region$$Table)
    Region$$Table$$Limit                     0x08005b98   Number         0  anon$$obj.o(Region$$Table)
    SystemCoreClock                          0x20000000   Data           4  system_py32f403.o(.data.SystemCoreClock)
    uwTickFreq                               0x2000005c   Data           1  py32f403_hal.o(.data.uwTickFreq)
    uwTickPrio                               0x20000060   Data           4  py32f403_hal.o(.data.uwTickPrio)
    rt_current_priority                      0x200001e8   Data           1  scheduler.o(.bss.rt_current_priority)
    rt_current_thread                        0x200001ec   Data           4  scheduler.o(.bss.rt_current_thread)
    rt_interrupt_from_thread                 0x20003df4   Data           4  cpuport.o(.bss.rt_interrupt_from_thread)
    rt_interrupt_nest                        0x20003df8   Data           1  irq.o(.bss.rt_interrupt_nest)
    rt_interrupt_to_thread                   0x20003dfc   Data           4  cpuport.o(.bss.rt_interrupt_to_thread)
    rt_thread_priority_table                 0x20003e04   Data         256  scheduler.o(.bss.rt_thread_priority_table)
    rt_thread_ready_priority_group           0x20003f04   Data           4  scheduler.o(.bss.rt_thread_ready_priority_group)
    rt_thread_switch_interrupt_flag          0x20004008   Data           4  cpuport.o(.bss.rt_thread_switch_interrupt_flag)
    uwTick                                   0x20005a08   Data           4  py32f403_hal.o(.bss.uwTick)
    __initial_sp                             0x20005e10   Data           0  startup_py32f403xx.o(STACK)



==============================================================================

Memory Map of the image

  Image Entry point : 0x08000131

  Load Region LR_IROM1 (Base: 0x08000000, Size: 0x00005c00, Max: 0x00060000, ABSOLUTE)

    Execution Region ER_IROM1 (Exec base: 0x08000000, Load base: 0x08000000, Size: 0x00005b98, Max: 0x00060000, ABSOLUTE)

    Exec Addr    Load Addr    Size         Type   Attr      Idx    E Section Name        Object

    0x08000000   0x08000000   0x00000130   Data   RO         1851    RESET               startup_py32f403xx.o
    0x08000130   0x08000130   0x00000000   Code   RO         1872  * .ARM.Collect$$$$00000000  mc_w.l(entry.o)
    0x08000130   0x08000130   0x00000004   Code   RO         1881    .ARM.Collect$$$$00000001  mc_w.l(entry2.o)
    0x08000134   0x08000134   0x00000004   Code   RO         1884    .ARM.Collect$$$$00000004  mc_w.l(entry5.o)
    0x08000138   0x08000138   0x00000000   Code   RO         1886    .ARM.Collect$$$$00000008  mc_w.l(entry7b.o)
    0x08000138   0x08000138   0x00000000   Code   RO         1888    .ARM.Collect$$$$0000000A  mc_w.l(entry8b.o)
    0x08000138   0x08000138   0x00000008   Code   RO         1889    .ARM.Collect$$$$0000000B  mc_w.l(entry9a.o)
    0x08000140   0x08000140   0x00000000   Code   RO         1891    .ARM.Collect$$$$0000000D  mc_w.l(entry10a.o)
    0x08000140   0x08000140   0x00000000   Code   RO         1893    .ARM.Collect$$$$0000000F  mc_w.l(entry11a.o)
    0x08000140   0x08000140   0x00000004   Code   RO         1882    .ARM.Collect$$$$00002712  mc_w.l(entry2.o)
    0x08000144   0x08000144   0x0000013c   Code   RO          709    .text               context_rvds.o
    0x08000280   0x08000280   0x00000024   Code   RO         1852    .text               startup_py32f403xx.o
    0x080002a4   0x080002a4   0x00000024   Code   RO         1875    .text               mc_w.l(memcpya.o)
    0x080002c8   0x080002c8   0x00000024   Code   RO         1877    .text               mc_w.l(memseta.o)
    0x080002ec   0x080002ec   0x00000030   Code   RO         1895    .text               mc_w.l(init.o)
    0x0800031c   0x0800031c   0x0000000a   Code   RO          291    .text.$Sub$$main    components.o
    0x08000326   0x08000326   0x00000002   PAD
    0x08000328   0x08000328   0x00000004   Code   RO           26    .text.BusFault_Handler  py32f403_it.o
    0x0800032c   0x0800032c   0x00000014   Code   RO          159    .text.DMA1_Channel1_IRQHandler  drv_uart.o
    0x08000340   0x08000340   0x00000014   Code   RO          161    .text.DMA1_Channel2_IRQHandler  drv_uart.o
    0x08000354   0x08000354   0x00000002   Code   RO           36    .text.DMA2_Channel1_IRQHandler  py32f403_it.o
    0x08000356   0x08000356   0x00000002   PAD
    0x08000358   0x08000358   0x00000050   Code   RO          876    .text.DMA_SetConfig  py32f403_hal_dma.o
    0x080003a8   0x080003a8   0x00000002   Code   RO           32    .text.DebugMon_Handler  py32f403_it.o
    0x080003aa   0x080003aa   0x00000002   PAD
    0x080003ac   0x080003ac   0x00000028   Code   RO           69    .text.EXTI0_IRQHandler  drv_gpio.o
    0x080003d4   0x080003d4   0x000000f4   Code   RO           83    .text.EXTI15_10_IRQHandler  drv_gpio.o
    0x080004c8   0x080004c8   0x0000002a   Code   RO           73    .text.EXTI1_IRQHandler  drv_gpio.o
    0x080004f2   0x080004f2   0x00000002   PAD
    0x080004f4   0x080004f4   0x0000002a   Code   RO           75    .text.EXTI2_IRQHandler  drv_gpio.o
    0x0800051e   0x0800051e   0x00000002   PAD
    0x08000520   0x08000520   0x0000002a   Code   RO           77    .text.EXTI3_IRQHandler  drv_gpio.o
    0x0800054a   0x0800054a   0x00000002   PAD
    0x0800054c   0x0800054c   0x0000002a   Code   RO           79    .text.EXTI4_IRQHandler  drv_gpio.o
    0x08000576   0x08000576   0x00000002   PAD
    0x08000578   0x08000578   0x000000c6   Code   RO           81    .text.EXTI9_5_IRQHandler  drv_gpio.o
    0x0800063e   0x0800063e   0x00000002   PAD
    0x08000640   0x08000640   0x00000318   Code   RO          882    .text.HAL_DMA_Abort_IT  py32f403_hal_dma.o
    0x08000958   0x08000958   0x00000684   Code   RO          886    .text.HAL_DMA_IRQHandler  py32f403_hal_dma.o
    0x08000fdc   0x08000fdc   0x000000ca   Code   RO          878    .text.HAL_DMA_Start_IT  py32f403_hal_dma.o
    0x080010a6   0x080010a6   0x00000002   PAD
    0x080010a8   0x080010a8   0x00000042   Code   RO          736    .text.HAL_Delay     py32f403_hal.o
    0x080010ea   0x080010ea   0x00000002   PAD
    0x080010ec   0x080010ec   0x0000034e   Code   RO          993    .text.HAL_GPIO_Init  py32f403_hal_gpio.o
    0x0800143a   0x0800143a   0x00000002   PAD
    0x0800143c   0x0800143c   0x0000002e   Code   RO         1001    .text.HAL_GPIO_TogglePin  py32f403_hal_gpio.o
    0x0800146a   0x0800146a   0x00000002   PAD
    0x0800146c   0x0800146c   0x0000002c   Code   RO          999    .text.HAL_GPIO_WritePin  py32f403_hal_gpio.o
    0x08001498   0x08001498   0x0000000c   Code   RO          728    .text.HAL_GetTick   py32f403_hal.o
    0x080014a4   0x080014a4   0x0000001a   Code   RO          726    .text.HAL_IncTick   py32f403_hal.o
    0x080014be   0x080014be   0x00000002   PAD
    0x080014c0   0x080014c0   0x00000016   Code   RO          716    .text.HAL_Init      py32f403_hal.o
    0x080014d6   0x080014d6   0x00000002   PAD
    0x080014d8   0x080014d8   0x00000070   Code   RO          718    .text.HAL_InitTick  py32f403_hal.o
    0x08001548   0x08001548   0x0000007e   Code   RO           11    .text.HAL_MspInit   py32f403_hal_msp.o
    0x080015c6   0x080015c6   0x00000002   PAD
    0x080015c8   0x080015c8   0x00000032   Code   RO          807    .text.HAL_NVIC_SetPriority  py32f403_hal_cortex.o
    0x080015fa   0x080015fa   0x00000002   PAD
    0x080015fc   0x080015fc   0x00000010   Code   RO          803    .text.HAL_NVIC_SetPriorityGrouping  py32f403_hal_cortex.o
    0x0800160c   0x0800160c   0x00000262   Code   RO         1274    .text.HAL_RCC_ClockConfig  py32f403_hal_rcc.o
    0x0800186e   0x0800186e   0x00000002   PAD
    0x08001870   0x08001870   0x000000ec   Code   RO         1276    .text.HAL_RCC_GetSysClockFreq  py32f403_hal_rcc.o
    0x0800195c   0x0800195c   0x000007c6   Code   RO         1270    .text.HAL_RCC_OscConfig  py32f403_hal_rcc.o
    0x08002122   0x08002122   0x00000002   PAD
    0x08002124   0x08002124   0x00000010   Code   RO          827    .text.HAL_SYSTICK_Config  py32f403_hal_cortex.o
    0x08002134   0x08002134   0x0000008e   Code   RO          173    .text.HAL_UART_ErrorCallback  drv_uart.o
    0x080021c2   0x080021c2   0x00000002   PAD
    0x080021c4   0x080021c4   0x00000236   Code   RO         1730    .text.HAL_UART_IRQHandler  py32f403_hal_uart.o
    0x080023fa   0x080023fa   0x00000002   PAD
    0x080023fc   0x080023fc   0x00000008   Code   RO         1738    .text.HAL_UART_IdleFrameDetectCpltCallback  py32f403_hal_uart.o
    0x08002404   0x08002404   0x0000007e   Code   RO          165    .text.HAL_UART_RxCpltCallback  drv_uart.o
    0x08002482   0x08002482   0x00000002   PAD
    0x08002484   0x08002484   0x000000f6   Code   RO         1680    .text.HAL_UART_Transmit_DMA  py32f403_hal_uart.o
    0x0800257a   0x0800257a   0x00000002   PAD
    0x0800257c   0x0800257c   0x000000a6   Code   RO          163    .text.HAL_UART_TxCpltCallback  drv_uart.o
    0x08002622   0x08002622   0x00000002   PAD
    0x08002624   0x08002624   0x00000008   Code   RO         1746    .text.HAL_UART_TxHalfCpltCallback  py32f403_hal_uart.o
    0x0800262c   0x0800262c   0x00000004   Code   RO           24    .text.MemManage_Handler  py32f403_it.o
    0x08002630   0x08002630   0x00000002   Code   RO           22    .text.NMI_Handler   py32f403_it.o
    0x08002632   0x08002632   0x00000002   PAD
    0x08002634   0x08002634   0x0000006c   Code   RO          813    .text.NVIC_EncodePriority  py32f403_hal_cortex.o
    0x080026a0   0x080026a0   0x0000003a   Code   RO         1272    .text.RCC_Delay     py32f403_hal_rcc.o
    0x080026da   0x080026da   0x00000002   PAD
    0x080026dc   0x080026dc   0x00000002   Code   RO           30    .text.SVC_Handler   py32f403_it.o
    0x080026de   0x080026de   0x00000002   PAD
    0x080026e0   0x080026e0   0x00000054   Code   RO          247    .text.SysTick_Config  board.o
    0x08002734   0x08002734   0x00000054   Code   RO          829    .text.SysTick_Config  py32f403_hal_cortex.o
    0x08002788   0x08002788   0x00000014   Code   RO          249    .text.SysTick_Handler  board.o
    0x0800279c   0x0800279c   0x00000074   Code   RO          245    .text.SystemClockConfig  board.o
    0x08002810   0x08002810   0x00000010   Code   RO         1857    .text.SystemInit    system_py32f403.o
    0x08002820   0x08002820   0x00000002   Code   RO           34    .text.TIM2_IRQHandler  py32f403_it.o
    0x08002822   0x08002822   0x00000002   PAD
    0x08002824   0x08002824   0x00000020   Code   RO         1734    .text.UART_DMAAbortOnError  py32f403_hal_uart.o
    0x08002844   0x08002844   0x0000007c   Code   RO         1686    .text.UART_DMAError  py32f403_hal_uart.o
    0x080028c0   0x080028c0   0x00000046   Code   RO         1682    .text.UART_DMATransmitCplt  py32f403_hal_uart.o
    0x08002906   0x08002906   0x00000002   PAD
    0x08002908   0x08002908   0x00000016   Code   RO         1684    .text.UART_DMATxHalfCplt  py32f403_hal_uart.o
    0x0800291e   0x0800291e   0x00000002   PAD
    0x08002920   0x08002920   0x00000028   Code   RO         1702    .text.UART_EndRxTransfer  py32f403_hal_uart.o
    0x08002948   0x08002948   0x00000026   Code   RO         1742    .text.UART_EndTransmit_IT  py32f403_hal_uart.o
    0x0800296e   0x0800296e   0x00000002   PAD
    0x08002970   0x08002970   0x0000001c   Code   RO         1700    .text.UART_EndTxTransfer  py32f403_hal_uart.o
    0x0800298c   0x0800298c   0x000000b6   Code   RO         1732    .text.UART_Receive_IT  py32f403_hal_uart.o
    0x08002a42   0x08002a42   0x00000002   PAD
    0x08002a44   0x08002a44   0x0000009c   Code   RO         1740    .text.UART_Transmit_IT  py32f403_hal_uart.o
    0x08002ae0   0x08002ae0   0x00000014   Code   RO          157    .text.USART2_IRQHandler  drv_uart.o
    0x08002af4   0x08002af4   0x00000004   Code   RO           28    .text.UsageFault_Handler  py32f403_it.o
    0x08002af8   0x08002af8   0x00000010   Code   RO          809    .text.__NVIC_GetPriorityGrouping  py32f403_hal_cortex.o
    0x08002b08   0x08002b08   0x00000042   Code   RO          251    .text.__NVIC_SetPriority  board.o
    0x08002b4a   0x08002b4a   0x00000002   PAD
    0x08002b4c   0x08002b4c   0x00000042   Code   RO          811    .text.__NVIC_SetPriority  py32f403_hal_cortex.o
    0x08002b8e   0x08002b8e   0x00000002   PAD
    0x08002b90   0x08002b90   0x0000003c   Code   RO          805    .text.__NVIC_SetPriorityGrouping  py32f403_hal_cortex.o
    0x08002bcc   0x08002bcc   0x0000007e   Code   RO          483    .text.__rt_ffs      kservice.o
    0x08002c4a   0x08002c4a   0x00000002   PAD
    0x08002c4c   0x08002c4c   0x0000000a   Code   RO          465    .text._heap_lock    kservice.o
    0x08002c56   0x08002c56   0x00000002   PAD
    0x08002c58   0x08002c58   0x00000002   Code   RO          463    .text._heap_lock_init  kservice.o
    0x08002c5a   0x08002c5a   0x00000002   PAD
    0x08002c5c   0x08002c5c   0x0000000e   Code   RO          467    .text._heap_unlock  kservice.o
    0x08002c6a   0x08002c6a   0x00000002   PAD
    0x08002c6c   0x08002c6c   0x00000036   Code   RO          561    .text._scheduler_get_highest_priority_thread  scheduler.o
    0x08002ca2   0x08002ca2   0x00000002   PAD
    0x08002ca4   0x08002ca4   0x0000003a   Code   RO          633    .text._thread_exit  thread.o
    0x08002cde   0x08002cde   0x00000002   PAD
    0x08002ce0   0x08002ce0   0x000000ba   Code   RO          599    .text._thread_init  thread.o
    0x08002d9a   0x08002d9a   0x00000002   PAD
    0x08002d9c   0x08002d9c   0x00000034   Code   RO          635    .text._thread_timeout  thread.o
    0x08002dd0   0x08002dd0   0x00000068   Code   RO          646    .text._timer_init   timer.o
    0x08002e38   0x08002e38   0x00000030   Code   RO          650    .text._timer_remove  timer.o
    0x08002e68   0x08002e68   0x00000052   Code   RO          485    .text.divide        kservice.o
    0x08002eba   0x08002eba   0x00000002   PAD
    0x08002ebc   0x08002ebc   0x00000034   Code   RO          179    .text.get_uart_device  drv_uart.o
    0x08002ef0   0x08002ef0   0x0000003e   Code   RO           49    .text.gpio_get_pin  drv_gpio.o
    0x08002f2e   0x08002f2e   0x00000002   PAD
    0x08002f30   0x08002f30   0x0000009e   Code   RO           51    .text.gpio_init     drv_gpio.o
    0x08002fce   0x08002fce   0x00000002   PAD
    0x08002fd0   0x08002fd0   0x00000044   Code   RO           71    .text.gpio_irq_handler  drv_gpio.o
    0x08003014   0x08003014   0x000000a0   Code   RO           53    .text.gpio_mode     drv_gpio.o
    0x080030b4   0x080030b4   0x00000036   Code   RO           59    .text.gpio_toggle   drv_gpio.o
    0x080030ea   0x080030ea   0x00000002   PAD
    0x080030ec   0x080030ec   0x0000003a   Code   RO           55    .text.gpio_write    drv_gpio.o
    0x08003126   0x08003126   0x00000002   PAD
    0x08003128   0x08003128   0x00000034   Code   RO          107    .text.is_uart_initialized  drv_uart.o
    0x0800315c   0x0800315c   0x00000046   Code   RO            2    .text.main          main.o
    0x080031a2   0x080031a2   0x00000002   PAD
    0x080031a4   0x080031a4   0x00000012   Code   RO          295    .text.main_thread_entry  components.o
    0x080031b6   0x080031b6   0x00000002   PAD
    0x080031b8   0x080031b8   0x000000be   Code   RO          511    .text.plug_holes    mem.o
    0x08003276   0x08003276   0x00000002   PAD
    0x08003278   0x08003278   0x00000264   Code   RO          453    .text.print_number  kservice.o
    0x080034dc   0x080034dc   0x00000020   Code   RO          213    .text.ring_buffer_available  drv_tool.o
    0x080034fc   0x080034fc   0x00000024   Code   RO          209    .text.ring_buffer_free_space  drv_tool.o
    0x08003520   0x08003520   0x000000e4   Code   RO          215    .text.ring_buffer_peek_multiple  drv_tool.o
    0x08003604   0x08003604   0x000000bc   Code   RO          207    .text.ring_buffer_put_multiple  drv_tool.o
    0x080036c0   0x080036c0   0x00000072   Code   RO          217    .text.ring_buffer_skip  drv_tool.o
    0x08003732   0x08003732   0x00000002   PAD
    0x08003734   0x08003734   0x00000034   Code   RO          297    .text.rt_application_init  components.o
    0x08003768   0x08003768   0x00000034   Code   RO          287    .text.rt_components_board_init  components.o
    0x0800379c   0x0800379c   0x00000034   Code   RO          289    .text.rt_components_init  components.o
    0x080037d0   0x080037d0   0x0000005c   Code   RO          327    .text.rt_defunct_execute  idle.o
    0x0800382c   0x0800382c   0x00000022   Code   RO          577    .text.rt_enter_critical  scheduler.o
    0x0800384e   0x0800384e   0x00000002   PAD
    0x08003850   0x08003850   0x00000056   Code   RO          579    .text.rt_exit_critical  scheduler.o
    0x080038a6   0x080038a6   0x00000002   PAD
    0x080038a8   0x080038a8   0x00000026   Code   RO          473    .text.rt_free       kservice.o
    0x080038ce   0x080038ce   0x00000002   PAD
    0x080038d0   0x080038d0   0x0000000a   Code   RO          237    .text.rt_heap_begin_get  board.o
    0x080038da   0x080038da   0x00000002   PAD
    0x080038dc   0x080038dc   0x0000000e   Code   RO          239    .text.rt_heap_end_get  board.o
    0x080038ea   0x080038ea   0x00000002   PAD
    0x080038ec   0x080038ec   0x00000042   Code   RO          243    .text.rt_hw_board_init  board.o
    0x0800392e   0x0800392e   0x00000002   PAD
    0x08003930   0x08003930   0x0000005e   Code   RO          693    .text.rt_hw_hard_fault_exception  cpuport.o
    0x0800398e   0x0800398e   0x00000002   PAD
    0x08003990   0x08003990   0x00000080   Code   RO          689    .text.rt_hw_stack_init  cpuport.o
    0x08003a10   0x08003a10   0x00000022   Code   RO          395    .text.rt_interrupt_enter  irq.o
    0x08003a32   0x08003a32   0x00000002   PAD
    0x08003a34   0x08003a34   0x00000022   Code   RO          397    .text.rt_interrupt_leave  irq.o
    0x08003a56   0x08003a56   0x00000002   PAD
    0x08003a58   0x08003a58   0x00000010   Code   RO          557    .text.rt_list_init  scheduler.o
    0x08003a68   0x08003a68   0x00000010   Code   RO          631    .text.rt_list_init  thread.o
    0x08003a78   0x08003a78   0x00000010   Code   RO          666    .text.rt_list_init  timer.o
    0x08003a88   0x08003a88   0x00000026   Code   RO          315    .text.rt_list_insert_after  idle.o
    0x08003aae   0x08003aae   0x00000002   PAD
    0x08003ab0   0x08003ab0   0x00000026   Code   RO          531    .text.rt_list_insert_after  object.o
    0x08003ad6   0x08003ad6   0x00000002   PAD
    0x08003ad8   0x08003ad8   0x00000026   Code   RO          571    .text.rt_list_insert_after  scheduler.o
    0x08003afe   0x08003afe   0x00000002   PAD
    0x08003b00   0x08003b00   0x00000026   Code   RO          658    .text.rt_list_insert_after  timer.o
    0x08003b26   0x08003b26   0x00000002   PAD
    0x08003b28   0x08003b28   0x00000026   Code   RO          569    .text.rt_list_insert_before  scheduler.o
    0x08003b4e   0x08003b4e   0x00000002   PAD
    0x08003b50   0x08003b50   0x00000014   Code   RO          575    .text.rt_list_isempty  scheduler.o
    0x08003b64   0x08003b64   0x00000014   Code   RO          668    .text.rt_list_isempty  timer.o
    0x08003b78   0x08003b78   0x00000020   Code   RO          319    .text.rt_list_remove  idle.o
    0x08003b98   0x08003b98   0x00000020   Code   RO          535    .text.rt_list_remove  object.o
    0x08003bb8   0x08003bb8   0x00000020   Code   RO          573    .text.rt_list_remove  scheduler.o
    0x08003bd8   0x08003bd8   0x00000020   Code   RO          627    .text.rt_list_remove  thread.o
    0x08003bf8   0x08003bf8   0x00000020   Code   RO          670    .text.rt_list_remove  timer.o
    0x08003c18   0x08003c18   0x0000002a   Code   RO          445    .text.rt_malloc     kservice.o
    0x08003c42   0x08003c42   0x00000002   PAD
    0x08003c44   0x08003c44   0x000000b2   Code   RO          419    .text.rt_memset     kservice.o
    0x08003cf6   0x08003cf6   0x00000002   PAD
    0x08003cf8   0x08003cf8   0x00000074   Code   RO          537    .text.rt_object_allocate  object.o
    0x08003d6c   0x08003d6c   0x0000002a   Code   RO          539    .text.rt_object_delete  object.o
    0x08003d96   0x08003d96   0x00000002   PAD
    0x08003d98   0x08003d98   0x00000024   Code   RO          533    .text.rt_object_detach  object.o
    0x08003dbc   0x08003dbc   0x00000054   Code   RO          523    .text.rt_object_get_information  object.o
    0x08003e10   0x08003e10   0x00000080   Code   RO          529    .text.rt_object_init  object.o
    0x08003e90   0x08003e90   0x00000022   Code   RO          541    .text.rt_object_is_systemobject  object.o
    0x08003eb2   0x08003eb2   0x00000002   PAD
    0x08003eb4   0x08003eb4   0x0000018a   Code   RO          565    .text.rt_schedule   scheduler.o
    0x0800403e   0x0800403e   0x00000002   PAD
    0x08004040   0x08004040   0x000000a0   Code   RO          567    .text.rt_schedule_insert_thread  scheduler.o
    0x080040e0   0x080040e0   0x0000004c   Code   RO          563    .text.rt_schedule_remove_thread  scheduler.o
    0x0800412c   0x0800412c   0x00000002   Code   RO          447    .text.rt_show_version  kservice.o
    0x0800412e   0x0800412e   0x00000002   PAD
    0x08004130   0x08004130   0x000001c6   Code   RO          505    .text.rt_smem_alloc  mem.o
    0x080042f6   0x080042f6   0x00000002   PAD
    0x080042f8   0x080042f8   0x00000060   Code   RO          509    .text.rt_smem_free  mem.o
    0x08004358   0x08004358   0x000000ec   Code   RO          501    .text.rt_smem_init  mem.o
    0x08004444   0x08004444   0x0000002a   Code   RO          459    .text.rt_sprintf    kservice.o
    0x0800446e   0x0800446e   0x00000002   PAD
    0x08004470   0x08004470   0x0000005c   Code   RO          433    .text.rt_strncpy    kservice.o
    0x080044cc   0x080044cc   0x00000040   Code   RO          461    .text.rt_system_heap_init  kservice.o
    0x0800450c   0x0800450c   0x00000048   Code   RO          555    .text.rt_system_scheduler_init  scheduler.o
    0x08004554   0x08004554   0x00000032   Code   RO          559    .text.rt_system_scheduler_start  scheduler.o
    0x08004586   0x08004586   0x00000002   PAD
    0x08004588   0x08004588   0x00000030   Code   RO          676    .text.rt_system_timer_init  timer.o
    0x080045b8   0x080045b8   0x00000002   Code   RO          678    .text.rt_system_timer_thread_init  timer.o
    0x080045ba   0x080045ba   0x00000002   PAD
    0x080045bc   0x080045bc   0x0000007e   Code   RO          609    .text.rt_thread_create  thread.o
    0x0800463a   0x0800463a   0x00000002   PAD
    0x0800463c   0x0800463c   0x00000040   Code   RO          317    .text.rt_thread_defunct_dequeue  idle.o
    0x0800467c   0x0800467c   0x0000001c   Code   RO          313    .text.rt_thread_defunct_enqueue  idle.o
    0x08004698   0x08004698   0x0000000e   Code   RO          323    .text.rt_thread_idle_entry  idle.o
    0x080046a6   0x080046a6   0x00000002   PAD
    0x080046a8   0x080046a8   0x0000008c   Code   RO          321    .text.rt_thread_idle_init  idle.o
    0x08004734   0x08004734   0x00000058   Code   RO          597    .text.rt_thread_init  thread.o
    0x0800478c   0x0800478c   0x0000004c   Code   RO          605    .text.rt_thread_resume  thread.o
    0x080047d8   0x080047d8   0x0000000c   Code   RO          601    .text.rt_thread_self  thread.o
    0x080047e4   0x080047e4   0x00000034   Code   RO          603    .text.rt_thread_startup  thread.o
    0x08004818   0x08004818   0x0000000c   Code   RO          261    .text.rt_tick_get   clock.o
    0x08004824   0x08004824   0x0000005e   Code   RO          265    .text.rt_tick_increase  clock.o
    0x08004882   0x08004882   0x00000002   PAD
    0x08004884   0x08004884   0x000000d6   Code   RO          664    .text.rt_timer_check  timer.o
    0x0800495a   0x0800495a   0x00000002   PAD
    0x0800495c   0x0800495c   0x0000002e   Code   RO          648    .text.rt_timer_detach  timer.o
    0x0800498a   0x0800498a   0x00000002   PAD
    0x0800498c   0x0800498c   0x0000003e   Code   RO          644    .text.rt_timer_init  timer.o
    0x080049ca   0x080049ca   0x00000002   PAD
    0x080049cc   0x080049cc   0x0000015e   Code   RO          656    .text.rt_timer_start  timer.o
    0x08004b2a   0x08004b2a   0x00000002   PAD
    0x08004b2c   0x08004b2c   0x00000040   Code   RO          660    .text.rt_timer_stop  timer.o
    0x08004b6c   0x08004b6c   0x000005c8   Code   RO          449    .text.rt_vsnprintf  kservice.o
    0x08005134   0x08005134   0x0000001c   Code   RO          457    .text.rt_vsprintf   kservice.o
    0x08005150   0x08005150   0x00000004   Code   RO          283    .text.rti_board_end  components.o
    0x08005154   0x08005154   0x00000004   Code   RO          281    .text.rti_board_start  components.o
    0x08005158   0x08005158   0x00000004   Code   RO          285    .text.rti_end       components.o
    0x0800515c   0x0800515c   0x00000004   Code   RO          279    .text.rti_start     components.o
    0x08005160   0x08005160   0x0000002a   Code   RO          293    .text.rtthread_startup  components.o
    0x0800518a   0x0800518a   0x00000002   PAD
    0x0800518c   0x0800518c   0x00000038   Code   RO          451    .text.skip_atoi     kservice.o
    0x080051c4   0x080051c4   0x0000006c   Code   RO          167    .text.uart_dma_process_full_data  drv_uart.o
    0x08005230   0x08005230   0x000000d2   Code   RO          119    .text.uart_start_tx_from_ring_buffer  drv_uart.o
    0x08005302   0x08005302   0x0000000e   Code   RO         1899    i.__scatterload_copy  mc_w.l(handlers.o)
    0x08005310   0x08005310   0x00000002   Code   RO         1900    i.__scatterload_null  mc_w.l(handlers.o)
    0x08005312   0x08005312   0x0000000e   Code   RO         1901    i.__scatterload_zeroinit  mc_w.l(handlers.o)
    0x08005320   0x08005320   0x00000040   Data   RO         1298    .rodata..L__const.HAL_RCC_GetSysClockFreq.aPLLMULFactorTable  py32f403_hal_rcc.o
    0x08005360   0x08005360   0x00000010   Data   RO         1862    .rodata.AHBPrescTable  system_py32f403.o
    0x08005370   0x08005370   0x00000100   Data   RO          491    .rodata.__lowest_bit_bitmap  kservice.o
    0x08005470   0x08005470   0x00000500   Data   RO           88    .rodata.gpio_pins   drv_gpio.o
    0x08005970   0x08005970   0x00000011   Data   RO          493    .rodata.print_number.large_digits  kservice.o
    0x08005981   0x08005981   0x00000011   Data   RO          492    .rodata.print_number.small_digits  kservice.o
    0x08005992   0x08005992   0x00000166   Data   RO           85    .rodata.str1.1      drv_gpio.o
    0x08005af8   0x08005af8   0x00000005   Data   RO          303    .rodata.str1.1      components.o
    0x08005afd   0x08005afd   0x00000008   Data   RO          330    .rodata.str1.1      idle.o
    0x08005b05   0x08005b05   0x0000005c   Data   RO          489    .rodata.str1.1      kservice.o
    0x08005b61   0x08005b61   0x00000006   Data   RO          513    .rodata.str1.1      mem.o
    0x08005b67   0x08005b67   0x00000001   PAD
    0x08005b68   0x08005b68   0x00000004   Data   RO          299    .rti_fn.0           components.o
    0x08005b6c   0x08005b6c   0x00000004   Data   RO          300    .rti_fn.0.end       components.o
    0x08005b70   0x08005b70   0x00000004   Data   RO          301    .rti_fn.1.end       components.o
    0x08005b74   0x08005b74   0x00000004   Data   RO          302    .rti_fn.6.end       components.o
    0x08005b78   0x08005b78   0x00000020   Data   RO         1898    Region$$Table       anon$$obj.o


    Execution Region RW_IRAM1 (Exec base: 0x20000000, Load base: 0x08005b98, Size: 0x00005e10, Max: 0x00010000, ABSOLUTE)

    Exec Addr    Load Addr    Size         Type   Attr      Idx    E Section Name        Object

    0x20000000   0x08005b98   0x00000004   Data   RW         1861    .data.SystemCoreClock  system_py32f403.o
    0x20000004   0x08005b9c   0x00000050   Data   RW          547    .data._object_container  object.o
    0x20000054   0x08005bec   0x00000008   Data   RW          329    .data._rt_thread_defunct  idle.o
    0x2000005c   0x08005bf4   0x00000001   Data   RW          791    .data.uwTickFreq    py32f403_hal.o
    0x2000005d   0x08005bf5   0x00000003   PAD
    0x20000060   0x08005bf8   0x00000004   Data   RW          790    .data.uwTickPrio    py32f403_hal.o
    0x20000064   0x08005bfc   0x00000004   PAD
    0x20000068        -       0x00000008   Zero   RW          681    .bss._timer_list    timer.o
    0x20000070        -       0x00000100   Zero   RW           86    .bss.gpio_irq_handlers  drv_gpio.o
    0x20000170        -       0x00000078   Zero   RW          331    .bss.idle           idle.o
    0x200001e8        -       0x00000001   Zero   RW          587    .bss.rt_current_priority  scheduler.o
    0x200001e9   0x08005bfc   0x00000003   PAD
    0x200001ec        -       0x00000004   Zero   RW          583    .bss.rt_current_thread  scheduler.o
    0x200001f0        -       0x00000004   Zero   RW          699    .bss.rt_exception_hook  cpuport.o
    0x200001f4        -       0x00003c00   Zero   RW          253    .bss.rt_heap        board.o
    0x20003df4        -       0x00000004   Zero   RW          700    .bss.rt_interrupt_from_thread  cpuport.o
    0x20003df8        -       0x00000001   Zero   RW          401    .bss.rt_interrupt_nest  irq.o
    0x20003df9   0x08005bfc   0x00000003   PAD
    0x20003dfc        -       0x00000004   Zero   RW          701    .bss.rt_interrupt_to_thread  cpuport.o
    0x20003e00        -       0x00000002   Zero   RW          584    .bss.rt_scheduler_lock_nest  scheduler.o
    0x20003e02   0x08005bfc   0x00000002   PAD
    0x20003e04        -       0x00000100   Zero   RW          585    .bss.rt_thread_priority_table  scheduler.o
    0x20003f04        -       0x00000004   Zero   RW          586    .bss.rt_thread_ready_priority_group  scheduler.o
    0x20003f08        -       0x00000100   Zero   RW          332    .bss.rt_thread_stack  idle.o
    0x20004008        -       0x00000004   Zero   RW          702    .bss.rt_thread_switch_interrupt_flag  cpuport.o
    0x2000400c        -       0x00000004   Zero   RW          271    .bss.rt_tick        clock.o
    0x20004010        -       0x00000004   Zero   RW          680    .bss.rt_timer_start.random_nr  timer.o
    0x20004014        -       0x00000004   Zero   RW          490    .bss.system_heap    kservice.o
    0x20004018        -       0x000019f0   Zero   RW          181    .bss.uart_devices   drv_uart.o
    0x20005a08        -       0x00000004   Zero   RW          792    .bss.uwTick         py32f403_hal.o
    0x20005a0c   0x08005bfc   0x00000004   PAD
    0x20005a10        -       0x00000400   Zero   RW         1849    STACK               startup_py32f403xx.o


==============================================================================

Image component sizes


      Code (inc. data)   RO Data    RW Data    ZI Data      Debug   Object Name

       376          0          0          0      15360       5141   board.o
       106          0          0          0          4       2548   clock.o
       242          0         21          0          0       3110   components.o
       316         28          0          0          0        908   context_rvds.o
       222          0          0          0         16       2542   cpuport.o
      1210          6       1638          0        256       9357   drv_gpio.o
       598          0          0          0          0       3612   drv_tool.o
       916          0          0          0       6640      17775   drv_uart.o
       408          0          8          8        376       3460   idle.o
        68          0          0          0          1       1096   irq.o
      2868        168        382          0          4      12839   kservice.o
        70          0          0          0          0        751   main.o
       976          0          6          0          0       4893   mem.o
       510          0          0         80          0       4765   object.o
       238          0          0          5          4       8126   py32f403_hal.o
       416          0          0          0          0       7952   py32f403_hal_cortex.o
      2742          0          0          0          0       8403   py32f403_hal_dma.o
       936          0          0          0          0       5046   py32f403_hal_gpio.o
       126          0          0          0          0       4273   py32f403_hal_msp.o
      2894          0         64          0          0       7987   py32f403_hal_rcc.o
      1520          0          0          0          0      16008   py32f403_hal_uart.o
        22          0          0          0          0       2579   py32f403_it.o
      1070          0          0          0        267       4933   scheduler.o
        36          8        304          0       1024        868   startup_py32f403xx.o
        16          0         16          4          0       2349   system_py32f403.o
       698          0          0          0          0       6719   thread.o
      1044          0          0          0         12       5950   timer.o

    ----------------------------------------------------------------------
     20806        210       2472        100      23980     153990   Object Totals
         0          0         32          0          0          0   (incl. Generated)
       162          0          1          3         16          0   (incl. Padding)

    ----------------------------------------------------------------------

      Code (inc. data)   RO Data    RW Data    ZI Data      Debug   Library Member Name

         0          0          0          0          0          0   entry.o
         0          0          0          0          0          0   entry10a.o
         0          0          0          0          0          0   entry11a.o
         8          4          0          0          0          0   entry2.o
         4          0          0          0          0          0   entry5.o
         0          0          0          0          0          0   entry7b.o
         0          0          0          0          0          0   entry8b.o
         8          4          0          0          0          0   entry9a.o
        30          0          0          0          0          0   handlers.o
        48         10          0          0          0         68   init.o
        36          0          0          0          0         68   memcpya.o
        36          0          0          0          0        108   memseta.o

    ----------------------------------------------------------------------
       170         18          0          0          0        244   Library Totals
         0          0          0          0          0          0   (incl. Padding)

    ----------------------------------------------------------------------

      Code (inc. data)   RO Data    RW Data    ZI Data      Debug   Library Name

       170         18          0          0          0        244   mc_w.l

    ----------------------------------------------------------------------
       170         18          0          0          0        244   Library Totals

    ----------------------------------------------------------------------

==============================================================================


      Code (inc. data)   RO Data    RW Data    ZI Data      Debug   

     20976        228       2472        100      23980     153806   Grand Totals
     20976        228       2472        100      23980     153806   ELF Image Totals
     20976        228       2472        100          0          0   ROM Totals

==============================================================================

    Total RO  Size (Code + RO Data)                23448 (  22.90kB)
    Total RW  Size (RW Data + ZI Data)             24080 (  23.52kB)
    Total ROM Size (Code + RO Data + RW Data)      23548 (  23.00kB)

==============================================================================

